Archive member included to satisfy reference by file (symbol)

/usr/lib/gcc/arm-none-eabi/10.1.0/../../../../arm-none-eabi/lib/thumb/v7e-m+fp/hard/libc.a(lib_a-atexit.o)
                              /usr/lib/gcc/arm-none-eabi/10.1.0/../../../../arm-none-eabi/lib/thumb/v7e-m+fp/hard/crt0.o (atexit)
/usr/lib/gcc/arm-none-eabi/10.1.0/../../../../arm-none-eabi/lib/thumb/v7e-m+fp/hard/libc.a(lib_a-exit.o)
                              /usr/lib/gcc/arm-none-eabi/10.1.0/../../../../arm-none-eabi/lib/thumb/v7e-m+fp/hard/crt0.o (exit)
/usr/lib/gcc/arm-none-eabi/10.1.0/../../../../arm-none-eabi/lib/thumb/v7e-m+fp/hard/libc.a(lib_a-fini.o)
                              /usr/lib/gcc/arm-none-eabi/10.1.0/../../../../arm-none-eabi/lib/thumb/v7e-m+fp/hard/crt0.o (__libc_fini_array)
/usr/lib/gcc/arm-none-eabi/10.1.0/../../../../arm-none-eabi/lib/thumb/v7e-m+fp/hard/libc.a(lib_a-impure.o)
                              /usr/lib/gcc/arm-none-eabi/10.1.0/../../../../arm-none-eabi/lib/thumb/v7e-m+fp/hard/libc.a(lib_a-exit.o) (_global_impure_ptr)
/usr/lib/gcc/arm-none-eabi/10.1.0/../../../../arm-none-eabi/lib/thumb/v7e-m+fp/hard/libc.a(lib_a-init.o)
                              /usr/lib/gcc/arm-none-eabi/10.1.0/../../../../arm-none-eabi/lib/thumb/v7e-m+fp/hard/crt0.o (__libc_init_array)
/usr/lib/gcc/arm-none-eabi/10.1.0/../../../../arm-none-eabi/lib/thumb/v7e-m+fp/hard/libc.a(lib_a-memset.o)
                              /usr/lib/gcc/arm-none-eabi/10.1.0/../../../../arm-none-eabi/lib/thumb/v7e-m+fp/hard/crt0.o (memset)
/usr/lib/gcc/arm-none-eabi/10.1.0/../../../../arm-none-eabi/lib/thumb/v7e-m+fp/hard/libc.a(lib_a-sprintf.o)
                              build/main.o (sprintf)
/usr/lib/gcc/arm-none-eabi/10.1.0/../../../../arm-none-eabi/lib/thumb/v7e-m+fp/hard/libc.a(lib_a-strlen.o)
                              build/main.o (strlen)
/usr/lib/gcc/arm-none-eabi/10.1.0/../../../../arm-none-eabi/lib/thumb/v7e-m+fp/hard/libc.a(lib_a-svfprintf.o)
                              /usr/lib/gcc/arm-none-eabi/10.1.0/../../../../arm-none-eabi/lib/thumb/v7e-m+fp/hard/libc.a(lib_a-sprintf.o) (_svfprintf_r)
/usr/lib/gcc/arm-none-eabi/10.1.0/../../../../arm-none-eabi/lib/thumb/v7e-m+fp/hard/libc.a(lib_a-__atexit.o)
                              /usr/lib/gcc/arm-none-eabi/10.1.0/../../../../arm-none-eabi/lib/thumb/v7e-m+fp/hard/libc.a(lib_a-atexit.o) (__register_exitproc)
/usr/lib/gcc/arm-none-eabi/10.1.0/../../../../arm-none-eabi/lib/thumb/v7e-m+fp/hard/libc.a(lib_a-__call_atexit.o)
                              /usr/lib/gcc/arm-none-eabi/10.1.0/../../../../arm-none-eabi/lib/thumb/v7e-m+fp/hard/libc.a(lib_a-exit.o) (__call_exitprocs)
/usr/lib/gcc/arm-none-eabi/10.1.0/../../../../arm-none-eabi/lib/thumb/v7e-m+fp/hard/libc.a(lib_a-dtoa.o)
                              /usr/lib/gcc/arm-none-eabi/10.1.0/../../../../arm-none-eabi/lib/thumb/v7e-m+fp/hard/libc.a(lib_a-svfprintf.o) (_dtoa_r)
/usr/lib/gcc/arm-none-eabi/10.1.0/../../../../arm-none-eabi/lib/thumb/v7e-m+fp/hard/libc.a(lib_a-freer.o)
                              /usr/lib/gcc/arm-none-eabi/10.1.0/../../../../arm-none-eabi/lib/thumb/v7e-m+fp/hard/libc.a(lib_a-svfprintf.o) (_free_r)
/usr/lib/gcc/arm-none-eabi/10.1.0/../../../../arm-none-eabi/lib/thumb/v7e-m+fp/hard/libc.a(lib_a-localeconv.o)
                              /usr/lib/gcc/arm-none-eabi/10.1.0/../../../../arm-none-eabi/lib/thumb/v7e-m+fp/hard/libc.a(lib_a-svfprintf.o) (_localeconv_r)
/usr/lib/gcc/arm-none-eabi/10.1.0/../../../../arm-none-eabi/lib/thumb/v7e-m+fp/hard/libc.a(lib_a-locale.o)
                              /usr/lib/gcc/arm-none-eabi/10.1.0/../../../../arm-none-eabi/lib/thumb/v7e-m+fp/hard/libc.a(lib_a-localeconv.o) (__global_locale)
/usr/lib/gcc/arm-none-eabi/10.1.0/../../../../arm-none-eabi/lib/thumb/v7e-m+fp/hard/libc.a(lib_a-lock.o)
                              /usr/lib/gcc/arm-none-eabi/10.1.0/../../../../arm-none-eabi/lib/thumb/v7e-m+fp/hard/libc.a(lib_a-__atexit.o) (__retarget_lock_acquire_recursive)
/usr/lib/gcc/arm-none-eabi/10.1.0/../../../../arm-none-eabi/lib/thumb/v7e-m+fp/hard/libc.a(lib_a-mallocr.o)
                              /usr/lib/gcc/arm-none-eabi/10.1.0/../../../../arm-none-eabi/lib/thumb/v7e-m+fp/hard/libc.a(lib_a-svfprintf.o) (_malloc_r)
/usr/lib/gcc/arm-none-eabi/10.1.0/../../../../arm-none-eabi/lib/thumb/v7e-m+fp/hard/libc.a(lib_a-mbtowc_r.o)
                              /usr/lib/gcc/arm-none-eabi/10.1.0/../../../../arm-none-eabi/lib/thumb/v7e-m+fp/hard/libc.a(lib_a-locale.o) (__ascii_mbtowc)
/usr/lib/gcc/arm-none-eabi/10.1.0/../../../../arm-none-eabi/lib/thumb/v7e-m+fp/hard/libc.a(lib_a-memchr.o)
                              /usr/lib/gcc/arm-none-eabi/10.1.0/../../../../arm-none-eabi/lib/thumb/v7e-m+fp/hard/libc.a(lib_a-svfprintf.o) (memchr)
/usr/lib/gcc/arm-none-eabi/10.1.0/../../../../arm-none-eabi/lib/thumb/v7e-m+fp/hard/libc.a(lib_a-memcpy.o)
                              /usr/lib/gcc/arm-none-eabi/10.1.0/../../../../arm-none-eabi/lib/thumb/v7e-m+fp/hard/libc.a(lib_a-dtoa.o) (memcpy)
[...]
Memory Configuration

Name             Origin             Length             Attributes
RAM              0x0000000020000000 0x0000000000018000 xrw
RAM2             0x0000000010000000 0x0000000000008000 xrw
FLASH            0x0000000008000000 0x0000000000100000 xr
*default*        0x0000000000000000 0xffffffffffffffff

Linker script and memory map

LOAD /usr/lib/gcc/arm-none-eabi/10.1.0/thumb/v7e-m+fp/hard/crti.o
LOAD /usr/lib/gcc/arm-none-eabi/10.1.0/thumb/v7e-m+fp/hard/crtbegin.o
LOAD /usr/lib/gcc/arm-none-eabi/10.1.0/../../../../arm-none-eabi/lib/thumb/v7e-m+fp/hard/crt0.o
LOAD build/stm32l4xx_hal.o
LOAD build/stm32l4xx_hal_cortex.o
LOAD build/stm32l4xx_hal_dma.o
LOAD build/stm32l4xx_hal_dma_ex.o
LOAD build/stm32l4xx_hal_exti.o
LOAD build/stm32l4xx_hal_flash.o
LOAD build/stm32l4xx_hal_flash_ex.o
LOAD build/stm32l4xx_hal_flash_ramfunc.o
LOAD build/stm32l4xx_hal_gpio.o
LOAD build/stm32l4xx_hal_i2c.o
LOAD build/stm32l4xx_hal_i2c_ex.o
LOAD build/stm32l4xx_hal_pwr.o
LOAD build/stm32l4xx_hal_pwr_ex.o
LOAD build/stm32l4xx_hal_rcc.o
LOAD build/stm32l4xx_hal_rcc_ex.o
LOAD build/stm32l4xx_hal_tim.o
LOAD build/stm32l4xx_hal_tim_ex.o
LOAD build/stm32l4xx_hal_uart.o
LOAD build/stm32l4xx_hal_uart_ex.o
LOAD build/main.o
LOAD build/stm32l4xx_hal_msp.o
LOAD build/stm32l4xx_it.o
LOAD build/system_stm32l4xx.o
LOAD build/startup_stm32l476xx.o
LOAD /usr/lib/gcc/arm-none-eabi/10.1.0/../../../../arm-none-eabi/lib/thumb/v7e-m+fp/hard/libc.a
LOAD /usr/lib/gcc/arm-none-eabi/10.1.0/../../../../arm-none-eabi/lib/thumb/v7e-m+fp/hard/libm.a
LOAD /usr/lib/gcc/arm-none-eabi/10.1.0/../../../../arm-none-eabi/lib/thumb/v7e-m+fp/hard/libnosys.a
START GROUP
LOAD /usr/lib/gcc/arm-none-eabi/10.1.0/thumb/v7e-m+fp/hard/libgcc.a
LOAD /usr/lib/gcc/arm-none-eabi/10.1.0/../../../../arm-none-eabi/lib/thumb/v7e-m+fp/hard/libc.a
END GROUP
START GROUP
LOAD /usr/lib/gcc/arm-none-eabi/10.1.0/thumb/v7e-m+fp/hard/libgcc.a
LOAD /usr/lib/gcc/arm-none-eabi/10.1.0/../../../../arm-none-eabi/lib/thumb/v7e-m+fp/hard/libc.a
LOAD /usr/lib/gcc/arm-none-eabi/10.1.0/../../../../arm-none-eabi/lib/thumb/v7e-m+fp/hard/libnosys.a
END GROUP
LOAD /usr/lib/gcc/arm-none-eabi/10.1.0/thumb/v7e-m+fp/hard/crtend.o
LOAD /usr/lib/gcc/arm-none-eabi/10.1.0/thumb/v7e-m+fp/hard/crtn.o
                0x0000000020018000                _estack = 0x20018000
                0x0000000000000200                _Min_Heap_Size = 0x200
                0x0000000000000400                _Min_Stack_Size = 0x400

.isr_vector     0x0000000008000000      0x188
                0x0000000008000000                . = ALIGN (0x8)
 *(.isr_vector)
 .isr_vector    0x0000000008000000      0x188 build/startup_stm32l476xx.o
                0x0000000008000000                g_pfnVectors
                0x0000000008000188                . = ALIGN (0x8)

.text           0x00000000080001c0     0x8d28
                0x00000000080001c0                . = ALIGN (0x8)
 *(.text)
 .text          0x00000000080001c0       0xdc /usr/lib/gcc/arm-none-eabi/10.1.0/../../../../arm-none-eabi/lib/thumb/v7e-m+fp/hard/libc.a(lib_a-strlen.o)
                0x00000000080001c0                strlen
 *fill*         0x000000000800029c        0x4 
 .text          0x00000000080002a0       0xa0 /usr/lib/gcc/arm-none-eabi/10.1.0/../../../../arm-none-eabi/lib/thumb/v7e-m+fp/hard/libc.a(lib_a-memchr.o)
                0x00000000080002a0                memchr
 .text          0x0000000008000340      0x134 /usr/lib/gcc/arm-none-eabi/10.1.0/../../../../arm-none-eabi/lib/thumb/v7e-m+fp/hard/libc.a(lib_a-memcpy.o)
                0x0000000008000340                memcpy
 .text          0x0000000008000474      0x378 /usr/lib/gcc/arm-none-eabi/10.1.0/thumb/v7e-m+fp/hard/libgcc.a(_arm_addsubdf3.o)
                0x0000000008000474                __aeabi_drsub
                0x000000000800047c                __aeabi_dsub
                0x000000000800047c                __subdf3
                0x0000000008000480                __adddf3
                0x0000000008000480                __aeabi_dadd
                0x00000000080006f8                __aeabi_ui2d
                0x00000000080006f8                __floatunsidf
                0x0000000008000718                __floatsidf
                0x0000000008000718                __aeabi_i2d
                0x000000000800073c                __extendsfdf2
                0x000000000800073c                __aeabi_f2d
                0x0000000008000780                __aeabi_ul2d
                0x0000000008000780                __floatundidf
                0x0000000008000790                __floatdidf
                0x0000000008000790                __aeabi_l2d
 .text          0x00000000080007ec      0x424 /usr/lib/gcc/arm-none-eabi/10.1.0/thumb/v7e-m+fp/hard/libgcc.a(_arm_muldivdf3.o)
                0x00000000080007ec                __aeabi_dmul
                0x00000000080007ec                __muldf3
                0x0000000008000a40                __aeabi_ddiv
                0x0000000008000a40                __divdf3
 .text          0x0000000008000c10      0x110 /usr/lib/gcc/arm-none-eabi/10.1.0/thumb/v7e-m+fp/hard/libgcc.a(_arm_cmpdf2.o)
                0x0000000008000c10                __gtdf2
                0x0000000008000c10                __gedf2
                0x0000000008000c18                __ltdf2
                0x0000000008000c18                __ledf2
                0x0000000008000c20                __cmpdf2
                0x0000000008000c20                __eqdf2
                0x0000000008000c20                __nedf2
                0x0000000008000c9c                __aeabi_cdrcmple
                0x0000000008000cac                __aeabi_cdcmple
                0x0000000008000cac                __aeabi_cdcmpeq
                0x0000000008000cbc                __aeabi_dcmpeq
                0x0000000008000cd0                __aeabi_dcmplt
                0x0000000008000ce4                __aeabi_dcmple
                0x0000000008000cf8                __aeabi_dcmpge
                0x0000000008000d0c                __aeabi_dcmpgt
 .text          0x0000000008000d20       0x2c /usr/lib/gcc/arm-none-eabi/10.1.0/thumb/v7e-m+fp/hard/libgcc.a(_arm_unorddf2.o)
                0x0000000008000d20                __aeabi_dcmpun
                0x0000000008000d20                __unorddf2
 .text          0x0000000008000d4c       0x50 /usr/lib/gcc/arm-none-eabi/10.1.0/thumb/v7e-m+fp/hard/libgcc.a(_arm_fixdfsi.o)
                0x0000000008000d4c                __fixdfsi
                0x0000000008000d4c                __aeabi_d2iz
 .text          0x0000000008000d9c       0x30 /usr/lib/gcc/arm-none-eabi/10.1.0/thumb/v7e-m+fp/hard/libgcc.a(_aeabi_uldivmod.o)
                0x0000000008000d9c                __aeabi_uldivmod
 .text          0x0000000008000dcc        0x4 /usr/lib/gcc/arm-none-eabi/10.1.0/thumb/v7e-m+fp/hard/libgcc.a(_dvmd_tls.o)
                0x0000000008000dcc                __aeabi_ldiv0
                0x0000000008000dcc                __aeabi_idiv0
 *(.text*)
 .text.__do_global_dtors_aux
                0x0000000008000dd0       0x24 /usr/lib/gcc/arm-none-eabi/10.1.0/thumb/v7e-m+fp/hard/crtbegin.o
 .text.frame_dummy
                0x0000000008000df4       0x1c /usr/lib/gcc/arm-none-eabi/10.1.0/thumb/v7e-m+fp/hard/crtbegin.o
 .text.HAL_InitTick
                0x0000000008000e10       0x50 build/stm32l4xx_hal.o
                0x0000000008000e10                HAL_InitTick
 .text.HAL_Init
                0x0000000008000e60       0x1e build/stm32l4xx_hal.o
                0x0000000008000e60                HAL_Init
 *fill*         0x0000000008000e7e        0x2 
 .text.HAL_IncTick
                0x0000000008000e80       0x18 build/stm32l4xx_hal.o
                0x0000000008000e80                HAL_IncTick
 .text.HAL_GetTick
                0x0000000008000e98        0xc build/stm32l4xx_hal.o
                0x0000000008000e98                HAL_GetTick
 .text.HAL_NVIC_SetPriorityGrouping
                0x0000000008000ea4       0x24 build/stm32l4xx_hal_cortex.o
                0x0000000008000ea4                HAL_NVIC_SetPriorityGrouping
 .text.HAL_NVIC_SetPriority
                0x0000000008000ec8       0x70 build/stm32l4xx_hal_cortex.o
                0x0000000008000ec8                HAL_NVIC_SetPriority
 .text.HAL_SYSTICK_Config
                0x0000000008000f38       0x28 build/stm32l4xx_hal_cortex.o
                0x0000000008000f38                HAL_SYSTICK_Config
 .text.HAL_FLASH_Unlock
                0x0000000008000f60       0x30 build/stm32l4xx_hal_flash.o
                0x0000000008000f60                HAL_FLASH_Unlock
 .text.HAL_FLASH_Lock
                0x0000000008000f90       0x14 build/stm32l4xx_hal_flash.o
                0x0000000008000f90                HAL_FLASH_Lock
 .text.FLASH_WaitForLastOperation
                0x0000000008000fa4       0x64 build/stm32l4xx_hal_flash.o
                0x0000000008000fa4                FLASH_WaitForLastOperation
 .text.FLASH_PageErase
                0x0000000008001008       0x44 build/stm32l4xx_hal_flash_ex.o
                0x0000000008001008                FLASH_PageErase
 .text.HAL_GPIO_Init
                0x000000000800104c      0x1dc build/stm32l4xx_hal_gpio.o
                0x000000000800104c                HAL_GPIO_Init
 .text.HAL_PWREx_GetVoltageRange
                0x0000000008001228       0x10 build/stm32l4xx_hal_pwr_ex.o
                0x0000000008001228                HAL_PWREx_GetVoltageRange
 .text.HAL_PWREx_ControlVoltageScaling
                0x0000000008001238       0x90 build/stm32l4xx_hal_pwr_ex.o
                0x0000000008001238                HAL_PWREx_ControlVoltageScaling
 .text.RCC_SetFlashLatencyFromMSIRange
                0x00000000080012c8       0x90 build/stm32l4xx_hal_rcc.o
 .text.HAL_RCC_GetSysClockFreq
                0x0000000008001358       0xb4 build/stm32l4xx_hal_rcc.o
                0x0000000008001358                HAL_RCC_GetSysClockFreq
 .text.HAL_RCC_OscConfig
                0x000000000800140c      0x62c build/stm32l4xx_hal_rcc.o
                0x000000000800140c                HAL_RCC_OscConfig
 .text.HAL_RCC_ClockConfig
                0x0000000008001a38      0x15c build/stm32l4xx_hal_rcc.o
                0x0000000008001a38                HAL_RCC_ClockConfig
 .text.HAL_RCC_GetHCLKFreq
                0x0000000008001b94        0xc build/stm32l4xx_hal_rcc.o
                0x0000000008001b94                HAL_RCC_GetHCLKFreq
 .text.HAL_RCC_GetPCLK1Freq
                0x0000000008001ba0       0x24 build/stm32l4xx_hal_rcc.o
                0x0000000008001ba0                HAL_RCC_GetPCLK1Freq
 .text.HAL_RCC_GetPCLK2Freq
                0x0000000008001bc4       0x24 build/stm32l4xx_hal_rcc.o
                0x0000000008001bc4                HAL_RCC_GetPCLK2Freq
 .text.RCCEx_PLLSAI1_Config
                0x0000000008001be8      0x170 build/stm32l4xx_hal_rcc_ex.o
 .text.RCCEx_PLLSAI2_Config
                0x0000000008001d58      0x14c build/stm32l4xx_hal_rcc_ex.o
 .text.HAL_RCCEx_PeriphCLKConfig
                0x0000000008001ea4      0x454 build/stm32l4xx_hal_rcc_ex.o
                0x0000000008001ea4                HAL_RCCEx_PeriphCLKConfig
 .text.UART_SetConfig
                0x00000000080022f8      0x408 build/stm32l4xx_hal_uart.o
                0x00000000080022f8                UART_SetConfig
 .text.UART_AdvFeatureConfig
                0x0000000008002700       0xca build/stm32l4xx_hal_uart.o
                0x0000000008002700                UART_AdvFeatureConfig
 .text.UART_WaitOnFlagUntilTimeout
                0x00000000080027ca       0xa6 build/stm32l4xx_hal_uart.o
                0x00000000080027ca                UART_WaitOnFlagUntilTimeout
 .text.HAL_UART_Transmit
                0x0000000008002870       0xd6 build/stm32l4xx_hal_uart.o
                0x0000000008002870                HAL_UART_Transmit
 .text.UART_CheckIdleState
                0x0000000008002946       0x6c build/stm32l4xx_hal_uart.o
                0x0000000008002946                UART_CheckIdleState
 .text.HAL_UART_Init
                0x00000000080029b2       0x62 build/stm32l4xx_hal_uart.o
                0x00000000080029b2                HAL_UART_Init
 .text.MX_GPIO_Init
                0x0000000008002a14       0x20 build/main.o
 .text.FLASH_Program_DoubleWord
                0x0000000008002a34       0x20 build/main.o
 .text.MX_USART2_UART_Init
                0x0000000008002a54       0x30 build/main.o
 .text.SystemClock_Config
                0x0000000008002a84       0x62 build/main.o
                0x0000000008002a84                SystemClock_Config
 *fill*         0x0000000008002ae6        0x2 
 .text.main     0x0000000008002ae8       0xbc build/main.o
                0x0000000008002ae8                main
 .text.HAL_MspInit
                0x0000000008002ba4       0x30 build/stm32l4xx_hal_msp.o
                0x0000000008002ba4                HAL_MspInit
 .text.HAL_UART_MspInit
                0x0000000008002bd4       0x68 build/stm32l4xx_hal_msp.o
                0x0000000008002bd4                HAL_UART_MspInit
 .text.NMI_Handler
                0x0000000008002c3c        0x2 build/stm32l4xx_it.o
                0x0000000008002c3c                NMI_Handler
 .text.HardFault_Handler
                0x0000000008002c3e        0x2 build/stm32l4xx_it.o
                0x0000000008002c3e                HardFault_Handler
 .text.MemManage_Handler
                0x0000000008002c40        0x2 build/stm32l4xx_it.o
                0x0000000008002c40                MemManage_Handler
 .text.BusFault_Handler
                0x0000000008002c42        0x2 build/stm32l4xx_it.o
                0x0000000008002c42                BusFault_Handler
 .text.UsageFault_Handler
                0x0000000008002c44        0x2 build/stm32l4xx_it.o
                0x0000000008002c44                UsageFault_Handler
 .text.SVC_Handler
                0x0000000008002c46        0x2 build/stm32l4xx_it.o
                0x0000000008002c46                SVC_Handler
 .text.DebugMon_Handler
                0x0000000008002c48        0x2 build/stm32l4xx_it.o
                0x0000000008002c48                DebugMon_Handler
 .text.PendSV_Handler
                0x0000000008002c4a        0x2 build/stm32l4xx_it.o
                0x0000000008002c4a                PendSV_Handler
 .text.SysTick_Handler
                0x0000000008002c4c        0x8 build/stm32l4xx_it.o
                0x0000000008002c4c                SysTick_Handler
 .text.SystemInit
                0x0000000008002c54       0x48 build/system_stm32l4xx.o
                0x0000000008002c54                SystemInit
 .text.Reset_Handler
                0x0000000008002c9c       0x50 build/startup_stm32l476xx.o
                0x0000000008002c9c                Reset_Handler
 .text.Default_Handler
                0x0000000008002cec        0x2 build/startup_stm32l476xx.o
                0x0000000008002cec                RTC_Alarm_IRQHandler
                0x0000000008002cec                EXTI2_IRQHandler
                0x0000000008002cec                TIM8_TRG_COM_IRQHandler
                0x0000000008002cec                TIM8_CC_IRQHandler
                0x0000000008002cec                TIM1_CC_IRQHandler
                0x0000000008002cec                TSC_IRQHandler
                0x0000000008002cec                TAMP_STAMP_IRQHandler
                0x0000000008002cec                EXTI3_IRQHandler
                0x0000000008002cec                LPTIM2_IRQHandler
                0x0000000008002cec                DFSDM1_FLT1_IRQHandler
                0x0000000008002cec                I2C3_ER_IRQHandler
                0x0000000008002cec                DFSDM1_FLT2_IRQHandler
                0x0000000008002cec                EXTI0_IRQHandler
                0x0000000008002cec                I2C2_EV_IRQHandler
                0x0000000008002cec                CAN1_RX0_IRQHandler
                0x0000000008002cec                FPU_IRQHandler
                0x0000000008002cec                TIM1_UP_TIM16_IRQHandler
                0x0000000008002cec                ADC1_2_IRQHandler
                0x0000000008002cec                SPI1_IRQHandler
                0x0000000008002cec                TIM6_DAC_IRQHandler
                0x0000000008002cec                TIM8_UP_IRQHandler
                0x0000000008002cec                DMA2_Channel2_IRQHandler
                0x0000000008002cec                DMA1_Channel4_IRQHandler
                0x0000000008002cec                SAI2_IRQHandler
                0x0000000008002cec                DFSDM1_FLT3_IRQHandler
                0x0000000008002cec                USART3_IRQHandler
                0x0000000008002cec                DMA1_Channel7_IRQHandler
                0x0000000008002cec                CAN1_RX1_IRQHandler
                0x0000000008002cec                LCD_IRQHandler
                0x0000000008002cec                UART5_IRQHandler
                0x0000000008002cec                ADC3_IRQHandler
                0x0000000008002cec                TIM4_IRQHandler
                0x0000000008002cec                DMA2_Channel1_IRQHandler
                0x0000000008002cec                QUADSPI_IRQHandler
                0x0000000008002cec                I2C1_EV_IRQHandler
                0x0000000008002cec                DMA1_Channel6_IRQHandler
                0x0000000008002cec                UART4_IRQHandler
                0x0000000008002cec                DMA2_Channel4_IRQHandler
                0x0000000008002cec                TIM3_IRQHandler
                0x0000000008002cec                RCC_IRQHandler
                0x0000000008002cec                DMA1_Channel1_IRQHandler
                0x0000000008002cec                Default_Handler
                0x0000000008002cec                DMA2_Channel7_IRQHandler
                0x0000000008002cec                EXTI15_10_IRQHandler
                0x0000000008002cec                TIM7_IRQHandler
                0x0000000008002cec                SDMMC1_IRQHandler
                0x0000000008002cec                TIM5_IRQHandler
                0x0000000008002cec                I2C3_EV_IRQHandler
                0x0000000008002cec                EXTI9_5_IRQHandler
                0x0000000008002cec                RTC_WKUP_IRQHandler
                0x0000000008002cec                PVD_PVM_IRQHandler
                0x0000000008002cec                SPI2_IRQHandler
                0x0000000008002cec                CAN1_TX_IRQHandler
                0x0000000008002cec                DMA2_Channel5_IRQHandler
                0x0000000008002cec                DMA1_Channel5_IRQHandler
                0x0000000008002cec                EXTI4_IRQHandler
                0x0000000008002cec                RNG_IRQHandler
                0x0000000008002cec                TIM1_TRG_COM_TIM17_IRQHandler
                0x0000000008002cec                DMA1_Channel3_IRQHandler
                0x0000000008002cec                COMP_IRQHandler
                0x0000000008002cec                WWDG_IRQHandler
                0x0000000008002cec                LPUART1_IRQHandler
                0x0000000008002cec                DMA2_Channel6_IRQHandler
                0x0000000008002cec                TIM2_IRQHandler
                0x0000000008002cec                EXTI1_IRQHandler
                0x0000000008002cec                USART2_IRQHandler
                0x0000000008002cec                DFSDM1_FLT0_IRQHandler
                0x0000000008002cec                I2C2_ER_IRQHandler
                0x0000000008002cec                DMA1_Channel2_IRQHandler
                0x0000000008002cec                TIM8_BRK_IRQHandler
                0x0000000008002cec                CAN1_SCE_IRQHandler
                0x0000000008002cec                FLASH_IRQHandler
                0x0000000008002cec                USART1_IRQHandler
                0x0000000008002cec                OTG_FS_IRQHandler
                0x0000000008002cec                SPI3_IRQHandler
                0x0000000008002cec                I2C1_ER_IRQHandler
                0x0000000008002cec                FMC_IRQHandler
                0x0000000008002cec                SWPMI1_IRQHandler
                0x0000000008002cec                LPTIM1_IRQHandler
                0x0000000008002cec                SAI1_IRQHandler
                0x0000000008002cec                DMA2_Channel3_IRQHandler
                0x0000000008002cec                TIM1_BRK_TIM15_IRQHandler
 *fill*         0x0000000008002cee        0x2 
 .text.atexit   0x0000000008002cf0        0xc /usr/lib/gcc/arm-none-eabi/10.1.0/../../../../arm-none-eabi/lib/thumb/v7e-m+fp/hard/libc.a(lib_a-atexit.o)
                0x0000000008002cf0                atexit
 .text.__libc_fini_array
                0x0000000008002cfc       0x2c /usr/lib/gcc/arm-none-eabi/10.1.0/../../../../arm-none-eabi/lib/thumb/v7e-m+fp/hard/libc.a(lib_a-fini.o)
                0x0000000008002cfc                __libc_fini_array
 .text.__libc_init_array
                0x0000000008002d28       0x48 /usr/lib/gcc/arm-none-eabi/10.1.0/../../../../arm-none-eabi/lib/thumb/v7e-m+fp/hard/libc.a(lib_a-init.o)
                0x0000000008002d28                __libc_init_array
 .text.memset   0x0000000008002d70       0xa0 /usr/lib/gcc/arm-none-eabi/10.1.0/../../../../arm-none-eabi/lib/thumb/v7e-m+fp/hard/libc.a(lib_a-memset.o)
                0x0000000008002d70                memset
 .text.sprintf  0x0000000008002e10       0x44 /usr/lib/gcc/arm-none-eabi/10.1.0/../../../../arm-none-eabi/lib/thumb/v7e-m+fp/hard/libc.a(lib_a-sprintf.o)
                0x0000000008002e10                sprintf
 *fill*         0x0000000008002e54        0x4 
 .text._svfprintf_r
                0x0000000008002e58     0x1aec /usr/lib/gcc/arm-none-eabi/10.1.0/../../../../arm-none-eabi/lib/thumb/v7e-m+fp/hard/libc.a(lib_a-svfprintf.o)
                0x0000000008002e58                _svfprintf_r
 .text.__register_exitproc
                0x0000000008004944       0x88 /usr/lib/gcc/arm-none-eabi/10.1.0/../../../../arm-none-eabi/lib/thumb/v7e-m+fp/hard/libc.a(lib_a-__atexit.o)
                0x0000000008004944                __register_exitproc
 .text.startup.register_fini
                0x00000000080049cc       0x14 /usr/lib/gcc/arm-none-eabi/10.1.0/../../../../arm-none-eabi/lib/thumb/v7e-m+fp/hard/libc.a(lib_a-__call_atexit.o)
 .text.quorem   0x00000000080049e0      0x11c /usr/lib/gcc/arm-none-eabi/10.1.0/../../../../arm-none-eabi/lib/thumb/v7e-m+fp/hard/libc.a(lib_a-dtoa.o)
 *fill*         0x0000000008004afc        0x4 
 .text._dtoa_r  0x0000000008004b00      0xf0c /usr/lib/gcc/arm-none-eabi/10.1.0/../../../../arm-none-eabi/lib/thumb/v7e-m+fp/hard/libc.a(lib_a-dtoa.o)
                0x0000000008004b00                _dtoa_r
 .text._malloc_trim_r
                0x0000000008005a0c       0xa0 /usr/lib/gcc/arm-none-eabi/10.1.0/../../../../arm-none-eabi/lib/thumb/v7e-m+fp/hard/libc.a(lib_a-freer.o)
                0x0000000008005a0c                _malloc_trim_r
 .text._free_r  0x0000000008005aac      0x214 /usr/lib/gcc/arm-none-eabi/10.1.0/../../../../arm-none-eabi/lib/thumb/v7e-m+fp/hard/libc.a(lib_a-freer.o)
                0x0000000008005aac                _free_r
 .text._localeconv_r
                0x0000000008005cc0        0x8 /usr/lib/gcc/arm-none-eabi/10.1.0/../../../../arm-none-eabi/lib/thumb/v7e-m+fp/hard/libc.a(lib_a-localeconv.o)
                0x0000000008005cc0                _localeconv_r
 .text.__locale_mb_cur_max
                0x0000000008005cc8        0xc /usr/lib/gcc/arm-none-eabi/10.1.0/../../../../arm-none-eabi/lib/thumb/v7e-m+fp/hard/libc.a(lib_a-locale.o)
                0x0000000008005cc8                __locale_mb_cur_max
 .text.__retarget_lock_init_recursive
                0x0000000008005cd4        0x4 /usr/lib/gcc/arm-none-eabi/10.1.0/../../../../arm-none-eabi/lib/thumb/v7e-m+fp/hard/libc.a(lib_a-lock.o)
                0x0000000008005cd4                __retarget_lock_init_recursive
 .text.__retarget_lock_close_recursive
                0x0000000008005cd8        0x4 /usr/lib/gcc/arm-none-eabi/10.1.0/../../../../arm-none-eabi/lib/thumb/v7e-m+fp/hard/libc.a(lib_a-lock.o)
                0x0000000008005cd8                __retarget_lock_close_recursive
 .text.__retarget_lock_acquire_recursive
                0x0000000008005cdc        0x4 /usr/lib/gcc/arm-none-eabi/10.1.0/../../../../arm-none-eabi/lib/thumb/v7e-m+fp/hard/libc.a(lib_a-lock.o)
                0x0000000008005cdc                __retarget_lock_acquire_recursive
 .text.__retarget_lock_release_recursive
                0x0000000008005ce0        0x4 /usr/lib/gcc/arm-none-eabi/10.1.0/../../../../arm-none-eabi/lib/thumb/v7e-m+fp/hard/libc.a(lib_a-lock.o)
                0x0000000008005ce0                __retarget_lock_release_recursive
 .text._malloc_r
                0x0000000008005ce4      0x578 /usr/lib/gcc/arm-none-eabi/10.1.0/../../../../arm-none-eabi/lib/thumb/v7e-m+fp/hard/libc.a(lib_a-mallocr.o)
                0x0000000008005ce4                _malloc_r
 .text.__ascii_mbtowc
                0x000000000800625c       0x2c /usr/lib/gcc/arm-none-eabi/10.1.0/../../../../arm-none-eabi/lib/thumb/v7e-m+fp/hard/libc.a(lib_a-mbtowc_r.o)
                0x000000000800625c                __ascii_mbtowc
 .text.__malloc_lock
                0x0000000008006288        0xc /usr/lib/gcc/arm-none-eabi/10.1.0/../../../../arm-none-eabi/lib/thumb/v7e-m+fp/hard/libc.a(lib_a-mlock.o)
                0x0000000008006288                __malloc_lock
 .text.__malloc_unlock
                0x0000000008006294        0xc /usr/lib/gcc/arm-none-eabi/10.1.0/../../../../arm-none-eabi/lib/thumb/v7e-m+fp/hard/libc.a(lib_a-mlock.o)
                0x0000000008006294                __malloc_unlock
 .text._Balloc  0x00000000080062a0       0x4c /usr/lib/gcc/arm-none-eabi/10.1.0/../../../../arm-none-eabi/lib/thumb/v7e-m+fp/hard/libc.a(lib_a-mprec.o)
                0x00000000080062a0                _Balloc
 .text._Bfree   0x00000000080062ec       0x14 /usr/lib/gcc/arm-none-eabi/10.1.0/../../../../arm-none-eabi/lib/thumb/v7e-m+fp/hard/libc.a(lib_a-mprec.o)
                0x00000000080062ec                _Bfree
 .text.__multadd
                0x0000000008006300       0xac /usr/lib/gcc/arm-none-eabi/10.1.0/../../../../arm-none-eabi/lib/thumb/v7e-m+fp/hard/libc.a(lib_a-mprec.o)
                0x0000000008006300                __multadd
 .text.__hi0bits
                0x00000000080063ac       0x40 /usr/lib/gcc/arm-none-eabi/10.1.0/../../../../arm-none-eabi/lib/thumb/v7e-m+fp/hard/libc.a(lib_a-mprec.o)
                0x00000000080063ac                __hi0bits
 .text.__lo0bits
                0x00000000080063ec       0x60 /usr/lib/gcc/arm-none-eabi/10.1.0/../../../../arm-none-eabi/lib/thumb/v7e-m+fp/hard/libc.a(lib_a-mprec.o)
                0x00000000080063ec                __lo0bits
 .text.__i2b    0x000000000800644c       0x2c /usr/lib/gcc/arm-none-eabi/10.1.0/../../../../arm-none-eabi/lib/thumb/v7e-m+fp/hard/libc.a(lib_a-mprec.o)
                0x000000000800644c                __i2b
 .text.__multiply
                0x0000000008006478      0x160 /usr/lib/gcc/arm-none-eabi/10.1.0/../../../../arm-none-eabi/lib/thumb/v7e-m+fp/hard/libc.a(lib_a-mprec.o)
                0x0000000008006478                __multiply
 .text.__pow5mult
                0x00000000080065d8       0x98 /usr/lib/gcc/arm-none-eabi/10.1.0/../../../../arm-none-eabi/lib/thumb/v7e-m+fp/hard/libc.a(lib_a-mprec.o)
                0x00000000080065d8                __pow5mult
 .text.__lshift
                0x0000000008006670       0xe8 /usr/lib/gcc/arm-none-eabi/10.1.0/../../../../arm-none-eabi/lib/thumb/v7e-m+fp/hard/libc.a(lib_a-mprec.o)
                0x0000000008006670                __lshift
 .text.__mcmp   0x0000000008006758       0x3c /usr/lib/gcc/arm-none-eabi/10.1.0/../../../../arm-none-eabi/lib/thumb/v7e-m+fp/hard/libc.a(lib_a-mprec.o)
                0x0000000008006758                __mcmp
 .text.__mdiff  0x0000000008006794      0x148 /usr/lib/gcc/arm-none-eabi/10.1.0/../../../../arm-none-eabi/lib/thumb/v7e-m+fp/hard/libc.a(lib_a-mprec.o)
                0x0000000008006794                __mdiff
 .text.__d2b    0x00000000080068dc       0xd0 /usr/lib/gcc/arm-none-eabi/10.1.0/../../../../arm-none-eabi/lib/thumb/v7e-m+fp/hard/libc.a(lib_a-mprec.o)
                0x00000000080068dc                __d2b
 .text._sbrk_r  0x00000000080069ac       0x24 /usr/lib/gcc/arm-none-eabi/10.1.0/../../../../arm-none-eabi/lib/thumb/v7e-m+fp/hard/libc.a(lib_a-sbrkr.o)
                0x00000000080069ac                _sbrk_r
 .text.frexp    0x00000000080069d0       0x6c /usr/lib/gcc/arm-none-eabi/10.1.0/../../../../arm-none-eabi/lib/thumb/v7e-m+fp/hard/libc.a(lib_a-s_frexp.o)
                0x00000000080069d0                frexp
 .text.strncpy  0x0000000008006a3c       0x68 /usr/lib/gcc/arm-none-eabi/10.1.0/../../../../arm-none-eabi/lib/thumb/v7e-m+fp/hard/libc.a(lib_a-strncpy.o)
                0x0000000008006a3c                strncpy
 .text.__ssprint_r
                0x0000000008006aa4       0xf8 /usr/lib/gcc/arm-none-eabi/10.1.0/../../../../arm-none-eabi/lib/thumb/v7e-m+fp/hard/libc.a(lib_a-svfiprintf.o)
                0x0000000008006aa4                __ssprint_r
 .text.__ascii_wctomb
                0x0000000008006b9c       0x1c /usr/lib/gcc/arm-none-eabi/10.1.0/../../../../arm-none-eabi/lib/thumb/v7e-m+fp/hard/libc.a(lib_a-wctomb_r.o)
                0x0000000008006b9c                __ascii_wctomb
 .text.__assert_func
                0x0000000008006bb8       0x3c /usr/lib/gcc/arm-none-eabi/10.1.0/../../../../arm-none-eabi/lib/thumb/v7e-m+fp/hard/libc.a(lib_a-assert.o)
                0x0000000008006bb8                __assert_func
 .text._calloc_r
                0x0000000008006bf4       0x60 /usr/lib/gcc/arm-none-eabi/10.1.0/../../../../arm-none-eabi/lib/thumb/v7e-m+fp/hard/libc.a(lib_a-callocr.o)
                0x0000000008006bf4                _calloc_r
 .text.fiprintf
                0x0000000008006c54       0x28 /usr/lib/gcc/arm-none-eabi/10.1.0/../../../../arm-none-eabi/lib/thumb/v7e-m+fp/hard/libc.a(lib_a-fiprintf.o)
                0x0000000008006c54                fiprintf
 .text.memmove  0x0000000008006c7c       0xd8 /usr/lib/gcc/arm-none-eabi/10.1.0/../../../../arm-none-eabi/lib/thumb/v7e-m+fp/hard/libc.a(lib_a-memmove.o)
                0x0000000008006c7c                memmove
 .text._realloc_r
                0x0000000008006d54      0x37c /usr/lib/gcc/arm-none-eabi/10.1.0/../../../../arm-none-eabi/lib/thumb/v7e-m+fp/hard/libc.a(lib_a-reallocr.o)
                0x0000000008006d54                _realloc_r
 .text.__sprint_r.part.0
                0x00000000080070d0       0x78 /usr/lib/gcc/arm-none-eabi/10.1.0/../../../../arm-none-eabi/lib/thumb/v7e-m+fp/hard/libc.a(lib_a-vfiprintf.o)
 .text._vfiprintf_r
                0x0000000008007148      0xd5c /usr/lib/gcc/arm-none-eabi/10.1.0/../../../../arm-none-eabi/lib/thumb/v7e-m+fp/hard/libc.a(lib_a-vfiprintf.o)
                0x0000000008007148                _vfiprintf_r
 .text.__sbprintf
                0x0000000008007ea4       0x84 /usr/lib/gcc/arm-none-eabi/10.1.0/../../../../arm-none-eabi/lib/thumb/v7e-m+fp/hard/libc.a(lib_a-vfiprintf.o)
 .text.__swsetup_r
                0x0000000008007f28       0xd0 /usr/lib/gcc/arm-none-eabi/10.1.0/../../../../arm-none-eabi/lib/thumb/v7e-m+fp/hard/libc.a(lib_a-wsetup.o)
                0x0000000008007f28                __swsetup_r
 .text.abort    0x0000000008007ff8       0x10 /usr/lib/gcc/arm-none-eabi/10.1.0/../../../../arm-none-eabi/lib/thumb/v7e-m+fp/hard/libc.a(lib_a-abort.o)
                0x0000000008007ff8                abort
 .text.__sflush_r
                0x0000000008008008      0x14c /usr/lib/gcc/arm-none-eabi/10.1.0/../../../../arm-none-eabi/lib/thumb/v7e-m+fp/hard/libc.a(lib_a-fflush.o)
                0x0000000008008008                __sflush_r
 .text._fflush_r
                0x0000000008008154       0x5c /usr/lib/gcc/arm-none-eabi/10.1.0/../../../../arm-none-eabi/lib/thumb/v7e-m+fp/hard/libc.a(lib_a-fflush.o)
                0x0000000008008154                _fflush_r
 .text.std      0x00000000080081b0       0x50 /usr/lib/gcc/arm-none-eabi/10.1.0/../../../../arm-none-eabi/lib/thumb/v7e-m+fp/hard/libc.a(lib_a-findfp.o)
 .text._cleanup_r
                0x0000000008008200        0xc /usr/lib/gcc/arm-none-eabi/10.1.0/../../../../arm-none-eabi/lib/thumb/v7e-m+fp/hard/libc.a(lib_a-findfp.o)
                0x0000000008008200                _cleanup_r
 .text.__sinit  0x000000000800820c       0x54 /usr/lib/gcc/arm-none-eabi/10.1.0/../../../../arm-none-eabi/lib/thumb/v7e-m+fp/hard/libc.a(lib_a-findfp.o)
                0x000000000800820c                __sinit
 .text.__sfp_lock_acquire
                0x0000000008008260        0xc /usr/lib/gcc/arm-none-eabi/10.1.0/../../../../arm-none-eabi/lib/thumb/v7e-m+fp/hard/libc.a(lib_a-findfp.o)
                0x0000000008008260                __sfp_lock_acquire
 .text.__sfp_lock_release
                0x000000000800826c        0xc /usr/lib/gcc/arm-none-eabi/10.1.0/../../../../arm-none-eabi/lib/thumb/v7e-m+fp/hard/libc.a(lib_a-findfp.o)
                0x000000000800826c                __sfp_lock_release
 .text.__fputwc
                0x0000000008008278       0xa8 /usr/lib/gcc/arm-none-eabi/10.1.0/../../../../arm-none-eabi/lib/thumb/v7e-m+fp/hard/libc.a(lib_a-fputwc.o)
                0x0000000008008278                __fputwc
 .text._fputwc_r
                0x0000000008008320       0x64 /usr/lib/gcc/arm-none-eabi/10.1.0/../../../../arm-none-eabi/lib/thumb/v7e-m+fp/hard/libc.a(lib_a-fputwc.o)
                0x0000000008008320                _fputwc_r
 .text.__sfvwrite_r
                0x0000000008008384      0x2f4 /usr/lib/gcc/arm-none-eabi/10.1.0/../../../../arm-none-eabi/lib/thumb/v7e-m+fp/hard/libc.a(lib_a-fvwrite.o)
                0x0000000008008384                __sfvwrite_r
 .text._fwalk_reent
                0x0000000008008678       0x48 /usr/lib/gcc/arm-none-eabi/10.1.0/../../../../arm-none-eabi/lib/thumb/v7e-m+fp/hard/libc.a(lib_a-fwalk.o)
                0x0000000008008678                _fwalk_reent
 .text.__swhatbuf_r
                0x00000000080086c0       0x5c /usr/lib/gcc/arm-none-eabi/10.1.0/../../../../arm-none-eabi/lib/thumb/v7e-m+fp/hard/libc.a(lib_a-makebuf.o)
                0x00000000080086c0                __swhatbuf_r
 .text.__smakebuf_r
                0x000000000800871c       0x98 /usr/lib/gcc/arm-none-eabi/10.1.0/../../../../arm-none-eabi/lib/thumb/v7e-m+fp/hard/libc.a(lib_a-makebuf.o)
                0x000000000800871c                __smakebuf_r
 .text._raise_r
                0x00000000080087b4       0x58 /usr/lib/gcc/arm-none-eabi/10.1.0/../../../../arm-none-eabi/lib/thumb/v7e-m+fp/hard/libc.a(lib_a-signal.o)
                0x00000000080087b4                _raise_r
 .text.raise    0x000000000800880c       0x10 /usr/lib/gcc/arm-none-eabi/10.1.0/../../../../arm-none-eabi/lib/thumb/v7e-m+fp/hard/libc.a(lib_a-signal.o)
                0x000000000800880c                raise
 .text._kill_r  0x000000000800881c       0x2c /usr/lib/gcc/arm-none-eabi/10.1.0/../../../../arm-none-eabi/lib/thumb/v7e-m+fp/hard/libc.a(lib_a-signalr.o)
                0x000000000800881c                _kill_r
 .text._getpid_r
                0x0000000008008848        0x4 /usr/lib/gcc/arm-none-eabi/10.1.0/../../../../arm-none-eabi/lib/thumb/v7e-m+fp/hard/libc.a(lib_a-signalr.o)
                0x0000000008008848                _getpid_r
 .text.__sread  0x000000000800884c       0x24 /usr/lib/gcc/arm-none-eabi/10.1.0/../../../../arm-none-eabi/lib/thumb/v7e-m+fp/hard/libc.a(lib_a-stdio.o)
                0x000000000800884c                __sread
 .text.__swrite
                0x0000000008008870       0x40 /usr/lib/gcc/arm-none-eabi/10.1.0/../../../../arm-none-eabi/lib/thumb/v7e-m+fp/hard/libc.a(lib_a-stdio.o)
                0x0000000008008870                __swrite
 .text.__sseek  0x00000000080088b0       0x20 /usr/lib/gcc/arm-none-eabi/10.1.0/../../../../arm-none-eabi/lib/thumb/v7e-m+fp/hard/libc.a(lib_a-stdio.o)
                0x00000000080088b0                __sseek
 .text.__sclose
                0x00000000080088d0        0x8 /usr/lib/gcc/arm-none-eabi/10.1.0/../../../../arm-none-eabi/lib/thumb/v7e-m+fp/hard/libc.a(lib_a-stdio.o)
                0x00000000080088d0                __sclose
 .text.__swbuf_r
                0x00000000080088d8       0xb0 /usr/lib/gcc/arm-none-eabi/10.1.0/../../../../arm-none-eabi/lib/thumb/v7e-m+fp/hard/libc.a(lib_a-wbuf.o)
                0x00000000080088d8                __swbuf_r
 .text._wcrtomb_r
                0x0000000008008988       0x34 /usr/lib/gcc/arm-none-eabi/10.1.0/../../../../arm-none-eabi/lib/thumb/v7e-m+fp/hard/libc.a(lib_a-wcrtomb.o)
                0x0000000008008988                _wcrtomb_r
 .text._write_r
                0x00000000080089bc       0x2c /usr/lib/gcc/arm-none-eabi/10.1.0/../../../../arm-none-eabi/lib/thumb/v7e-m+fp/hard/libc.a(lib_a-writer.o)
                0x00000000080089bc                _write_r
 .text._close_r
                0x00000000080089e8       0x24 /usr/lib/gcc/arm-none-eabi/10.1.0/../../../../arm-none-eabi/lib/thumb/v7e-m+fp/hard/libc.a(lib_a-closer.o)
                0x00000000080089e8                _close_r
 .text._fclose_r
                0x0000000008008a0c       0xd0 /usr/lib/gcc/arm-none-eabi/10.1.0/../../../../arm-none-eabi/lib/thumb/v7e-m+fp/hard/libc.a(lib_a-fclose.o)
                0x0000000008008a0c                _fclose_r
 .text._fstat_r
                0x0000000008008adc       0x2c /usr/lib/gcc/arm-none-eabi/10.1.0/../../../../arm-none-eabi/lib/thumb/v7e-m+fp/hard/libc.a(lib_a-fstatr.o)
                0x0000000008008adc                _fstat_r
 .text._isatty_r
                0x0000000008008b08       0x24 /usr/lib/gcc/arm-none-eabi/10.1.0/../../../../arm-none-eabi/lib/thumb/v7e-m+fp/hard/libc.a(lib_a-isattyr.o)
                0x0000000008008b08                _isatty_r
 .text._lseek_r
                0x0000000008008b2c       0x2c /usr/lib/gcc/arm-none-eabi/10.1.0/../../../../arm-none-eabi/lib/thumb/v7e-m+fp/hard/libc.a(lib_a-lseekr.o)
                0x0000000008008b2c                _lseek_r
 .text._read_r  0x0000000008008b58       0x2c /usr/lib/gcc/arm-none-eabi/10.1.0/../../../../arm-none-eabi/lib/thumb/v7e-m+fp/hard/libc.a(lib_a-readr.o)
                0x0000000008008b58                _read_r
 .text._close   0x0000000008008b84       0x10 /usr/lib/gcc/arm-none-eabi/10.1.0/../../../../arm-none-eabi/lib/thumb/v7e-m+fp/hard/libnosys.a(close.o)
                0x0000000008008b84                _close
 .text._fstat   0x0000000008008b94       0x10 /usr/lib/gcc/arm-none-eabi/10.1.0/../../../../arm-none-eabi/lib/thumb/v7e-m+fp/hard/libnosys.a(fstat.o)
                0x0000000008008b94                _fstat
 .text._getpid  0x0000000008008ba4       0x10 /usr/lib/gcc/arm-none-eabi/10.1.0/../../../../arm-none-eabi/lib/thumb/v7e-m+fp/hard/libnosys.a(getpid.o)
                0x0000000008008ba4                _getpid
 .text._isatty  0x0000000008008bb4       0x10 /usr/lib/gcc/arm-none-eabi/10.1.0/../../../../arm-none-eabi/lib/thumb/v7e-m+fp/hard/libnosys.a(isatty.o)
                0x0000000008008bb4                _isatty
 .text._kill    0x0000000008008bc4       0x10 /usr/lib/gcc/arm-none-eabi/10.1.0/../../../../arm-none-eabi/lib/thumb/v7e-m+fp/hard/libnosys.a(kill.o)
                0x0000000008008bc4                _kill
 .text._lseek   0x0000000008008bd4       0x10 /usr/lib/gcc/arm-none-eabi/10.1.0/../../../../arm-none-eabi/lib/thumb/v7e-m+fp/hard/libnosys.a(lseek.o)
                0x0000000008008bd4                _lseek
 .text._read    0x0000000008008be4       0x10 /usr/lib/gcc/arm-none-eabi/10.1.0/../../../../arm-none-eabi/lib/thumb/v7e-m+fp/hard/libnosys.a(read.o)
                0x0000000008008be4                _read
 .text._sbrk    0x0000000008008bf4       0x1c /usr/lib/gcc/arm-none-eabi/10.1.0/../../../../arm-none-eabi/lib/thumb/v7e-m+fp/hard/libnosys.a(sbrk.o)
                0x0000000008008bf4                _sbrk
 .text._write   0x0000000008008c10       0x10 /usr/lib/gcc/arm-none-eabi/10.1.0/../../../../arm-none-eabi/lib/thumb/v7e-m+fp/hard/libnosys.a(write.o)
                0x0000000008008c10                _write
 .text._exit    0x0000000008008c20        0x4 /usr/lib/gcc/arm-none-eabi/10.1.0/../../../../arm-none-eabi/lib/thumb/v7e-m+fp/hard/libnosys.a(_exit.o)
                0x0000000008008c20                _exit
 .text.__udivmoddi4
                0x0000000008008c24      0x2aa /usr/lib/gcc/arm-none-eabi/10.1.0/thumb/v7e-m+fp/hard/libgcc.a(_udivmoddi4.o)
                0x0000000008008c24                __udivmoddi4
 *(.glue_7)
 .glue_7        0x0000000008008ece        0x0 linker stubs
 *(.glue_7t)
 .glue_7t       0x0000000008008ece        0x0 linker stubs
 *(.eh_frame)
 *fill*         0x0000000008008ece        0x2 
 .eh_frame      0x0000000008008ed0        0x0 /usr/lib/gcc/arm-none-eabi/10.1.0/thumb/v7e-m+fp/hard/crtbegin.o
 *(.init)
 .init          0x0000000008008ed0        0x4 /usr/lib/gcc/arm-none-eabi/10.1.0/thumb/v7e-m+fp/hard/crti.o
                0x0000000008008ed0                _init
 .init          0x0000000008008ed4        0x8 /usr/lib/gcc/arm-none-eabi/10.1.0/thumb/v7e-m+fp/hard/crtn.o
 *(.fini)
 .fini          0x0000000008008edc        0x4 /usr/lib/gcc/arm-none-eabi/10.1.0/thumb/v7e-m+fp/hard/crti.o
                0x0000000008008edc                _fini
 .fini          0x0000000008008ee0        0x8 /usr/lib/gcc/arm-none-eabi/10.1.0/thumb/v7e-m+fp/hard/crtn.o
                0x0000000008008ee8                . = ALIGN (0x8)
                0x0000000008008ee8                _etext = .

.vfp11_veneer   0x0000000008008ee8        0x0
 .vfp11_veneer  0x0000000008008ee8        0x0 linker stubs

.v4_bx          0x0000000008008ee8        0x0
 .v4_bx         0x0000000008008ee8        0x0 linker stubs

.iplt           0x0000000008008ee8        0x0
 .iplt          0x0000000008008ee8        0x0 /usr/lib/gcc/arm-none-eabi/10.1.0/thumb/v7e-m+fp/hard/crtbegin.o

.rodata         0x0000000008008ee8      0x3f0
                0x0000000008008ee8                . = ALIGN (0x8)
 *(.rodata)
 *(.rodata*)
 .rodata.main.str1.4
                0x0000000008008ee8       0x27 build/main.o
 *fill*         0x0000000008008f0f        0x1 
 .rodata.AHBPrescTable
                0x0000000008008f10       0x10 build/system_stm32l4xx.o
                0x0000000008008f10                AHBPrescTable
 .rodata.APBPrescTable
                0x0000000008008f20        0x8 build/system_stm32l4xx.o
                0x0000000008008f20                APBPrescTable
 .rodata.MSIRangeTable
                0x0000000008008f28       0x30 build/system_stm32l4xx.o
                0x0000000008008f28                MSIRangeTable
 .rodata._global_impure_ptr
                0x0000000008008f58        0x4 /usr/lib/gcc/arm-none-eabi/10.1.0/../../../../arm-none-eabi/lib/thumb/v7e-m+fp/hard/libc.a(lib_a-impure.o)
                0x0000000008008f58                _global_impure_ptr
 .rodata._svfprintf_r.str1.4
                0x0000000008008f5c       0x42 /usr/lib/gcc/arm-none-eabi/10.1.0/../../../../arm-none-eabi/lib/thumb/v7e-m+fp/hard/libc.a(lib_a-svfprintf.o)
 *fill*         0x0000000008008f9e        0x2 
 .rodata.blanks.8698
                0x0000000008008fa0       0x10 /usr/lib/gcc/arm-none-eabi/10.1.0/../../../../arm-none-eabi/lib/thumb/v7e-m+fp/hard/libc.a(lib_a-svfprintf.o)
 .rodata.zeroes.8699
                0x0000000008008fb0       0x10 /usr/lib/gcc/arm-none-eabi/10.1.0/../../../../arm-none-eabi/lib/thumb/v7e-m+fp/hard/libc.a(lib_a-svfprintf.o)
 .rodata._dtoa_r.str1.4
                0x0000000008008fc0       0x63 /usr/lib/gcc/arm-none-eabi/10.1.0/../../../../arm-none-eabi/lib/thumb/v7e-m+fp/hard/libc.a(lib_a-dtoa.o)
                                         0x67 (size before relaxing)
 *fill*         0x0000000008009023        0x1 
 .rodata._setlocale_r.str1.4
                0x0000000008009024        0xa /usr/lib/gcc/arm-none-eabi/10.1.0/../../../../arm-none-eabi/lib/thumb/v7e-m+fp/hard/libc.a(lib_a-locale.o)
                                          0xd (size before relaxing)
 *fill*         0x000000000800902e        0x2 
 .rodata.str1.4
                0x0000000008009030        0x2 /usr/lib/gcc/arm-none-eabi/10.1.0/../../../../arm-none-eabi/lib/thumb/v7e-m+fp/hard/libc.a(lib_a-locale.o)
 *fill*         0x0000000008009032        0x2 
 .rodata.__multadd.str1.4
                0x0000000008009034       0x40 /usr/lib/gcc/arm-none-eabi/10.1.0/../../../../arm-none-eabi/lib/thumb/v7e-m+fp/hard/libc.a(lib_a-mprec.o)
                                         0x54 (size before relaxing)
 *fill*         0x0000000008009074        0x4 
 .rodata.__mprec_bigtens
                0x0000000008009078       0x28 /usr/lib/gcc/arm-none-eabi/10.1.0/../../../../arm-none-eabi/lib/thumb/v7e-m+fp/hard/libc.a(lib_a-mprec.o)
                0x0000000008009078                __mprec_bigtens
 .rodata.__mprec_tens
                0x00000000080090a0       0xc8 /usr/lib/gcc/arm-none-eabi/10.1.0/../../../../arm-none-eabi/lib/thumb/v7e-m+fp/hard/libc.a(lib_a-mprec.o)
                0x00000000080090a0                __mprec_tens
 .rodata.p05.7485
                0x0000000008009168        0xc /usr/lib/gcc/arm-none-eabi/10.1.0/../../../../arm-none-eabi/lib/thumb/v7e-m+fp/hard/libc.a(lib_a-mprec.o)
 .rodata.__assert_func.str1.4
                0x0000000008009174       0x3f /usr/lib/gcc/arm-none-eabi/10.1.0/../../../../arm-none-eabi/lib/thumb/v7e-m+fp/hard/libc.a(lib_a-assert.o)
                                         0x43 (size before relaxing)
 *fill*         0x00000000080091b3        0x1 
 .rodata._ctype_
                0x00000000080091b4      0x101 /usr/lib/gcc/arm-none-eabi/10.1.0/../../../../arm-none-eabi/lib/thumb/v7e-m+fp/hard/libc.a(lib_a-ctype_.o)
                0x00000000080091b4                _ctype_
 .rodata._vfiprintf_r.str1.4
                0x00000000080092b5       0x2f /usr/lib/gcc/arm-none-eabi/10.1.0/../../../../arm-none-eabi/lib/thumb/v7e-m+fp/hard/libc.a(lib_a-vfiprintf.o)
 *fill*         0x00000000080092b5        0x3 
 .rodata.blanks.8691
                0x00000000080092b8       0x10 /usr/lib/gcc/arm-none-eabi/10.1.0/../../../../arm-none-eabi/lib/thumb/v7e-m+fp/hard/libc.a(lib_a-vfiprintf.o)
 .rodata.zeroes.8692
                0x00000000080092c8       0x10 /usr/lib/gcc/arm-none-eabi/10.1.0/../../../../arm-none-eabi/lib/thumb/v7e-m+fp/hard/libc.a(lib_a-vfiprintf.o)
                0x00000000080092d8                . = ALIGN (0x8)

.ARM.extab      0x00000000080092d8        0x0
                0x00000000080092d8                . = ALIGN (0x8)
 *(.ARM.extab* .gnu.linkonce.armextab.*)
                0x00000000080092d8                . = ALIGN (0x8)

.ARM            0x00000000080092d8        0x8
                0x00000000080092d8                . = ALIGN (0x8)
                0x00000000080092d8                __exidx_start = .
 *(.ARM.exidx*)
 .ARM.exidx.text.__udivmoddi4
                0x00000000080092d8        0x8 /usr/lib/gcc/arm-none-eabi/10.1.0/thumb/v7e-m+fp/hard/libgcc.a(_udivmoddi4.o)
                0x00000000080092e0                __exidx_end = .
                0x00000000080092e0                . = ALIGN (0x8)

.rel.dyn        0x00000000080092e0        0x0
 .rel.iplt      0x00000000080092e0        0x0 /usr/lib/gcc/arm-none-eabi/10.1.0/thumb/v7e-m+fp/hard/crtbegin.o

.preinit_array  0x00000000080092e0        0x0
                0x00000000080092e0                . = ALIGN (0x8)
                0x00000000080092e0                PROVIDE (__preinit_array_start = .)
 *(.preinit_array*)
                0x00000000080092e0                PROVIDE (__preinit_array_end = .)
                0x00000000080092e0                . = ALIGN (0x8)

.init_array     0x00000000080092e0        0x8
                0x00000000080092e0                . = ALIGN (0x8)
                0x00000000080092e0                PROVIDE (__init_array_start = .)
 *(SORT_BY_NAME(.init_array.*))
 .init_array.00000
                0x00000000080092e0        0x4 /usr/lib/gcc/arm-none-eabi/10.1.0/../../../../arm-none-eabi/lib/thumb/v7e-m+fp/hard/libc.a(lib_a-__call_atexit.o)
 *(.init_array*)
 .init_array    0x00000000080092e4        0x4 /usr/lib/gcc/arm-none-eabi/10.1.0/thumb/v7e-m+fp/hard/crtbegin.o
                0x00000000080092e8                PROVIDE (__init_array_end = .)
                0x00000000080092e8                . = ALIGN (0x8)

.fini_array     0x00000000080092e8        0x8
                0x00000000080092e8                . = ALIGN (0x8)
                0x00000000080092e8                PROVIDE (__fini_array_start = .)
 *(SORT_BY_NAME(.fini_array.*))
 *(.fini_array*)
 .fini_array    0x00000000080092e8        0x4 /usr/lib/gcc/arm-none-eabi/10.1.0/thumb/v7e-m+fp/hard/crtbegin.o
                0x00000000080092ec                PROVIDE (__fini_array_end = .)
                0x00000000080092f0                . = ALIGN (0x8)
 *fill*         0x00000000080092ec        0x4 
                0x00000000080092f0                _sidata = LOADADDR (.data)

.data           0x0000000020000000      0x9d8 load address 0x00000000080092f0
                0x0000000020000000                . = ALIGN (0x8)
                0x0000000020000000                _sdata = .
 *(.data)
 *(.data*)
 .data.uwTickFreq
                0x0000000020000000        0x4 build/stm32l4xx_hal.o
                0x0000000020000000                uwTickFreq
 .data.uwTickPrio
                0x0000000020000004        0x4 build/stm32l4xx_hal.o
                0x0000000020000004                uwTickPrio
 .data.pFlash   0x0000000020000008       0x20 build/stm32l4xx_hal_flash.o
                0x0000000020000008                pFlash
 .data.SystemCoreClock
                0x0000000020000028        0x4 build/system_stm32l4xx.o
                0x0000000020000028                SystemCoreClock
 .data._impure_ptr
                0x000000002000002c        0x4 /usr/lib/gcc/arm-none-eabi/10.1.0/../../../../arm-none-eabi/lib/thumb/v7e-m+fp/hard/libc.a(lib_a-impure.o)
                0x000000002000002c                _impure_ptr
 .data.impure_data
                0x0000000020000030      0x428 /usr/lib/gcc/arm-none-eabi/10.1.0/../../../../arm-none-eabi/lib/thumb/v7e-m+fp/hard/libc.a(lib_a-impure.o)
 .data.__atexit_recursive_mutex
                0x0000000020000458        0x4 /usr/lib/gcc/arm-none-eabi/10.1.0/../../../../arm-none-eabi/lib/thumb/v7e-m+fp/hard/libc.a(lib_a-__call_atexit.o)
                0x0000000020000458                __atexit_recursive_mutex
 .data.__global_locale
                0x000000002000045c      0x16c /usr/lib/gcc/arm-none-eabi/10.1.0/../../../../arm-none-eabi/lib/thumb/v7e-m+fp/hard/libc.a(lib_a-locale.o)
                0x000000002000045c                __global_locale
 .data.__malloc_av_
                0x00000000200005c8      0x408 /usr/lib/gcc/arm-none-eabi/10.1.0/../../../../arm-none-eabi/lib/thumb/v7e-m+fp/hard/libc.a(lib_a-mallocr.o)
                0x00000000200005c8                __malloc_av_
 .data.__malloc_sbrk_base
                0x00000000200009d0        0x4 /usr/lib/gcc/arm-none-eabi/10.1.0/../../../../arm-none-eabi/lib/thumb/v7e-m+fp/hard/libc.a(lib_a-mallocr.o)
                0x00000000200009d0                __malloc_sbrk_base
 .data.__malloc_trim_threshold
                0x00000000200009d4        0x4 /usr/lib/gcc/arm-none-eabi/10.1.0/../../../../arm-none-eabi/lib/thumb/v7e-m+fp/hard/libc.a(lib_a-mallocr.o)
                0x00000000200009d4                __malloc_trim_threshold
                0x00000000200009d8                . = ALIGN (0x8)
                0x00000000200009d8                _edata = .

.igot.plt       0x00000000200009d8        0x0 load address 0x0000000008009cc8
 .igot.plt      0x00000000200009d8        0x0 /usr/lib/gcc/arm-none-eabi/10.1.0/thumb/v7e-m+fp/hard/crtbegin.o
                0x00000000200009d8                . = ALIGN (0x4)

.bss            0x00000000200009d8      0x100 load address 0x0000000008009cc8
                0x00000000200009d8                _sbss = .
                0x00000000200009d8                __bss_start__ = _sbss
 *(.bss)
 *(.bss*)
 .bss.completed.1
                0x00000000200009d8        0x1 /usr/lib/gcc/arm-none-eabi/10.1.0/thumb/v7e-m+fp/hard/crtbegin.o
 *fill*         0x00000000200009d9        0x3 
 .bss.object.0  0x00000000200009dc       0x18 /usr/lib/gcc/arm-none-eabi/10.1.0/thumb/v7e-m+fp/hard/crtbegin.o
 .bss.uwTick    0x00000000200009f4        0x4 build/stm32l4xx_hal.o
                0x00000000200009f4                uwTick
 .bss.huart2    0x00000000200009f8       0x80 build/main.o
                0x00000000200009f8                huart2
 .bss.__malloc_current_mallinfo
                0x0000000020000a78       0x28 /usr/lib/gcc/arm-none-eabi/10.1.0/../../../../arm-none-eabi/lib/thumb/v7e-m+fp/hard/libc.a(lib_a-mallocr.o)
                0x0000000020000a78                __malloc_current_mallinfo
 .bss.__malloc_max_sbrked_mem
                0x0000000020000aa0        0x4 /usr/lib/gcc/arm-none-eabi/10.1.0/../../../../arm-none-eabi/lib/thumb/v7e-m+fp/hard/libc.a(lib_a-mallocr.o)
                0x0000000020000aa0                __malloc_max_sbrked_mem
 .bss.__malloc_max_total_mem
                0x0000000020000aa4        0x4 /usr/lib/gcc/arm-none-eabi/10.1.0/../../../../arm-none-eabi/lib/thumb/v7e-m+fp/hard/libc.a(lib_a-mallocr.o)
                0x0000000020000aa4                __malloc_max_total_mem
 .bss.__malloc_top_pad
                0x0000000020000aa8        0x4 /usr/lib/gcc/arm-none-eabi/10.1.0/../../../../arm-none-eabi/lib/thumb/v7e-m+fp/hard/libc.a(lib_a-mallocr.o)
                0x0000000020000aa8                __malloc_top_pad
 .bss.heap_end.5507
                0x0000000020000aac        0x4 /usr/lib/gcc/arm-none-eabi/10.1.0/../../../../arm-none-eabi/lib/thumb/v7e-m+fp/hard/libnosys.a(sbrk.o)
 *(COMMON)
 COMMON         0x0000000020000ab0       0x21 /usr/lib/gcc/arm-none-eabi/10.1.0/../../../../arm-none-eabi/lib/thumb/v7e-m+fp/hard/libc.a(lib_a-lock.o)
                0x0000000020000ab0                __lock___atexit_recursive_mutex
                0x0000000020000ab4                __lock___arc4random_mutex
                0x0000000020000ab8                __lock___env_recursive_mutex
                0x0000000020000abc                __lock___sinit_recursive_mutex
                0x0000000020000ac0                __lock___malloc_recursive_mutex
                0x0000000020000ac4                __lock___at_quick_exit_mutex
                0x0000000020000ac8                __lock___dd_hash_mutex
                0x0000000020000acc                __lock___tz_mutex
                0x0000000020000ad0                __lock___sfp_recursive_mutex
 *fill*         0x0000000020000ad1        0x3 
 COMMON         0x0000000020000ad4        0x4 /usr/lib/gcc/arm-none-eabi/10.1.0/../../../../arm-none-eabi/lib/thumb/v7e-m+fp/hard/libc.a(lib_a-reent.o)
                0x0000000020000ad4                errno
                0x0000000020000ad8                . = ALIGN (0x4)
                0x0000000020000ad8                _ebss = .
                0x0000000020000ad8                __bss_end__ = _ebss

._user_heap_stack
                0x0000000020000ad8      0x600 load address 0x0000000008009cc8
                0x0000000020000ad8                . = ALIGN (0x8)
                0x0000000020000ad8                PROVIDE (end = .)
                [!provide]                        PROVIDE (_end = .)
                0x0000000020000cd8                . = (. + _Min_Heap_Size)
 *fill*         0x0000000020000ad8      0x200 
                0x00000000200010d8                . = (. + _Min_Stack_Size)
 *fill*         0x0000000020000cd8      0x400 
                0x00000000200010d8                . = ALIGN (0x8)

/DISCARD/
 libc.a(*)
 libm.a(*)
 libgcc.a(*)

.ARM.attributes
                0x0000000000000000       0x30
 *(.ARM.attributes)
 .ARM.attributes
                0x0000000000000000       0x1e /usr/lib/gcc/arm-none-eabi/10.1.0/thumb/v7e-m+fp/hard/crti.o
 .ARM.attributes
                0x000000000000001e       0x34 /usr/lib/gcc/arm-none-eabi/10.1.0/thumb/v7e-m+fp/hard/crtbegin.o
 .ARM.attributes
                0x0000000000000052       0x34 build/stm32l4xx_hal.o
 .ARM.attributes
                0x0000000000000086       0x34 build/stm32l4xx_hal_cortex.o
 .ARM.attributes
                0x00000000000000ba       0x34 build/stm32l4xx_hal_flash.o
 .ARM.attributes
                0x00000000000000ee       0x34 build/stm32l4xx_hal_flash_ex.o
 .ARM.attributes
                0x0000000000000122       0x34 build/stm32l4xx_hal_gpio.o
 .ARM.attributes
                0x0000000000000156       0x34 build/stm32l4xx_hal_pwr_ex.o
 .ARM.attributes
                0x000000000000018a       0x34 build/stm32l4xx_hal_rcc.o
 .ARM.attributes
                0x00000000000001be       0x34 build/stm32l4xx_hal_rcc_ex.o
 .ARM.attributes
                0x00000000000001f2       0x34 build/stm32l4xx_hal_uart.o
 .ARM.attributes
                0x0000000000000226       0x34 build/main.o
 .ARM.attributes
                0x000000000000025a       0x34 build/stm32l4xx_hal_msp.o
 .ARM.attributes
                0x000000000000028e       0x34 build/stm32l4xx_it.o
 .ARM.attributes
                0x00000000000002c2       0x34 build/system_stm32l4xx.o
 .ARM.attributes
                0x00000000000002f6       0x21 build/startup_stm32l476xx.o
 .ARM.attributes
                0x0000000000000317       0x34 /usr/lib/gcc/arm-none-eabi/10.1.0/../../../../arm-none-eabi/lib/thumb/v7e-m+fp/hard/libc.a(lib_a-atexit.o)
 .ARM.attributes
                0x000000000000034b       0x34 /usr/lib/gcc/arm-none-eabi/10.1.0/../../../../arm-none-eabi/lib/thumb/v7e-m+fp/hard/libc.a(lib_a-fini.o)
 .ARM.attributes
                0x000000000000037f       0x32 /usr/lib/gcc/arm-none-eabi/10.1.0/../../../../arm-none-eabi/lib/thumb/v7e-m+fp/hard/libc.a(lib_a-impure.o)
 .ARM.attributes
                0x00000000000003b1       0x34 /usr/lib/gcc/arm-none-eabi/10.1.0/../../../../arm-none-eabi/lib/thumb/v7e-m+fp/hard/libc.a(lib_a-init.o)
 .ARM.attributes
                0x00000000000003e5       0x34 /usr/lib/gcc/arm-none-eabi/10.1.0/../../../../arm-none-eabi/lib/thumb/v7e-m+fp/hard/libc.a(lib_a-memset.o)
 .ARM.attributes
                0x0000000000000419       0x34 /usr/lib/gcc/arm-none-eabi/10.1.0/../../../../arm-none-eabi/lib/thumb/v7e-m+fp/hard/libc.a(lib_a-sprintf.o)
 .ARM.attributes
                0x000000000000044d       0x1c /usr/lib/gcc/arm-none-eabi/10.1.0/../../../../arm-none-eabi/lib/thumb/v7e-m+fp/hard/libc.a(lib_a-strlen.o)
 .ARM.attributes
                0x0000000000000469       0x34 /usr/lib/gcc/arm-none-eabi/10.1.0/../../../../arm-none-eabi/lib/thumb/v7e-m+fp/hard/libc.a(lib_a-svfprintf.o)
 .ARM.attributes
                0x000000000000049d       0x34 /usr/lib/gcc/arm-none-eabi/10.1.0/../../../../arm-none-eabi/lib/thumb/v7e-m+fp/hard/libc.a(lib_a-__atexit.o)
 .ARM.attributes
                0x00000000000004d1       0x34 /usr/lib/gcc/arm-none-eabi/10.1.0/../../../../arm-none-eabi/lib/thumb/v7e-m+fp/hard/libc.a(lib_a-__call_atexit.o)
 .ARM.attributes
                0x0000000000000505       0x34 /usr/lib/gcc/arm-none-eabi/10.1.0/../../../../arm-none-eabi/lib/thumb/v7e-m+fp/hard/libc.a(lib_a-dtoa.o)
 .ARM.attributes
                0x0000000000000539       0x34 /usr/lib/gcc/arm-none-eabi/10.1.0/../../../../arm-none-eabi/lib/thumb/v7e-m+fp/hard/libc.a(lib_a-freer.o)
 .ARM.attributes
                0x000000000000056d       0x34 /usr/lib/gcc/arm-none-eabi/10.1.0/../../../../arm-none-eabi/lib/thumb/v7e-m+fp/hard/libc.a(lib_a-localeconv.o)
 .ARM.attributes
                0x00000000000005a1       0x34 /usr/lib/gcc/arm-none-eabi/10.1.0/../../../../arm-none-eabi/lib/thumb/v7e-m+fp/hard/libc.a(lib_a-locale.o)
 .ARM.attributes
                0x00000000000005d5       0x34 /usr/lib/gcc/arm-none-eabi/10.1.0/../../../../arm-none-eabi/lib/thumb/v7e-m+fp/hard/libc.a(lib_a-lock.o)
 .ARM.attributes
                0x0000000000000609       0x34 /usr/lib/gcc/arm-none-eabi/10.1.0/../../../../arm-none-eabi/lib/thumb/v7e-m+fp/hard/libc.a(lib_a-mallocr.o)
 .ARM.attributes
                0x000000000000063d       0x34 /usr/lib/gcc/arm-none-eabi/10.1.0/../../../../arm-none-eabi/lib/thumb/v7e-m+fp/hard/libc.a(lib_a-mbtowc_r.o)
 .ARM.attributes
                0x0000000000000671       0x1c /usr/lib/gcc/arm-none-eabi/10.1.0/../../../../arm-none-eabi/lib/thumb/v7e-m+fp/hard/libc.a(lib_a-memchr.o)
 .ARM.attributes
                0x000000000000068d       0x1c /usr/lib/gcc/arm-none-eabi/10.1.0/../../../../arm-none-eabi/lib/thumb/v7e-m+fp/hard/libc.a(lib_a-memcpy.o)
 .ARM.attributes
                0x00000000000006a9       0x34 /usr/lib/gcc/arm-none-eabi/10.1.0/../../../../arm-none-eabi/lib/thumb/v7e-m+fp/hard/libc.a(lib_a-mlock.o)
 .ARM.attributes
                0x00000000000006dd       0x34 /usr/lib/gcc/arm-none-eabi/10.1.0/../../../../arm-none-eabi/lib/thumb/v7e-m+fp/hard/libc.a(lib_a-mprec.o)
 .ARM.attributes
                0x0000000000000711       0x34 /usr/lib/gcc/arm-none-eabi/10.1.0/../../../../arm-none-eabi/lib/thumb/v7e-m+fp/hard/libc.a(lib_a-sbrkr.o)
 .ARM.attributes
                0x0000000000000745       0x34 /usr/lib/gcc/arm-none-eabi/10.1.0/../../../../arm-none-eabi/lib/thumb/v7e-m+fp/hard/libc.a(lib_a-s_frexp.o)
 .ARM.attributes
                0x0000000000000779       0x34 /usr/lib/gcc/arm-none-eabi/10.1.0/../../../../arm-none-eabi/lib/thumb/v7e-m+fp/hard/libc.a(lib_a-strncpy.o)
 .ARM.attributes
                0x00000000000007ad       0x34 /usr/lib/gcc/arm-none-eabi/10.1.0/../../../../arm-none-eabi/lib/thumb/v7e-m+fp/hard/libc.a(lib_a-svfiprintf.o)
 .ARM.attributes
                0x00000000000007e1       0x34 /usr/lib/gcc/arm-none-eabi/10.1.0/../../../../arm-none-eabi/lib/thumb/v7e-m+fp/hard/libc.a(lib_a-wctomb_r.o)
 .ARM.attributes
                0x0000000000000815       0x34 /usr/lib/gcc/arm-none-eabi/10.1.0/../../../../arm-none-eabi/lib/thumb/v7e-m+fp/hard/libc.a(lib_a-assert.o)
 .ARM.attributes
                0x0000000000000849       0x34 /usr/lib/gcc/arm-none-eabi/10.1.0/../../../../arm-none-eabi/lib/thumb/v7e-m+fp/hard/libc.a(lib_a-callocr.o)
 .ARM.attributes
                0x000000000000087d       0x32 /usr/lib/gcc/arm-none-eabi/10.1.0/../../../../arm-none-eabi/lib/thumb/v7e-m+fp/hard/libc.a(lib_a-ctype_.o)
 .ARM.attributes
                0x00000000000008af       0x34 /usr/lib/gcc/arm-none-eabi/10.1.0/../../../../arm-none-eabi/lib/thumb/v7e-m+fp/hard/libc.a(lib_a-fiprintf.o)
 .ARM.attributes
                0x00000000000008e3       0x34 /usr/lib/gcc/arm-none-eabi/10.1.0/../../../../arm-none-eabi/lib/thumb/v7e-m+fp/hard/libc.a(lib_a-memmove.o)
 .ARM.attributes
                0x0000000000000917       0x34 /usr/lib/gcc/arm-none-eabi/10.1.0/../../../../arm-none-eabi/lib/thumb/v7e-m+fp/hard/libc.a(lib_a-reallocr.o)
 .ARM.attributes
                0x000000000000094b       0x34 /usr/lib/gcc/arm-none-eabi/10.1.0/../../../../arm-none-eabi/lib/thumb/v7e-m+fp/hard/libc.a(lib_a-reent.o)
 .ARM.attributes
                0x000000000000097f       0x34 /usr/lib/gcc/arm-none-eabi/10.1.0/../../../../arm-none-eabi/lib/thumb/v7e-m+fp/hard/libc.a(lib_a-vfiprintf.o)
 .ARM.attributes
                0x00000000000009b3       0x34 /usr/lib/gcc/arm-none-eabi/10.1.0/../../../../arm-none-eabi/lib/thumb/v7e-m+fp/hard/libc.a(lib_a-wsetup.o)
 .ARM.attributes
                0x00000000000009e7       0x34 /usr/lib/gcc/arm-none-eabi/10.1.0/../../../../arm-none-eabi/lib/thumb/v7e-m+fp/hard/libc.a(lib_a-abort.o)
 .ARM.attributes
                0x0000000000000a1b       0x34 /usr/lib/gcc/arm-none-eabi/10.1.0/../../../../arm-none-eabi/lib/thumb/v7e-m+fp/hard/libc.a(lib_a-fflush.o)
 .ARM.attributes
                0x0000000000000a4f       0x34 /usr/lib/gcc/arm-none-eabi/10.1.0/../../../../arm-none-eabi/lib/thumb/v7e-m+fp/hard/libc.a(lib_a-findfp.o)
 .ARM.attributes
                0x0000000000000a83       0x34 /usr/lib/gcc/arm-none-eabi/10.1.0/../../../../arm-none-eabi/lib/thumb/v7e-m+fp/hard/libc.a(lib_a-fputwc.o)
 .ARM.attributes
                0x0000000000000ab7       0x34 /usr/lib/gcc/arm-none-eabi/10.1.0/../../../../arm-none-eabi/lib/thumb/v7e-m+fp/hard/libc.a(lib_a-fvwrite.o)
 .ARM.attributes
                0x0000000000000aeb       0x34 /usr/lib/gcc/arm-none-eabi/10.1.0/../../../../arm-none-eabi/lib/thumb/v7e-m+fp/hard/libc.a(lib_a-fwalk.o)
 .ARM.attributes
                0x0000000000000b1f       0x34 /usr/lib/gcc/arm-none-eabi/10.1.0/../../../../arm-none-eabi/lib/thumb/v7e-m+fp/hard/libc.a(lib_a-makebuf.o)
 .ARM.attributes
                0x0000000000000b53       0x34 /usr/lib/gcc/arm-none-eabi/10.1.0/../../../../arm-none-eabi/lib/thumb/v7e-m+fp/hard/libc.a(lib_a-signal.o)
 .ARM.attributes
                0x0000000000000b87       0x34 /usr/lib/gcc/arm-none-eabi/10.1.0/../../../../arm-none-eabi/lib/thumb/v7e-m+fp/hard/libc.a(lib_a-signalr.o)
 .ARM.attributes
                0x0000000000000bbb       0x34 /usr/lib/gcc/arm-none-eabi/10.1.0/../../../../arm-none-eabi/lib/thumb/v7e-m+fp/hard/libc.a(lib_a-stdio.o)
 .ARM.attributes
                0x0000000000000bef       0x34 /usr/lib/gcc/arm-none-eabi/10.1.0/../../../../arm-none-eabi/lib/thumb/v7e-m+fp/hard/libc.a(lib_a-wbuf.o)
 .ARM.attributes
                0x0000000000000c23       0x34 /usr/lib/gcc/arm-none-eabi/10.1.0/../../../../arm-none-eabi/lib/thumb/v7e-m+fp/hard/libc.a(lib_a-wcrtomb.o)
 .ARM.attributes
                0x0000000000000c57       0x34 /usr/lib/gcc/arm-none-eabi/10.1.0/../../../../arm-none-eabi/lib/thumb/v7e-m+fp/hard/libc.a(lib_a-writer.o)
 .ARM.attributes
                0x0000000000000c8b       0x34 /usr/lib/gcc/arm-none-eabi/10.1.0/../../../../arm-none-eabi/lib/thumb/v7e-m+fp/hard/libc.a(lib_a-closer.o)
 .ARM.attributes
                0x0000000000000cbf       0x34 /usr/lib/gcc/arm-none-eabi/10.1.0/../../../../arm-none-eabi/lib/thumb/v7e-m+fp/hard/libc.a(lib_a-fclose.o)
 .ARM.attributes
                0x0000000000000cf3       0x34 /usr/lib/gcc/arm-none-eabi/10.1.0/../../../../arm-none-eabi/lib/thumb/v7e-m+fp/hard/libc.a(lib_a-fstatr.o)
 .ARM.attributes
                0x0000000000000d27       0x34 /usr/lib/gcc/arm-none-eabi/10.1.0/../../../../arm-none-eabi/lib/thumb/v7e-m+fp/hard/libc.a(lib_a-isattyr.o)
 .ARM.attributes
                0x0000000000000d5b       0x34 /usr/lib/gcc/arm-none-eabi/10.1.0/../../../../arm-none-eabi/lib/thumb/v7e-m+fp/hard/libc.a(lib_a-lseekr.o)
 .ARM.attributes
                0x0000000000000d8f       0x34 /usr/lib/gcc/arm-none-eabi/10.1.0/../../../../arm-none-eabi/lib/thumb/v7e-m+fp/hard/libc.a(lib_a-readr.o)
 .ARM.attributes
                0x0000000000000dc3       0x34 /usr/lib/gcc/arm-none-eabi/10.1.0/../../../../arm-none-eabi/lib/thumb/v7e-m+fp/hard/libnosys.a(close.o)
 .ARM.attributes
                0x0000000000000df7       0x34 /usr/lib/gcc/arm-none-eabi/10.1.0/../../../../arm-none-eabi/lib/thumb/v7e-m+fp/hard/libnosys.a(fstat.o)
 .ARM.attributes
                0x0000000000000e2b       0x34 /usr/lib/gcc/arm-none-eabi/10.1.0/../../../../arm-none-eabi/lib/thumb/v7e-m+fp/hard/libnosys.a(getpid.o)
 .ARM.attributes
                0x0000000000000e5f       0x34 /usr/lib/gcc/arm-none-eabi/10.1.0/../../../../arm-none-eabi/lib/thumb/v7e-m+fp/hard/libnosys.a(isatty.o)
 .ARM.attributes
                0x0000000000000e93       0x34 /usr/lib/gcc/arm-none-eabi/10.1.0/../../../../arm-none-eabi/lib/thumb/v7e-m+fp/hard/libnosys.a(kill.o)
 .ARM.attributes
                0x0000000000000ec7       0x34 /usr/lib/gcc/arm-none-eabi/10.1.0/../../../../arm-none-eabi/lib/thumb/v7e-m+fp/hard/libnosys.a(lseek.o)
 .ARM.attributes
                0x0000000000000efb       0x34 /usr/lib/gcc/arm-none-eabi/10.1.0/../../../../arm-none-eabi/lib/thumb/v7e-m+fp/hard/libnosys.a(read.o)
 .ARM.attributes
                0x0000000000000f2f       0x34 /usr/lib/gcc/arm-none-eabi/10.1.0/../../../../arm-none-eabi/lib/thumb/v7e-m+fp/hard/libnosys.a(sbrk.o)
 .ARM.attributes
                0x0000000000000f63       0x34 /usr/lib/gcc/arm-none-eabi/10.1.0/../../../../arm-none-eabi/lib/thumb/v7e-m+fp/hard/libnosys.a(write.o)
 .ARM.attributes
                0x0000000000000f97       0x34 /usr/lib/gcc/arm-none-eabi/10.1.0/../../../../arm-none-eabi/lib/thumb/v7e-m+fp/hard/libnosys.a(_exit.o)
 .ARM.attributes
                0x0000000000000fcb       0x1e /usr/lib/gcc/arm-none-eabi/10.1.0/thumb/v7e-m+fp/hard/libgcc.a(_arm_addsubdf3.o)
 .ARM.attributes
                0x0000000000000fe9       0x1e /usr/lib/gcc/arm-none-eabi/10.1.0/thumb/v7e-m+fp/hard/libgcc.a(_arm_muldivdf3.o)
 .ARM.attributes
                0x0000000000001007       0x1e /usr/lib/gcc/arm-none-eabi/10.1.0/thumb/v7e-m+fp/hard/libgcc.a(_arm_cmpdf2.o)
 .ARM.attributes
                0x0000000000001025       0x1e /usr/lib/gcc/arm-none-eabi/10.1.0/thumb/v7e-m+fp/hard/libgcc.a(_arm_unorddf2.o)
 .ARM.attributes
                0x0000000000001043       0x1e /usr/lib/gcc/arm-none-eabi/10.1.0/thumb/v7e-m+fp/hard/libgcc.a(_arm_fixdfsi.o)
 .ARM.attributes
                0x0000000000001061       0x1e /usr/lib/gcc/arm-none-eabi/10.1.0/thumb/v7e-m+fp/hard/libgcc.a(_aeabi_uldivmod.o)
 .ARM.attributes
                0x000000000000107f       0x34 /usr/lib/gcc/arm-none-eabi/10.1.0/thumb/v7e-m+fp/hard/libgcc.a(_udivmoddi4.o)
 .ARM.attributes
                0x00000000000010b3       0x1e /usr/lib/gcc/arm-none-eabi/10.1.0/thumb/v7e-m+fp/hard/libgcc.a(_dvmd_tls.o)
 .ARM.attributes
                0x00000000000010d1       0x1e /usr/lib/gcc/arm-none-eabi/10.1.0/thumb/v7e-m+fp/hard/crtn.o
OUTPUT(build/wr_mem.elf elf32-littlearm)
LOAD linker stubs
LOAD /usr/lib/gcc/arm-none-eabi/10.1.0/../../../../arm-none-eabi/lib/thumb/v7e-m+fp/hard/libc.a
LOAD /usr/lib/gcc/arm-none-eabi/10.1.0/../../../../arm-none-eabi/lib/thumb/v7e-m+fp/hard/libm.a
LOAD /usr/lib/gcc/arm-none-eabi/10.1.0/thumb/v7e-m+fp/hard/libgcc.a

.debug_info     0x0000000000000000     0xb4ff
 .debug_info    0x0000000000000000      0xc98 build/stm32l4xx_hal.o
 .debug_info    0x0000000000000c98     0x117a build/stm32l4xx_hal_cortex.o
 .debug_info    0x0000000000001e12      0x922 build/stm32l4xx_hal_flash.o
 .debug_info    0x0000000000002734      0xb8b build/stm32l4xx_hal_flash_ex.o
 .debug_info    0x00000000000032bf      0x901 build/stm32l4xx_hal_gpio.o
 .debug_info    0x0000000000003bc0      0xb9e build/stm32l4xx_hal_pwr_ex.o
 .debug_info    0x000000000000475e     0x1057 build/stm32l4xx_hal_rcc.o
 .debug_info    0x00000000000057b5     0x13d5 build/stm32l4xx_hal_rcc_ex.o
 .debug_info    0x0000000000006b8a     0x21cd build/stm32l4xx_hal_uart.o
 .debug_info    0x0000000000008d57     0x13b1 build/main.o
 .debug_info    0x000000000000a108      0xbe7 build/stm32l4xx_hal_msp.o
 .debug_info    0x000000000000acef      0x15b build/stm32l4xx_it.o
 .debug_info    0x000000000000ae4a      0x693 build/system_stm32l4xx.o
 .debug_info    0x000000000000b4dd       0x22 build/startup_stm32l476xx.o

.debug_abbrev   0x0000000000000000     0x1de5
 .debug_abbrev  0x0000000000000000      0x249 build/stm32l4xx_hal.o
 .debug_abbrev  0x0000000000000249      0x382 build/stm32l4xx_hal_cortex.o
 .debug_abbrev  0x00000000000005cb      0x36a build/stm32l4xx_hal_flash.o
 .debug_abbrev  0x0000000000000935      0x281 build/stm32l4xx_hal_flash_ex.o
 .debug_abbrev  0x0000000000000bb6      0x222 build/stm32l4xx_hal_gpio.o
 .debug_abbrev  0x0000000000000dd8      0x234 build/stm32l4xx_hal_pwr_ex.o
 .debug_abbrev  0x000000000000100c      0x28e build/stm32l4xx_hal_rcc.o
 .debug_abbrev  0x000000000000129a      0x2b0 build/stm32l4xx_hal_rcc_ex.o
 .debug_abbrev  0x000000000000154a      0x282 build/stm32l4xx_hal_uart.o
 .debug_abbrev  0x00000000000017cc      0x2b4 build/main.o
 .debug_abbrev  0x0000000000001a80      0x192 build/stm32l4xx_hal_msp.o
 .debug_abbrev  0x0000000000001c12       0x81 build/stm32l4xx_it.o
 .debug_abbrev  0x0000000000001c93      0x140 build/system_stm32l4xx.o
 .debug_abbrev  0x0000000000001dd3       0x12 build/startup_stm32l476xx.o

.debug_loc      0x0000000000000000     0x7905
 .debug_loc     0x0000000000000000      0x296 build/stm32l4xx_hal.o
 .debug_loc     0x0000000000000296      0x7a4 build/stm32l4xx_hal_cortex.o
 .debug_loc     0x0000000000000a3a      0x69c build/stm32l4xx_hal_flash.o
 .debug_loc     0x00000000000010d6      0x9d0 build/stm32l4xx_hal_flash_ex.o
 .debug_loc     0x0000000000001aa6      0x450 build/stm32l4xx_hal_gpio.o
 .debug_loc     0x0000000000001ef6      0xb66 build/stm32l4xx_hal_pwr_ex.o
 .debug_loc     0x0000000000002a5c      0x99d build/stm32l4xx_hal_rcc.o
 .debug_loc     0x00000000000033f9     0x1cf1 build/stm32l4xx_hal_rcc_ex.o
 .debug_loc     0x00000000000050ea     0x23cc build/stm32l4xx_hal_uart.o
 .debug_loc     0x00000000000074b6      0x130 build/main.o
 .debug_loc     0x00000000000075e6      0x114 build/stm32l4xx_hal_msp.o
 .debug_loc     0x00000000000076fa       0x20 build/stm32l4xx_it.o
 .debug_loc     0x000000000000771a      0x1eb build/system_stm32l4xx.o

.debug_aranges  0x0000000000000000      0x918
 .debug_aranges
                0x0000000000000000      0x130 build/stm32l4xx_hal.o
 .debug_aranges
                0x0000000000000130       0xa8 build/stm32l4xx_hal_cortex.o
 .debug_aranges
                0x00000000000001d8       0x88 build/stm32l4xx_hal_flash.o
 .debug_aranges
                0x0000000000000260       0x90 build/stm32l4xx_hal_flash_ex.o
 .debug_aranges
                0x00000000000002f0       0x58 build/stm32l4xx_hal_gpio.o
 .debug_aranges
                0x0000000000000348      0x150 build/stm32l4xx_hal_pwr_ex.o
 .debug_aranges
                0x0000000000000498       0x88 build/stm32l4xx_hal_rcc.o
 .debug_aranges
                0x0000000000000520       0xc0 build/stm32l4xx_hal_rcc_ex.o
 .debug_aranges
                0x00000000000005e0      0x210 build/stm32l4xx_hal_uart.o
 .debug_aranges
                0x00000000000007f0       0x48 build/main.o
 .debug_aranges
                0x0000000000000838       0x30 build/stm32l4xx_hal_msp.o
 .debug_aranges
                0x0000000000000868       0x60 build/stm32l4xx_it.o
 .debug_aranges
                0x00000000000008c8       0x28 build/system_stm32l4xx.o
 .debug_aranges
                0x00000000000008f0       0x28 build/startup_stm32l476xx.o

.debug_ranges   0x0000000000000000      0x8d0
 .debug_ranges  0x0000000000000000      0x120 build/stm32l4xx_hal.o
 .debug_ranges  0x0000000000000120       0xf8 build/stm32l4xx_hal_cortex.o
 .debug_ranges  0x0000000000000218       0x78 build/stm32l4xx_hal_flash.o
 .debug_ranges  0x0000000000000290       0x80 build/stm32l4xx_hal_flash_ex.o
 .debug_ranges  0x0000000000000310       0x48 build/stm32l4xx_hal_gpio.o
 .debug_ranges  0x0000000000000358      0x140 build/stm32l4xx_hal_pwr_ex.o
 .debug_ranges  0x0000000000000498       0x90 build/stm32l4xx_hal_rcc.o
 .debug_ranges  0x0000000000000528       0xc8 build/stm32l4xx_hal_rcc_ex.o
 .debug_ranges  0x00000000000005f0      0x200 build/stm32l4xx_hal_uart.o
 .debug_ranges  0x00000000000007f0       0x38 build/main.o
 .debug_ranges  0x0000000000000828       0x20 build/stm32l4xx_hal_msp.o
 .debug_ranges  0x0000000000000848       0x50 build/stm32l4xx_it.o
 .debug_ranges  0x0000000000000898       0x18 build/system_stm32l4xx.o
 .debug_ranges  0x00000000000008b0       0x20 build/startup_stm32l476xx.o

.debug_line     0x0000000000000000     0x802e
 .debug_line    0x0000000000000000      0x62b build/stm32l4xx_hal.o
 .debug_line    0x000000000000062b      0x70b build/stm32l4xx_hal_cortex.o
 .debug_line    0x0000000000000d36      0x733 build/stm32l4xx_hal_flash.o
 .debug_line    0x0000000000001469      0xad4 build/stm32l4xx_hal_flash_ex.o
 .debug_line    0x0000000000001f3d      0x660 build/stm32l4xx_hal_gpio.o
 .debug_line    0x000000000000259d      0xa50 build/stm32l4xx_hal_pwr_ex.o
 .debug_line    0x0000000000002fed      0xe4a build/stm32l4xx_hal_rcc.o
 .debug_line    0x0000000000003e37     0x14ce build/stm32l4xx_hal_rcc_ex.o
 .debug_line    0x0000000000005305     0x2250 build/stm32l4xx_hal_uart.o
 .debug_line    0x0000000000007555      0x486 build/main.o
 .debug_line    0x00000000000079db      0x20d build/stm32l4xx_hal_msp.o
 .debug_line    0x0000000000007be8      0x160 build/stm32l4xx_it.o
 .debug_line    0x0000000000007d48      0x273 build/system_stm32l4xx.o
 .debug_line    0x0000000000007fbb       0x73 build/startup_stm32l476xx.o

.debug_str      0x0000000000000000     0x3409
 .debug_str     0x0000000000000000      0xbe5 build/stm32l4xx_hal.o
                                        0xc57 (size before relaxing)
 .debug_str     0x0000000000000be5      0x4b2 build/stm32l4xx_hal_cortex.o
                                        0xbf9 (size before relaxing)
 .debug_str     0x0000000000001097      0x428 build/stm32l4xx_hal_flash.o
                                        0x63f (size before relaxing)
 .debug_str     0x00000000000014bf      0x26f build/stm32l4xx_hal_flash_ex.o
                                        0x6bd (size before relaxing)
 .debug_str     0x000000000000172e      0x1d7 build/stm32l4xx_hal_gpio.o
                                        0x51a (size before relaxing)
 .debug_str     0x0000000000001905      0x557 build/stm32l4xx_hal_pwr_ex.o
                                        0x7ee (size before relaxing)
 .debug_str     0x0000000000001e5c      0x383 build/stm32l4xx_hal_rcc.o
                                        0x859 (size before relaxing)
 .debug_str     0x00000000000021df      0x592 build/stm32l4xx_hal_rcc_ex.o
                                        0xa95 (size before relaxing)
 .debug_str     0x0000000000002771      0xafe build/stm32l4xx_hal_uart.o
                                        0xf28 (size before relaxing)
 .debug_str     0x000000000000326f       0x85 build/main.o
                                        0xcc7 (size before relaxing)
 .debug_str     0x00000000000032f4       0x18 build/stm32l4xx_hal_msp.o
                                        0x773 (size before relaxing)
 .debug_str     0x000000000000330c       0xa3 build/stm32l4xx_it.o
                                        0x204 (size before relaxing)
 .debug_str     0x00000000000033af       0x38 build/system_stm32l4xx.o
                                        0x3b4 (size before relaxing)
 .debug_str     0x00000000000033e7       0x22 build/startup_stm32l476xx.o
                                         0x55 (size before relaxing)

.comment        0x0000000000000000       0x1e
 .comment       0x0000000000000000       0x1e build/stm32l4xx_hal.o
                                         0x1f (size before relaxing)
 .comment       0x000000000000001e       0x1f build/stm32l4xx_hal_cortex.o
 .comment       0x000000000000001e       0x1f build/stm32l4xx_hal_flash.o
 .comment       0x000000000000001e       0x1f build/stm32l4xx_hal_flash_ex.o
 .comment       0x000000000000001e       0x1f build/stm32l4xx_hal_gpio.o
 .comment       0x000000000000001e       0x1f build/stm32l4xx_hal_pwr_ex.o
 .comment       0x000000000000001e       0x1f build/stm32l4xx_hal_rcc.o
 .comment       0x000000000000001e       0x1f build/stm32l4xx_hal_rcc_ex.o
 .comment       0x000000000000001e       0x1f build/stm32l4xx_hal_uart.o
 .comment       0x000000000000001e       0x1f build/main.o
 .comment       0x000000000000001e       0x1f build/stm32l4xx_hal_msp.o
 .comment       0x000000000000001e       0x1f build/stm32l4xx_it.o
 .comment       0x000000000000001e       0x1f build/system_stm32l4xx.o

.debug_frame    0x0000000000000000     0x2c0c
 .debug_frame   0x0000000000000000      0x274 build/stm32l4xx_hal.o
 .debug_frame   0x0000000000000274      0x148 build/stm32l4xx_hal_cortex.o
 .debug_frame   0x00000000000003bc      0x134 build/stm32l4xx_hal_flash.o
 .debug_frame   0x00000000000004f0      0x178 build/stm32l4xx_hal_flash_ex.o
 .debug_frame   0x0000000000000668       0xd0 build/stm32l4xx_hal_gpio.o
 .debug_frame   0x0000000000000738      0x298 build/stm32l4xx_hal_pwr_ex.o
 .debug_frame   0x00000000000009d0      0x18c build/stm32l4xx_hal_rcc.o
 .debug_frame   0x0000000000000b5c      0x204 build/stm32l4xx_hal_rcc_ex.o
 .debug_frame   0x0000000000000d60      0x5c4 build/stm32l4xx_hal_uart.o
 .debug_frame   0x0000000000001324       0xa8 build/main.o
 .debug_frame   0x00000000000013cc       0x60 build/stm32l4xx_hal_msp.o
 .debug_frame   0x000000000000142c       0xa8 build/stm32l4xx_it.o
 .debug_frame   0x00000000000014d4       0x30 build/system_stm32l4xx.o
 .debug_frame   0x0000000000001504       0x20 /usr/lib/gcc/arm-none-eabi/10.1.0/../../../../arm-none-eabi/lib/thumb/v7e-m+fp/hard/libc.a(lib_a-atexit.o)
 .debug_frame   0x0000000000001524       0x34 /usr/lib/gcc/arm-none-eabi/10.1.0/../../../../arm-none-eabi/lib/thumb/v7e-m+fp/hard/libc.a(lib_a-fini.o)
 .debug_frame   0x0000000000001558       0x2c /usr/lib/gcc/arm-none-eabi/10.1.0/../../../../arm-none-eabi/lib/thumb/v7e-m+fp/hard/libc.a(lib_a-init.o)
 .debug_frame   0x0000000000001584       0x38 /usr/lib/gcc/arm-none-eabi/10.1.0/../../../../arm-none-eabi/lib/thumb/v7e-m+fp/hard/libc.a(lib_a-memset.o)
 .debug_frame   0x00000000000015bc       0x7c /usr/lib/gcc/arm-none-eabi/10.1.0/../../../../arm-none-eabi/lib/thumb/v7e-m+fp/hard/libc.a(lib_a-sprintf.o)
 .debug_frame   0x0000000000001638       0x68 /usr/lib/gcc/arm-none-eabi/10.1.0/../../../../arm-none-eabi/lib/thumb/v7e-m+fp/hard/libc.a(lib_a-svfprintf.o)
 .debug_frame   0x00000000000016a0       0x34 /usr/lib/gcc/arm-none-eabi/10.1.0/../../../../arm-none-eabi/lib/thumb/v7e-m+fp/hard/libc.a(lib_a-__atexit.o)
 .debug_frame   0x00000000000016d4       0x68 /usr/lib/gcc/arm-none-eabi/10.1.0/../../../../arm-none-eabi/lib/thumb/v7e-m+fp/hard/libc.a(lib_a-__call_atexit.o)
 .debug_frame   0x000000000000173c       0xc4 /usr/lib/gcc/arm-none-eabi/10.1.0/../../../../arm-none-eabi/lib/thumb/v7e-m+fp/hard/libc.a(lib_a-dtoa.o)
 .debug_frame   0x0000000000001800       0x8c /usr/lib/gcc/arm-none-eabi/10.1.0/../../../../arm-none-eabi/lib/thumb/v7e-m+fp/hard/libc.a(lib_a-freer.o)
 .debug_frame   0x000000000000188c       0x40 /usr/lib/gcc/arm-none-eabi/10.1.0/../../../../arm-none-eabi/lib/thumb/v7e-m+fp/hard/libc.a(lib_a-localeconv.o)
 .debug_frame   0x00000000000018cc       0x54 /usr/lib/gcc/arm-none-eabi/10.1.0/../../../../arm-none-eabi/lib/thumb/v7e-m+fp/hard/libc.a(lib_a-locale.o)
 .debug_frame   0x0000000000001920       0xb0 /usr/lib/gcc/arm-none-eabi/10.1.0/../../../../arm-none-eabi/lib/thumb/v7e-m+fp/hard/libc.a(lib_a-lock.o)
 .debug_frame   0x00000000000019d0       0x4c /usr/lib/gcc/arm-none-eabi/10.1.0/../../../../arm-none-eabi/lib/thumb/v7e-m+fp/hard/libc.a(lib_a-mallocr.o)
 .debug_frame   0x0000000000001a1c       0x4c /usr/lib/gcc/arm-none-eabi/10.1.0/../../../../arm-none-eabi/lib/thumb/v7e-m+fp/hard/libc.a(lib_a-mbtowc_r.o)
 .debug_frame   0x0000000000001a68       0x30 /usr/lib/gcc/arm-none-eabi/10.1.0/../../../../arm-none-eabi/lib/thumb/v7e-m+fp/hard/libc.a(lib_a-mlock.o)
 .debug_frame   0x0000000000001a98      0x27c /usr/lib/gcc/arm-none-eabi/10.1.0/../../../../arm-none-eabi/lib/thumb/v7e-m+fp/hard/libc.a(lib_a-mprec.o)
 .debug_frame   0x0000000000001d14       0x2c /usr/lib/gcc/arm-none-eabi/10.1.0/../../../../arm-none-eabi/lib/thumb/v7e-m+fp/hard/libc.a(lib_a-sbrkr.o)
 .debug_frame   0x0000000000001d40       0x2c /usr/lib/gcc/arm-none-eabi/10.1.0/../../../../arm-none-eabi/lib/thumb/v7e-m+fp/hard/libc.a(lib_a-s_frexp.o)
 .debug_frame   0x0000000000001d6c       0x38 /usr/lib/gcc/arm-none-eabi/10.1.0/../../../../arm-none-eabi/lib/thumb/v7e-m+fp/hard/libc.a(lib_a-strncpy.o)
 .debug_frame   0x0000000000001da4       0x88 /usr/lib/gcc/arm-none-eabi/10.1.0/../../../../arm-none-eabi/lib/thumb/v7e-m+fp/hard/libc.a(lib_a-svfiprintf.o)
 .debug_frame   0x0000000000001e2c       0x3c /usr/lib/gcc/arm-none-eabi/10.1.0/../../../../arm-none-eabi/lib/thumb/v7e-m+fp/hard/libc.a(lib_a-wctomb_r.o)
 .debug_frame   0x0000000000001e68       0x40 /usr/lib/gcc/arm-none-eabi/10.1.0/../../../../arm-none-eabi/lib/thumb/v7e-m+fp/hard/libc.a(lib_a-assert.o)
 .debug_frame   0x0000000000001ea8       0x28 /usr/lib/gcc/arm-none-eabi/10.1.0/../../../../arm-none-eabi/lib/thumb/v7e-m+fp/hard/libc.a(lib_a-callocr.o)
 .debug_frame   0x0000000000001ed0       0x70 /usr/lib/gcc/arm-none-eabi/10.1.0/../../../../arm-none-eabi/lib/thumb/v7e-m+fp/hard/libc.a(lib_a-fiprintf.o)
 .debug_frame   0x0000000000001f40       0x40 /usr/lib/gcc/arm-none-eabi/10.1.0/../../../../arm-none-eabi/lib/thumb/v7e-m+fp/hard/libc.a(lib_a-memmove.o)
 .debug_frame   0x0000000000001f80       0x48 /usr/lib/gcc/arm-none-eabi/10.1.0/../../../../arm-none-eabi/lib/thumb/v7e-m+fp/hard/libc.a(lib_a-reallocr.o)
 .debug_frame   0x0000000000001fc8       0x60 /usr/lib/gcc/arm-none-eabi/10.1.0/../../../../arm-none-eabi/lib/thumb/v7e-m+fp/hard/libc.a(lib_a-reent.o)
 .debug_frame   0x0000000000002028       0xe8 /usr/lib/gcc/arm-none-eabi/10.1.0/../../../../arm-none-eabi/lib/thumb/v7e-m+fp/hard/libc.a(lib_a-vfiprintf.o)
 .debug_frame   0x0000000000002110       0x2c /usr/lib/gcc/arm-none-eabi/10.1.0/../../../../arm-none-eabi/lib/thumb/v7e-m+fp/hard/libc.a(lib_a-wsetup.o)
 .debug_frame   0x000000000000213c       0x28 /usr/lib/gcc/arm-none-eabi/10.1.0/../../../../arm-none-eabi/lib/thumb/v7e-m+fp/hard/libc.a(lib_a-abort.o)
 .debug_frame   0x0000000000002164       0x5c /usr/lib/gcc/arm-none-eabi/10.1.0/../../../../arm-none-eabi/lib/thumb/v7e-m+fp/hard/libc.a(lib_a-fflush.o)
 .debug_frame   0x00000000000021c0      0x14c /usr/lib/gcc/arm-none-eabi/10.1.0/../../../../arm-none-eabi/lib/thumb/v7e-m+fp/hard/libc.a(lib_a-findfp.o)
 .debug_frame   0x000000000000230c       0xa4 /usr/lib/gcc/arm-none-eabi/10.1.0/../../../../arm-none-eabi/lib/thumb/v7e-m+fp/hard/libc.a(lib_a-fputwc.o)
 .debug_frame   0x00000000000023b0       0x64 /usr/lib/gcc/arm-none-eabi/10.1.0/../../../../arm-none-eabi/lib/thumb/v7e-m+fp/hard/libc.a(lib_a-fvwrite.o)
 .debug_frame   0x0000000000002414       0x54 /usr/lib/gcc/arm-none-eabi/10.1.0/../../../../arm-none-eabi/lib/thumb/v7e-m+fp/hard/libc.a(lib_a-fwalk.o)
 .debug_frame   0x0000000000002468       0x6c /usr/lib/gcc/arm-none-eabi/10.1.0/../../../../arm-none-eabi/lib/thumb/v7e-m+fp/hard/libc.a(lib_a-makebuf.o)
 .debug_frame   0x00000000000024d4       0xe0 /usr/lib/gcc/arm-none-eabi/10.1.0/../../../../arm-none-eabi/lib/thumb/v7e-m+fp/hard/libc.a(lib_a-signal.o)
 .debug_frame   0x00000000000025b4       0x3c /usr/lib/gcc/arm-none-eabi/10.1.0/../../../../arm-none-eabi/lib/thumb/v7e-m+fp/hard/libc.a(lib_a-signalr.o)
 .debug_frame   0x00000000000025f0       0x8c /usr/lib/gcc/arm-none-eabi/10.1.0/../../../../arm-none-eabi/lib/thumb/v7e-m+fp/hard/libc.a(lib_a-stdio.o)
 .debug_frame   0x000000000000267c       0x40 /usr/lib/gcc/arm-none-eabi/10.1.0/../../../../arm-none-eabi/lib/thumb/v7e-m+fp/hard/libc.a(lib_a-wbuf.o)
 .debug_frame   0x00000000000026bc       0x64 /usr/lib/gcc/arm-none-eabi/10.1.0/../../../../arm-none-eabi/lib/thumb/v7e-m+fp/hard/libc.a(lib_a-wcrtomb.o)
 .debug_frame   0x0000000000002720       0x2c /usr/lib/gcc/arm-none-eabi/10.1.0/../../../../arm-none-eabi/lib/thumb/v7e-m+fp/hard/libc.a(lib_a-writer.o)
 .debug_frame   0x000000000000274c       0x2c /usr/lib/gcc/arm-none-eabi/10.1.0/../../../../arm-none-eabi/lib/thumb/v7e-m+fp/hard/libc.a(lib_a-closer.o)
 .debug_frame   0x0000000000002778       0x3c /usr/lib/gcc/arm-none-eabi/10.1.0/../../../../arm-none-eabi/lib/thumb/v7e-m+fp/hard/libc.a(lib_a-fclose.o)
 .debug_frame   0x00000000000027b4       0x2c /usr/lib/gcc/arm-none-eabi/10.1.0/../../../../arm-none-eabi/lib/thumb/v7e-m+fp/hard/libc.a(lib_a-fstatr.o)
 .debug_frame   0x00000000000027e0       0x2c /usr/lib/gcc/arm-none-eabi/10.1.0/../../../../arm-none-eabi/lib/thumb/v7e-m+fp/hard/libc.a(lib_a-isattyr.o)
 .debug_frame   0x000000000000280c       0x2c /usr/lib/gcc/arm-none-eabi/10.1.0/../../../../arm-none-eabi/lib/thumb/v7e-m+fp/hard/libc.a(lib_a-lseekr.o)
 .debug_frame   0x0000000000002838       0x2c /usr/lib/gcc/arm-none-eabi/10.1.0/../../../../arm-none-eabi/lib/thumb/v7e-m+fp/hard/libc.a(lib_a-readr.o)
 .debug_frame   0x0000000000002864       0x20 /usr/lib/gcc/arm-none-eabi/10.1.0/../../../../arm-none-eabi/lib/thumb/v7e-m+fp/hard/libnosys.a(close.o)
 .debug_frame   0x0000000000002884       0x20 /usr/lib/gcc/arm-none-eabi/10.1.0/../../../../arm-none-eabi/lib/thumb/v7e-m+fp/hard/libnosys.a(fstat.o)
 .debug_frame   0x00000000000028a4       0x20 /usr/lib/gcc/arm-none-eabi/10.1.0/../../../../arm-none-eabi/lib/thumb/v7e-m+fp/hard/libnosys.a(getpid.o)
 .debug_frame   0x00000000000028c4       0x20 /usr/lib/gcc/arm-none-eabi/10.1.0/../../../../arm-none-eabi/lib/thumb/v7e-m+fp/hard/libnosys.a(isatty.o)
 .debug_frame   0x00000000000028e4       0x20 /usr/lib/gcc/arm-none-eabi/10.1.0/../../../../arm-none-eabi/lib/thumb/v7e-m+fp/hard/libnosys.a(kill.o)
 .debug_frame   0x0000000000002904       0x20 /usr/lib/gcc/arm-none-eabi/10.1.0/../../../../arm-none-eabi/lib/thumb/v7e-m+fp/hard/libnosys.a(lseek.o)
 .debug_frame   0x0000000000002924       0x20 /usr/lib/gcc/arm-none-eabi/10.1.0/../../../../arm-none-eabi/lib/thumb/v7e-m+fp/hard/libnosys.a(read.o)
 .debug_frame   0x0000000000002944       0x20 /usr/lib/gcc/arm-none-eabi/10.1.0/../../../../arm-none-eabi/lib/thumb/v7e-m+fp/hard/libnosys.a(sbrk.o)
 .debug_frame   0x0000000000002964       0x20 /usr/lib/gcc/arm-none-eabi/10.1.0/../../../../arm-none-eabi/lib/thumb/v7e-m+fp/hard/libnosys.a(write.o)
 .debug_frame   0x0000000000002984       0x20 /usr/lib/gcc/arm-none-eabi/10.1.0/../../../../arm-none-eabi/lib/thumb/v7e-m+fp/hard/libnosys.a(_exit.o)
 .debug_frame   0x00000000000029a4       0xac /usr/lib/gcc/arm-none-eabi/10.1.0/thumb/v7e-m+fp/hard/libgcc.a(_arm_addsubdf3.o)
 .debug_frame   0x0000000000002a50       0x50 /usr/lib/gcc/arm-none-eabi/10.1.0/thumb/v7e-m+fp/hard/libgcc.a(_arm_muldivdf3.o)
 .debug_frame   0x0000000000002aa0       0xc4 /usr/lib/gcc/arm-none-eabi/10.1.0/thumb/v7e-m+fp/hard/libgcc.a(_arm_cmpdf2.o)
 .debug_frame   0x0000000000002b64       0x20 /usr/lib/gcc/arm-none-eabi/10.1.0/thumb/v7e-m+fp/hard/libgcc.a(_arm_unorddf2.o)
 .debug_frame   0x0000000000002b84       0x24 /usr/lib/gcc/arm-none-eabi/10.1.0/thumb/v7e-m+fp/hard/libgcc.a(_arm_fixdfsi.o)
 .debug_frame   0x0000000000002ba8       0x2c /usr/lib/gcc/arm-none-eabi/10.1.0/thumb/v7e-m+fp/hard/libgcc.a(_aeabi_uldivmod.o)
 .debug_frame   0x0000000000002bd4       0x38 /usr/lib/gcc/arm-none-eabi/10.1.0/thumb/v7e-m+fp/hard/libgcc.a(_udivmoddi4.o)

.stab           0x0000000000000000       0xcc
 .stab          0x0000000000000000       0x24 /usr/lib/gcc/arm-none-eabi/10.1.0/../../../../arm-none-eabi/lib/thumb/v7e-m+fp/hard/libnosys.a(close.o)
 .stab          0x0000000000000024       0x18 /usr/lib/gcc/arm-none-eabi/10.1.0/../../../../arm-none-eabi/lib/thumb/v7e-m+fp/hard/libnosys.a(fstat.o)
                                         0x24 (size before relaxing)
 .stab          0x000000000000003c       0x18 /usr/lib/gcc/arm-none-eabi/10.1.0/../../../../arm-none-eabi/lib/thumb/v7e-m+fp/hard/libnosys.a(getpid.o)
                                         0x24 (size before relaxing)
 .stab          0x0000000000000054       0x18 /usr/lib/gcc/arm-none-eabi/10.1.0/../../../../arm-none-eabi/lib/thumb/v7e-m+fp/hard/libnosys.a(isatty.o)
                                         0x24 (size before relaxing)
 .stab          0x000000000000006c       0x18 /usr/lib/gcc/arm-none-eabi/10.1.0/../../../../arm-none-eabi/lib/thumb/v7e-m+fp/hard/libnosys.a(kill.o)
                                         0x24 (size before relaxing)
 .stab          0x0000000000000084       0x18 /usr/lib/gcc/arm-none-eabi/10.1.0/../../../../arm-none-eabi/lib/thumb/v7e-m+fp/hard/libnosys.a(lseek.o)
                                         0x24 (size before relaxing)
 .stab          0x000000000000009c       0x18 /usr/lib/gcc/arm-none-eabi/10.1.0/../../../../arm-none-eabi/lib/thumb/v7e-m+fp/hard/libnosys.a(read.o)
                                         0x24 (size before relaxing)
 .stab          0x00000000000000b4       0x18 /usr/lib/gcc/arm-none-eabi/10.1.0/../../../../arm-none-eabi/lib/thumb/v7e-m+fp/hard/libnosys.a(write.o)
                                         0x24 (size before relaxing)

.stabstr        0x0000000000000000      0x1b9
 .stabstr       0x0000000000000000      0x1b9 /usr/lib/gcc/arm-none-eabi/10.1.0/../../../../arm-none-eabi/lib/thumb/v7e-m+fp/hard/libnosys.a(close.o)

Cross Reference Table

Symbol                                            File
ADC1_2_IRQHandler                                 build/startup_stm32l476xx.o
ADC3_IRQHandler                                   build/startup_stm32l476xx.o
AHBPrescTable                                     build/system_stm32l4xx.o
                                                  build/stm32l4xx_hal_rcc.o
APBPrescTable                                     build/system_stm32l4xx.o
                                                  build/stm32l4xx_hal_rcc.o
BusFault_Handler                                  build/stm32l4xx_it.o
CAN1_RX0_IRQHandler                               build/startup_stm32l476xx.o
CAN1_RX1_IRQHandler                               build/startup_stm32l476xx.o
CAN1_SCE_IRQHandler                               build/startup_stm32l476xx.o
CAN1_TX_IRQHandler                                build/startup_stm32l476xx.o
COMP_IRQHandler                                   build/startup_stm32l476xx.o
DFSDM1_FLT0_IRQHandler                            build/startup_stm32l476xx.o
DFSDM1_FLT1_IRQHandler                            build/startup_stm32l476xx.o
DFSDM1_FLT2_IRQHandler                            build/startup_stm32l476xx.o
DFSDM1_FLT3_IRQHandler                            build/startup_stm32l476xx.o
DMA1_Channel1_IRQHandler                          build/startup_stm32l476xx.o
DMA1_Channel2_IRQHandler                          build/startup_stm32l476xx.o
DMA1_Channel3_IRQHandler                          build/startup_stm32l476xx.o
DMA1_Channel4_IRQHandler                          build/startup_stm32l476xx.o
DMA1_Channel5_IRQHandler                          build/startup_stm32l476xx.o
DMA1_Channel6_IRQHandler                          build/startup_stm32l476xx.o
DMA1_Channel7_IRQHandler                          build/startup_stm32l476xx.o
DMA2_Channel1_IRQHandler                          build/startup_stm32l476xx.o
DMA2_Channel2_IRQHandler                          build/startup_stm32l476xx.o
DMA2_Channel3_IRQHandler                          build/startup_stm32l476xx.o
DMA2_Channel4_IRQHandler                          build/startup_stm32l476xx.o
DMA2_Channel5_IRQHandler                          build/startup_stm32l476xx.o
DMA2_Channel6_IRQHandler                          build/startup_stm32l476xx.o
DMA2_Channel7_IRQHandler                          build/startup_stm32l476xx.o
DebugMon_Handler                                  build/stm32l4xx_it.o
Default_Handler                                   build/startup_stm32l476xx.o