Archive member included to satisfy reference by file (symbol)

/usr/lib/gcc/arm-none-eabi/10.1.0/../../../../arm-none-eabi/lib/thumb/v7e-m+fp/hard/libc.a(lib_a-atexit.o)
                              /usr/lib/gcc/arm-none-eabi/10.1.0/../../../../arm-none-eabi/lib/thumb/v7e-m+fp/hard/crt0.o (atexit)
/usr/lib/gcc/arm-none-eabi/10.1.0/../../../../arm-none-eabi/lib/thumb/v7e-m+fp/hard/libc.a(lib_a-exit.o)
                              /usr/lib/gcc/arm-none-eabi/10.1.0/../../../../arm-none-eabi/lib/thumb/v7e-m+fp/hard/crt0.o (exit)
/usr/lib/gcc/arm-none-eabi/10.1.0/../../../../arm-none-eabi/lib/thumb/v7e-m+fp/hard/libc.a(lib_a-fini.o)
                              /usr/lib/gcc/arm-none-eabi/10.1.0/../../../../arm-none-eabi/lib/thumb/v7e-m+fp/hard/crt0.o (__libc_fini_array)
/usr/lib/gcc/arm-none-eabi/10.1.0/../../../../arm-none-eabi/lib/thumb/v7e-m+fp/hard/libc.a(lib_a-impure.o)
                              /usr/lib/gcc/arm-none-eabi/10.1.0/../../../../arm-none-eabi/lib/thumb/v7e-m+fp/hard/libc.a(lib_a-exit.o) (_global_impure_ptr)
/usr/lib/gcc/arm-none-eabi/10.1.0/../../../../arm-none-eabi/lib/thumb/v7e-m+fp/hard/libc.a(lib_a-init.o)
                              /usr/lib/gcc/arm-none-eabi/10.1.0/../../../../arm-none-eabi/lib/thumb/v7e-m+fp/hard/crt0.o (__libc_init_array)
/usr/lib/gcc/arm-none-eabi/10.1.0/../../../../arm-none-eabi/lib/thumb/v7e-m+fp/hard/libc.a(lib_a-memset.o)
                              /usr/lib/gcc/arm-none-eabi/10.1.0/../../../../arm-none-eabi/lib/thumb/v7e-m+fp/hard/crt0.o (memset)
/usr/lib/gcc/arm-none-eabi/10.1.0/../../../../arm-none-eabi/lib/thumb/v7e-m+fp/hard/libc.a(lib_a-sprintf.o)
                              build/main.o (sprintf)
/usr/lib/gcc/arm-none-eabi/10.1.0/../../../../arm-none-eabi/lib/thumb/v7e-m+fp/hard/libc.a(lib_a-strlen.o)
                              build/main.o (strlen)
/usr/lib/gcc/arm-none-eabi/10.1.0/../../../../arm-none-eabi/lib/thumb/v7e-m+fp/hard/libc.a(lib_a-svfprintf.o)
                              /usr/lib/gcc/arm-none-eabi/10.1.0/../../../../arm-none-eabi/lib/thumb/v7e-m+fp/hard/libc.a(lib_a-sprintf.o) (_svfprintf_r)
/usr/lib/gcc/arm-none-eabi/10.1.0/../../../../arm-none-eabi/lib/thumb/v7e-m+fp/hard/libc.a(lib_a-__atexit.o)
                              /usr/lib/gcc/arm-none-eabi/10.1.0/../../../../arm-none-eabi/lib/thumb/v7e-m+fp/hard/libc.a(lib_a-atexit.o) (__register_exitproc)
/usr/lib/gcc/arm-none-eabi/10.1.0/../../../../arm-none-eabi/lib/thumb/v7e-m+fp/hard/libc.a(lib_a-__call_atexit.o)
                              /usr/lib/gcc/arm-none-eabi/10.1.0/../../../../arm-none-eabi/lib/thumb/v7e-m+fp/hard/libc.a(lib_a-exit.o) (__call_exitprocs)
/usr/lib/gcc/arm-none-eabi/10.1.0/../../../../arm-none-eabi/lib/thumb/v7e-m+fp/hard/libc.a(lib_a-dtoa.o)
                              /usr/lib/gcc/arm-none-eabi/10.1.0/../../../../arm-none-eabi/lib/thumb/v7e-m+fp/hard/libc.a(lib_a-svfprintf.o) (_dtoa_r)
/usr/lib/gcc/arm-none-eabi/10.1.0/../../../../arm-none-eabi/lib/thumb/v7e-m+fp/hard/libc.a(lib_a-freer.o)
                              /usr/lib/gcc/arm-none-eabi/10.1.0/../../../../arm-none-eabi/lib/thumb/v7e-m+fp/hard/libc.a(lib_a-svfprintf.o) (_free_r)
/usr/lib/gcc/arm-none-eabi/10.1.0/../../../../arm-none-eabi/lib/thumb/v7e-m+fp/hard/libc.a(lib_a-localeconv.o)
                              /usr/lib/gcc/arm-none-eabi/10.1.0/../../../../arm-none-eabi/lib/thumb/v7e-m+fp/hard/libc.a(lib_a-svfprintf.o) (_localeconv_r)
/usr/lib/gcc/arm-none-eabi/10.1.0/../../../../arm-none-eabi/lib/thumb/v7e-m+fp/hard/libc.a(lib_a-locale.o)
                              /usr/lib/gcc/arm-none-eabi/10.1.0/../../../../arm-none-eabi/lib/thumb/v7e-m+fp/hard/libc.a(lib_a-localeconv.o) (__global_locale)
/usr/lib/gcc/arm-none-eabi/10.1.0/../../../../arm-none-eabi/lib/thumb/v7e-m+fp/hard/libc.a(lib_a-lock.o)
                              /usr/lib/gcc/arm-none-eabi/10.1.0/../../../../arm-none-eabi/lib/thumb/v7e-m+fp/hard/libc.a(lib_a-__atexit.o) (__retarget_lock_acquire_recursive)
/usr/lib/gcc/arm-none-eabi/10.1.0/../../../../arm-none-eabi/lib/thumb/v7e-m+fp/hard/libc.a(lib_a-mallocr.o)
                              /usr/lib/gcc/arm-none-eabi/10.1.0/../../../../arm-none-eabi/lib/thumb/v7e-m+fp/hard/libc.a(lib_a-svfprintf.o) (_malloc_r)
/usr/lib/gcc/arm-none-eabi/10.1.0/../../../../arm-none-eabi/lib/thumb/v7e-m+fp/hard/libc.a(lib_a-mbtowc_r.o)
                              /usr/lib/gcc/arm-none-eabi/10.1.0/../../../../arm-none-eabi/lib/thumb/v7e-m+fp/hard/libc.a(lib_a-locale.o) (__ascii_mbtowc)
/usr/lib/gcc/arm-none-eabi/10.1.0/../../../../arm-none-eabi/lib/thumb/v7e-m+fp/hard/libc.a(lib_a-memchr.o)
                              /usr/lib/gcc/arm-none-eabi/10.1.0/../../../../arm-none-eabi/lib/thumb/v7e-m+fp/hard/libc.a(lib_a-svfprintf.o) (memchr)
/usr/lib/gcc/arm-none-eabi/10.1.0/../../../../arm-none-eabi/lib/thumb/v7e-m+fp/hard/libc.a(lib_a-memcpy.o)
                              /usr/lib/gcc/arm-none-eabi/10.1.0/../../../../arm-none-eabi/lib/thumb/v7e-m+fp/hard/libc.a(lib_a-dtoa.o) (memcpy)
[...]
Memory Configuration

Name             Origin             Length             Attributes
RAM              0x0000000020000000 0x0000000000018000 xrw
RAM2             0x0000000010000000 0x0000000000008000 xrw
FLASH            0x0000000008000000 0x0000000000100000 xr
*default*        0x0000000000000000 0xffffffffffffffff

Linker script and memory map

LOAD /usr/lib/gcc/arm-none-eabi/10.1.0/thumb/v7e-m+fp/hard/crti.o
LOAD /usr/lib/gcc/arm-none-eabi/10.1.0/thumb/v7e-m+fp/hard/crtbegin.o
LOAD /usr/lib/gcc/arm-none-eabi/10.1.0/../../../../arm-none-eabi/lib/thumb/v7e-m+fp/hard/crt0.o
LOAD build/stm32l4xx_hal.o
LOAD build/stm32l4xx_hal_cortex.o
LOAD build/stm32l4xx_hal_dma.o
LOAD build/stm32l4xx_hal_dma_ex.o
LOAD build/stm32l4xx_hal_exti.o
LOAD build/stm32l4xx_hal_flash.o
LOAD build/stm32l4xx_hal_flash_ex.o
LOAD build/stm32l4xx_hal_flash_ramfunc.o
LOAD build/stm32l4xx_hal_gpio.o
LOAD build/stm32l4xx_hal_i2c.o
LOAD build/stm32l4xx_hal_i2c_ex.o
LOAD build/stm32l4xx_hal_pwr.o
LOAD build/stm32l4xx_hal_pwr_ex.o
LOAD build/stm32l4xx_hal_rcc.o
LOAD build/stm32l4xx_hal_rcc_ex.o
LOAD build/stm32l4xx_hal_spi.o
LOAD build/stm32l4xx_hal_spi_ex.o
LOAD build/stm32l4xx_hal_tim.o
LOAD build/stm32l4xx_hal_tim_ex.o
LOAD build/stm32l4xx_hal_uart.o
LOAD build/stm32l4xx_hal_uart_ex.o
LOAD build/main.o
LOAD build/stm32l4xx_hal_msp.o
LOAD build/stm32l4xx_it.o
LOAD build/system_stm32l4xx.o
LOAD build/startup_stm32l476xx.o
LOAD /usr/lib/gcc/arm-none-eabi/10.1.0/../../../../arm-none-eabi/lib/thumb/v7e-m+fp/hard/libc.a
LOAD /usr/lib/gcc/arm-none-eabi/10.1.0/../../../../arm-none-eabi/lib/thumb/v7e-m+fp/hard/libm.a
LOAD /usr/lib/gcc/arm-none-eabi/10.1.0/../../../../arm-none-eabi/lib/thumb/v7e-m+fp/hard/libnosys.a
START GROUP
LOAD /usr/lib/gcc/arm-none-eabi/10.1.0/thumb/v7e-m+fp/hard/libgcc.a
LOAD /usr/lib/gcc/arm-none-eabi/10.1.0/../../../../arm-none-eabi/lib/thumb/v7e-m+fp/hard/libc.a
END GROUP
START GROUP
LOAD /usr/lib/gcc/arm-none-eabi/10.1.0/thumb/v7e-m+fp/hard/libgcc.a
LOAD /usr/lib/gcc/arm-none-eabi/10.1.0/../../../../arm-none-eabi/lib/thumb/v7e-m+fp/hard/libc.a
LOAD /usr/lib/gcc/arm-none-eabi/10.1.0/../../../../arm-none-eabi/lib/thumb/v7e-m+fp/hard/libnosys.a
END GROUP
LOAD /usr/lib/gcc/arm-none-eabi/10.1.0/thumb/v7e-m+fp/hard/crtend.o
LOAD /usr/lib/gcc/arm-none-eabi/10.1.0/thumb/v7e-m+fp/hard/crtn.o
                0x0000000020018000                _estack = 0x20018000
                0x0000000000000200                _Min_Heap_Size = 0x200
                0x0000000000000400                _Min_Stack_Size = 0x400

.isr_vector     0x0000000008000000      0x188
                0x0000000008000000                . = ALIGN (0x8)
 *(.isr_vector)
 .isr_vector    0x0000000008000000      0x188 build/startup_stm32l476xx.o
                0x0000000008000000                g_pfnVectors
                0x0000000008000188                . = ALIGN (0x8)

.text           0x00000000080001c0     0x9a50
                0x00000000080001c0                . = ALIGN (0x8)
 *(.text)
 .text          0x00000000080001c0       0xdc /usr/lib/gcc/arm-none-eabi/10.1.0/../../../../arm-none-eabi/lib/thumb/v7e-m+fp/hard/libc.a(lib_a-strlen.o)
                0x00000000080001c0                strlen
 *fill*         0x000000000800029c        0x4 
 .text          0x00000000080002a0       0xa0 /usr/lib/gcc/arm-none-eabi/10.1.0/../../../../arm-none-eabi/lib/thumb/v7e-m+fp/hard/libc.a(lib_a-memchr.o)
                0x00000000080002a0                memchr
 .text          0x0000000008000340      0x134 /usr/lib/gcc/arm-none-eabi/10.1.0/../../../../arm-none-eabi/lib/thumb/v7e-m+fp/hard/libc.a(lib_a-memcpy.o)
                0x0000000008000340                memcpy
 .text          0x0000000008000474      0x378 /usr/lib/gcc/arm-none-eabi/10.1.0/thumb/v7e-m+fp/hard/libgcc.a(_arm_addsubdf3.o)
                0x0000000008000474                __aeabi_drsub
                0x000000000800047c                __aeabi_dsub
                0x000000000800047c                __subdf3
                0x0000000008000480                __adddf3
                0x0000000008000480                __aeabi_dadd
                0x00000000080006f8                __aeabi_ui2d
                0x00000000080006f8                __floatunsidf
                0x0000000008000718                __floatsidf
                0x0000000008000718                __aeabi_i2d
                0x000000000800073c                __extendsfdf2
                0x000000000800073c                __aeabi_f2d
                0x0000000008000780                __aeabi_ul2d
                0x0000000008000780                __floatundidf
                0x0000000008000790                __floatdidf
                0x0000000008000790                __aeabi_l2d
 .text          0x00000000080007ec      0x424 /usr/lib/gcc/arm-none-eabi/10.1.0/thumb/v7e-m+fp/hard/libgcc.a(_arm_muldivdf3.o)
                0x00000000080007ec                __aeabi_dmul
                0x00000000080007ec                __muldf3
                0x0000000008000a40                __aeabi_ddiv
                0x0000000008000a40                __divdf3
 .text          0x0000000008000c10      0x110 /usr/lib/gcc/arm-none-eabi/10.1.0/thumb/v7e-m+fp/hard/libgcc.a(_arm_cmpdf2.o)
                0x0000000008000c10                __gtdf2
                0x0000000008000c10                __gedf2
                0x0000000008000c18                __ltdf2
                0x0000000008000c18                __ledf2
                0x0000000008000c20                __cmpdf2
                0x0000000008000c20                __eqdf2
                0x0000000008000c20                __nedf2
                0x0000000008000c9c                __aeabi_cdrcmple
                0x0000000008000cac                __aeabi_cdcmple
                0x0000000008000cac                __aeabi_cdcmpeq
                0x0000000008000cbc                __aeabi_dcmpeq
                0x0000000008000cd0                __aeabi_dcmplt
                0x0000000008000ce4                __aeabi_dcmple
                0x0000000008000cf8                __aeabi_dcmpge
                0x0000000008000d0c                __aeabi_dcmpgt
 .text          0x0000000008000d20       0x2c /usr/lib/gcc/arm-none-eabi/10.1.0/thumb/v7e-m+fp/hard/libgcc.a(_arm_unorddf2.o)
                0x0000000008000d20                __aeabi_dcmpun
                0x0000000008000d20                __unorddf2
 .text          0x0000000008000d4c       0x50 /usr/lib/gcc/arm-none-eabi/10.1.0/thumb/v7e-m+fp/hard/libgcc.a(_arm_fixdfsi.o)
                0x0000000008000d4c                __fixdfsi
                0x0000000008000d4c                __aeabi_d2iz
 .text          0x0000000008000d9c       0x30 /usr/lib/gcc/arm-none-eabi/10.1.0/thumb/v7e-m+fp/hard/libgcc.a(_aeabi_uldivmod.o)
                0x0000000008000d9c                __aeabi_uldivmod
 .text          0x0000000008000dcc        0x4 /usr/lib/gcc/arm-none-eabi/10.1.0/thumb/v7e-m+fp/hard/libgcc.a(_dvmd_tls.o)
                0x0000000008000dcc                __aeabi_ldiv0
                0x0000000008000dcc                __aeabi_idiv0
 *(.text*)
 .text.__do_global_dtors_aux
                0x0000000008000dd0       0x24 /usr/lib/gcc/arm-none-eabi/10.1.0/thumb/v7e-m+fp/hard/crtbegin.o
 .text.frame_dummy
                0x0000000008000df4       0x1c /usr/lib/gcc/arm-none-eabi/10.1.0/thumb/v7e-m+fp/hard/crtbegin.o
 .text.HAL_InitTick
                0x0000000008000e10       0x50 build/stm32l4xx_hal.o
                0x0000000008000e10                HAL_InitTick
 .text.HAL_Init
                0x0000000008000e60       0x1e build/stm32l4xx_hal.o
                0x0000000008000e60                HAL_Init
 *fill*         0x0000000008000e7e        0x2 
 .text.HAL_IncTick
                0x0000000008000e80       0x18 build/stm32l4xx_hal.o
                0x0000000008000e80                HAL_IncTick
 .text.HAL_GetTick
                0x0000000008000e98        0xc build/stm32l4xx_hal.o
                0x0000000008000e98                HAL_GetTick
 .text.HAL_Delay
                0x0000000008000ea4       0x28 build/stm32l4xx_hal.o
                0x0000000008000ea4                HAL_Delay
 .text.HAL_NVIC_SetPriorityGrouping
                0x0000000008000ecc       0x24 build/stm32l4xx_hal_cortex.o
                0x0000000008000ecc                HAL_NVIC_SetPriorityGrouping
 .text.HAL_NVIC_SetPriority
                0x0000000008000ef0       0x70 build/stm32l4xx_hal_cortex.o
                0x0000000008000ef0                HAL_NVIC_SetPriority
 .text.HAL_NVIC_EnableIRQ
                0x0000000008000f60       0x1c build/stm32l4xx_hal_cortex.o
                0x0000000008000f60                HAL_NVIC_EnableIRQ
 .text.HAL_SYSTICK_Config
                0x0000000008000f7c       0x28 build/stm32l4xx_hal_cortex.o
                0x0000000008000f7c                HAL_SYSTICK_Config
 .text.HAL_DMA_Abort_IT
                0x0000000008000fa4       0x50 build/stm32l4xx_hal_dma.o
                0x0000000008000fa4                HAL_DMA_Abort_IT
 .text.HAL_GPIO_Init
                0x0000000008000ff4      0x1dc build/stm32l4xx_hal_gpio.o
                0x0000000008000ff4                HAL_GPIO_Init
 .text.HAL_PWREx_GetVoltageRange
                0x00000000080011d0       0x10 build/stm32l4xx_hal_pwr_ex.o
                0x00000000080011d0                HAL_PWREx_GetVoltageRange
 .text.HAL_PWREx_ControlVoltageScaling
                0x00000000080011e0       0x90 build/stm32l4xx_hal_pwr_ex.o
                0x00000000080011e0                HAL_PWREx_ControlVoltageScaling
 .text.RCC_SetFlashLatencyFromMSIRange
                0x0000000008001270       0x90 build/stm32l4xx_hal_rcc.o
 .text.HAL_RCC_GetSysClockFreq
                0x0000000008001300       0xb4 build/stm32l4xx_hal_rcc.o
                0x0000000008001300                HAL_RCC_GetSysClockFreq
 .text.HAL_RCC_OscConfig
                0x00000000080013b4      0x62c build/stm32l4xx_hal_rcc.o
                0x00000000080013b4                HAL_RCC_OscConfig
 .text.HAL_RCC_ClockConfig
                0x00000000080019e0      0x15c build/stm32l4xx_hal_rcc.o
                0x00000000080019e0                HAL_RCC_ClockConfig
 .text.HAL_RCC_GetHCLKFreq
                0x0000000008001b3c        0xc build/stm32l4xx_hal_rcc.o
                0x0000000008001b3c                HAL_RCC_GetHCLKFreq
 .text.HAL_RCC_GetPCLK1Freq
                0x0000000008001b48       0x24 build/stm32l4xx_hal_rcc.o
                0x0000000008001b48                HAL_RCC_GetPCLK1Freq
 .text.HAL_RCC_GetPCLK2Freq
                0x0000000008001b6c       0x24 build/stm32l4xx_hal_rcc.o
                0x0000000008001b6c                HAL_RCC_GetPCLK2Freq
 .text.RCCEx_PLLSAI1_Config
                0x0000000008001b90      0x170 build/stm32l4xx_hal_rcc_ex.o
 .text.RCCEx_PLLSAI2_Config
                0x0000000008001d00      0x14c build/stm32l4xx_hal_rcc_ex.o
 .text.HAL_RCCEx_PeriphCLKConfig
                0x0000000008001e4c      0x454 build/stm32l4xx_hal_rcc_ex.o
                0x0000000008001e4c                HAL_RCCEx_PeriphCLKConfig
 .text.SPI_WaitFlagStateUntilTimeout
                0x00000000080022a0       0x98 build/stm32l4xx_hal_spi.o
 .text.SPI_WaitFifoStateUntilTimeout
                0x0000000008002338       0xb0 build/stm32l4xx_hal_spi.o
 .text.SPI_EndRxTxTransaction
                0x00000000080023e8       0x62 build/stm32l4xx_hal_spi.o
 .text.HAL_SPI_Init
                0x000000000800244a       0xb0 build/stm32l4xx_hal_spi.o
                0x000000000800244a                HAL_SPI_Init
 .text.HAL_SPI_TransmitReceive
                0x00000000080024fa      0x2de build/stm32l4xx_hal_spi.o
                0x00000000080024fa                HAL_SPI_TransmitReceive
 .text.UART_EndRxTransfer
                0x00000000080027d8       0x1e build/stm32l4xx_hal_uart.o
 .text.HAL_UART_TxCpltCallback
                0x00000000080027f6        0x2 build/stm32l4xx_hal_uart.o
                0x00000000080027f6                HAL_UART_TxCpltCallback
 .text.UART_EndTransmit_IT
                0x00000000080027f8       0x1a build/stm32l4xx_hal_uart.o
 .text.HAL_UART_ErrorCallback
                0x0000000008002812        0x2 build/stm32l4xx_hal_uart.o
                0x0000000008002812                HAL_UART_ErrorCallback
 .text.HAL_UART_IRQHandler
                0x0000000008002814      0x180 build/stm32l4xx_hal_uart.o
                0x0000000008002814                HAL_UART_IRQHandler
 .text.UART_DMAAbortOnError
                0x0000000008002994       0x14 build/stm32l4xx_hal_uart.o
 .text.UART_SetConfig
                0x00000000080029a8      0x408 build/stm32l4xx_hal_uart.o
                0x00000000080029a8                UART_SetConfig
 .text.UART_AdvFeatureConfig
                0x0000000008002db0       0xca build/stm32l4xx_hal_uart.o
                0x0000000008002db0                UART_AdvFeatureConfig
 .text.UART_WaitOnFlagUntilTimeout
                0x0000000008002e7a       0xa6 build/stm32l4xx_hal_uart.o
                0x0000000008002e7a                UART_WaitOnFlagUntilTimeout
 .text.HAL_UART_Transmit
                0x0000000008002f20       0xd6 build/stm32l4xx_hal_uart.o
                0x0000000008002f20                HAL_UART_Transmit
 .text.UART_CheckIdleState
                0x0000000008002ff6       0x6c build/stm32l4xx_hal_uart.o
                0x0000000008002ff6                UART_CheckIdleState
 .text.HAL_UART_Init
                0x0000000008003062       0x62 build/stm32l4xx_hal_uart.o
                0x0000000008003062                HAL_UART_Init
 .text.HAL_UARTEx_WakeupCallback
                0x00000000080030c4        0x2 build/stm32l4xx_hal_uart_ex.o
                0x00000000080030c4                HAL_UARTEx_WakeupCallback
 *fill*         0x00000000080030c6        0x2 
 .text.MX_GPIO_Init
                0x00000000080030c8       0x20 build/main.o
 .text.Error_Handler
                0x00000000080030e8       0x1c build/main.o
                0x00000000080030e8                Error_Handler
 .text.MX_SPI1_Init
                0x0000000008003104       0x48 build/main.o
 .text.MX_USART2_UART_Init
                0x000000000800314c       0x38 build/main.o
 .text.SystemClock_Config
                0x0000000008003184       0x92 build/main.o
                0x0000000008003184                SystemClock_Config
 *fill*         0x0000000008003216        0x2 
 .text.main     0x0000000008003218      0x630 build/main.o
                0x0000000008003218                main
 .text.HAL_MspInit
                0x0000000008003848       0x30 build/stm32l4xx_hal_msp.o
                0x0000000008003848                HAL_MspInit
 .text.HAL_SPI_MspInit
                0x0000000008003878       0x68 build/stm32l4xx_hal_msp.o
                0x0000000008003878                HAL_SPI_MspInit
 .text.HAL_UART_MspInit
                0x00000000080038e0       0x78 build/stm32l4xx_hal_msp.o
                0x00000000080038e0                HAL_UART_MspInit
 .text.NMI_Handler
                0x0000000008003958        0x2 build/stm32l4xx_it.o
                0x0000000008003958                NMI_Handler
 .text.HardFault_Handler
                0x000000000800395a        0x2 build/stm32l4xx_it.o
                0x000000000800395a                HardFault_Handler
 .text.MemManage_Handler
                0x000000000800395c        0x2 build/stm32l4xx_it.o
                0x000000000800395c                MemManage_Handler
 .text.BusFault_Handler
                0x000000000800395e        0x2 build/stm32l4xx_it.o
                0x000000000800395e                BusFault_Handler
 .text.UsageFault_Handler
                0x0000000008003960        0x2 build/stm32l4xx_it.o
                0x0000000008003960                UsageFault_Handler
 .text.SVC_Handler
                0x0000000008003962        0x2 build/stm32l4xx_it.o
                0x0000000008003962                SVC_Handler
 .text.DebugMon_Handler
                0x0000000008003964        0x2 build/stm32l4xx_it.o
                0x0000000008003964                DebugMon_Handler
 .text.PendSV_Handler
                0x0000000008003966        0x2 build/stm32l4xx_it.o
                0x0000000008003966                PendSV_Handler
 .text.SysTick_Handler
                0x0000000008003968        0x8 build/stm32l4xx_it.o
                0x0000000008003968                SysTick_Handler
 .text.USART2_IRQHandler
                0x0000000008003970       0x10 build/stm32l4xx_it.o
                0x0000000008003970                USART2_IRQHandler
 .text.SystemInit
                0x0000000008003980       0x48 build/system_stm32l4xx.o
                0x0000000008003980                SystemInit
 .text.Reset_Handler
                0x00000000080039c8       0x50 build/startup_stm32l476xx.o
                0x00000000080039c8                Reset_Handler
 .text.Default_Handler
                0x0000000008003a18        0x2 build/startup_stm32l476xx.o
                0x0000000008003a18                RTC_Alarm_IRQHandler
                0x0000000008003a18                EXTI2_IRQHandler
                0x0000000008003a18                TIM8_TRG_COM_IRQHandler
                0x0000000008003a18                TIM8_CC_IRQHandler
                0x0000000008003a18                TIM1_CC_IRQHandler
                0x0000000008003a18                TSC_IRQHandler
                0x0000000008003a18                TAMP_STAMP_IRQHandler
                0x0000000008003a18                EXTI3_IRQHandler
                0x0000000008003a18                LPTIM2_IRQHandler
                0x0000000008003a18                DFSDM1_FLT1_IRQHandler
                0x0000000008003a18                I2C3_ER_IRQHandler
                0x0000000008003a18                DFSDM1_FLT2_IRQHandler
                0x0000000008003a18                EXTI0_IRQHandler
                0x0000000008003a18                I2C2_EV_IRQHandler
                0x0000000008003a18                CAN1_RX0_IRQHandler
                0x0000000008003a18                FPU_IRQHandler
                0x0000000008003a18                TIM1_UP_TIM16_IRQHandler
                0x0000000008003a18                ADC1_2_IRQHandler
                0x0000000008003a18                SPI1_IRQHandler
                0x0000000008003a18                TIM6_DAC_IRQHandler
                0x0000000008003a18                TIM8_UP_IRQHandler
                0x0000000008003a18                DMA2_Channel2_IRQHandler
                0x0000000008003a18                DMA1_Channel4_IRQHandler
                0x0000000008003a18                SAI2_IRQHandler
                0x0000000008003a18                DFSDM1_FLT3_IRQHandler
                0x0000000008003a18                USART3_IRQHandler
                0x0000000008003a18                DMA1_Channel7_IRQHandler
                0x0000000008003a18                CAN1_RX1_IRQHandler
                0x0000000008003a18                LCD_IRQHandler
                0x0000000008003a18                UART5_IRQHandler
                0x0000000008003a18                ADC3_IRQHandler
                0x0000000008003a18                TIM4_IRQHandler
                0x0000000008003a18                DMA2_Channel1_IRQHandler
                0x0000000008003a18                QUADSPI_IRQHandler
                0x0000000008003a18                I2C1_EV_IRQHandler
                0x0000000008003a18                DMA1_Channel6_IRQHandler
                0x0000000008003a18                UART4_IRQHandler
                0x0000000008003a18                DMA2_Channel4_IRQHandler
                0x0000000008003a18                TIM3_IRQHandler
                0x0000000008003a18                RCC_IRQHandler
                0x0000000008003a18                DMA1_Channel1_IRQHandler
                0x0000000008003a18                Default_Handler
                0x0000000008003a18                DMA2_Channel7_IRQHandler
                0x0000000008003a18                EXTI15_10_IRQHandler
                0x0000000008003a18                TIM7_IRQHandler
                0x0000000008003a18                SDMMC1_IRQHandler
                0x0000000008003a18                TIM5_IRQHandler
                0x0000000008003a18                I2C3_EV_IRQHandler
                0x0000000008003a18                EXTI9_5_IRQHandler
                0x0000000008003a18                RTC_WKUP_IRQHandler
                0x0000000008003a18                PVD_PVM_IRQHandler
                0x0000000008003a18                SPI2_IRQHandler
                0x0000000008003a18                CAN1_TX_IRQHandler
                0x0000000008003a18                DMA2_Channel5_IRQHandler
                0x0000000008003a18                DMA1_Channel5_IRQHandler
                0x0000000008003a18                EXTI4_IRQHandler
                0x0000000008003a18                RNG_IRQHandler
                0x0000000008003a18                TIM1_TRG_COM_TIM17_IRQHandler
                0x0000000008003a18                DMA1_Channel3_IRQHandler
                0x0000000008003a18                COMP_IRQHandler
                0x0000000008003a18                WWDG_IRQHandler
                0x0000000008003a18                LPUART1_IRQHandler
                0x0000000008003a18                DMA2_Channel6_IRQHandler
                0x0000000008003a18                TIM2_IRQHandler
                0x0000000008003a18                EXTI1_IRQHandler
                0x0000000008003a18                DFSDM1_FLT0_IRQHandler
                0x0000000008003a18                I2C2_ER_IRQHandler
                0x0000000008003a18                DMA1_Channel2_IRQHandler
                0x0000000008003a18                TIM8_BRK_IRQHandler
                0x0000000008003a18                CAN1_SCE_IRQHandler
                0x0000000008003a18                FLASH_IRQHandler
                0x0000000008003a18                USART1_IRQHandler
                0x0000000008003a18                OTG_FS_IRQHandler
                0x0000000008003a18                SPI3_IRQHandler
                0x0000000008003a18                I2C1_ER_IRQHandler
                0x0000000008003a18                FMC_IRQHandler
                0x0000000008003a18                SWPMI1_IRQHandler
                0x0000000008003a18                LPTIM1_IRQHandler
                0x0000000008003a18                SAI1_IRQHandler
                0x0000000008003a18                DMA2_Channel3_IRQHandler
                0x0000000008003a18                TIM1_BRK_TIM15_IRQHandler
 *fill*         0x0000000008003a1a        0x2 
 .text.atexit   0x0000000008003a1c        0xc /usr/lib/gcc/arm-none-eabi/10.1.0/../../../../arm-none-eabi/lib/thumb/v7e-m+fp/hard/libc.a(lib_a-atexit.o)
                0x0000000008003a1c                atexit
 .text.__libc_fini_array
                0x0000000008003a28       0x2c /usr/lib/gcc/arm-none-eabi/10.1.0/../../../../arm-none-eabi/lib/thumb/v7e-m+fp/hard/libc.a(lib_a-fini.o)
                0x0000000008003a28                __libc_fini_array
 .text.__libc_init_array
                0x0000000008003a54       0x48 /usr/lib/gcc/arm-none-eabi/10.1.0/../../../../arm-none-eabi/lib/thumb/v7e-m+fp/hard/libc.a(lib_a-init.o)
                0x0000000008003a54                __libc_init_array
 .text.memset   0x0000000008003a9c       0xa0 /usr/lib/gcc/arm-none-eabi/10.1.0/../../../../arm-none-eabi/lib/thumb/v7e-m+fp/hard/libc.a(lib_a-memset.o)
                0x0000000008003a9c                memset
 .text.sprintf  0x0000000008003b3c       0x44 /usr/lib/gcc/arm-none-eabi/10.1.0/../../../../arm-none-eabi/lib/thumb/v7e-m+fp/hard/libc.a(lib_a-sprintf.o)
                0x0000000008003b3c                sprintf
 .text._svfprintf_r
                0x0000000008003b80     0x1aec /usr/lib/gcc/arm-none-eabi/10.1.0/../../../../arm-none-eabi/lib/thumb/v7e-m+fp/hard/libc.a(lib_a-svfprintf.o)
                0x0000000008003b80                _svfprintf_r
 .text.__register_exitproc
                0x000000000800566c       0x88 /usr/lib/gcc/arm-none-eabi/10.1.0/../../../../arm-none-eabi/lib/thumb/v7e-m+fp/hard/libc.a(lib_a-__atexit.o)
                0x000000000800566c                __register_exitproc
 .text.startup.register_fini
                0x00000000080056f4       0x14 /usr/lib/gcc/arm-none-eabi/10.1.0/../../../../arm-none-eabi/lib/thumb/v7e-m+fp/hard/libc.a(lib_a-__call_atexit.o)
 .text.quorem   0x0000000008005708      0x11c /usr/lib/gcc/arm-none-eabi/10.1.0/../../../../arm-none-eabi/lib/thumb/v7e-m+fp/hard/libc.a(lib_a-dtoa.o)
 *fill*         0x0000000008005824        0x4 
 .text._dtoa_r  0x0000000008005828      0xf0c /usr/lib/gcc/arm-none-eabi/10.1.0/../../../../arm-none-eabi/lib/thumb/v7e-m+fp/hard/libc.a(lib_a-dtoa.o)
                0x0000000008005828                _dtoa_r
 .text._malloc_trim_r
                0x0000000008006734       0xa0 /usr/lib/gcc/arm-none-eabi/10.1.0/../../../../arm-none-eabi/lib/thumb/v7e-m+fp/hard/libc.a(lib_a-freer.o)
                0x0000000008006734                _malloc_trim_r
 .text._free_r  0x00000000080067d4      0x214 /usr/lib/gcc/arm-none-eabi/10.1.0/../../../../arm-none-eabi/lib/thumb/v7e-m+fp/hard/libc.a(lib_a-freer.o)
                0x00000000080067d4                _free_r
 .text._localeconv_r
                0x00000000080069e8        0x8 /usr/lib/gcc/arm-none-eabi/10.1.0/../../../../arm-none-eabi/lib/thumb/v7e-m+fp/hard/libc.a(lib_a-localeconv.o)
                0x00000000080069e8                _localeconv_r
 .text.__locale_mb_cur_max
                0x00000000080069f0        0xc /usr/lib/gcc/arm-none-eabi/10.1.0/../../../../arm-none-eabi/lib/thumb/v7e-m+fp/hard/libc.a(lib_a-locale.o)
                0x00000000080069f0                __locale_mb_cur_max
 .text.__retarget_lock_init_recursive
                0x00000000080069fc        0x4 /usr/lib/gcc/arm-none-eabi/10.1.0/../../../../arm-none-eabi/lib/thumb/v7e-m+fp/hard/libc.a(lib_a-lock.o)
                0x00000000080069fc                __retarget_lock_init_recursive
 .text.__retarget_lock_close_recursive
                0x0000000008006a00        0x4 /usr/lib/gcc/arm-none-eabi/10.1.0/../../../../arm-none-eabi/lib/thumb/v7e-m+fp/hard/libc.a(lib_a-lock.o)
                0x0000000008006a00                __retarget_lock_close_recursive
 .text.__retarget_lock_acquire_recursive
                0x0000000008006a04        0x4 /usr/lib/gcc/arm-none-eabi/10.1.0/../../../../arm-none-eabi/lib/thumb/v7e-m+fp/hard/libc.a(lib_a-lock.o)
                0x0000000008006a04                __retarget_lock_acquire_recursive
 .text.__retarget_lock_release_recursive
                0x0000000008006a08        0x4 /usr/lib/gcc/arm-none-eabi/10.1.0/../../../../arm-none-eabi/lib/thumb/v7e-m+fp/hard/libc.a(lib_a-lock.o)
                0x0000000008006a08                __retarget_lock_release_recursive
 .text._malloc_r
                0x0000000008006a0c      0x578 /usr/lib/gcc/arm-none-eabi/10.1.0/../../../../arm-none-eabi/lib/thumb/v7e-m+fp/hard/libc.a(lib_a-mallocr.o)
                0x0000000008006a0c                _malloc_r
 .text.__ascii_mbtowc
                0x0000000008006f84       0x2c /usr/lib/gcc/arm-none-eabi/10.1.0/../../../../arm-none-eabi/lib/thumb/v7e-m+fp/hard/libc.a(lib_a-mbtowc_r.o)
                0x0000000008006f84                __ascii_mbtowc
 .text.__malloc_lock
                0x0000000008006fb0        0xc /usr/lib/gcc/arm-none-eabi/10.1.0/../../../../arm-none-eabi/lib/thumb/v7e-m+fp/hard/libc.a(lib_a-mlock.o)
                0x0000000008006fb0                __malloc_lock
 .text.__malloc_unlock
                0x0000000008006fbc        0xc /usr/lib/gcc/arm-none-eabi/10.1.0/../../../../arm-none-eabi/lib/thumb/v7e-m+fp/hard/libc.a(lib_a-mlock.o)
                0x0000000008006fbc                __malloc_unlock
 .text._Balloc  0x0000000008006fc8       0x4c /usr/lib/gcc/arm-none-eabi/10.1.0/../../../../arm-none-eabi/lib/thumb/v7e-m+fp/hard/libc.a(lib_a-mprec.o)
                0x0000000008006fc8                _Balloc
 .text._Bfree   0x0000000008007014       0x14 /usr/lib/gcc/arm-none-eabi/10.1.0/../../../../arm-none-eabi/lib/thumb/v7e-m+fp/hard/libc.a(lib_a-mprec.o)
                0x0000000008007014                _Bfree
 .text.__multadd
                0x0000000008007028       0xac /usr/lib/gcc/arm-none-eabi/10.1.0/../../../../arm-none-eabi/lib/thumb/v7e-m+fp/hard/libc.a(lib_a-mprec.o)
                0x0000000008007028                __multadd
 .text.__hi0bits
                0x00000000080070d4       0x40 /usr/lib/gcc/arm-none-eabi/10.1.0/../../../../arm-none-eabi/lib/thumb/v7e-m+fp/hard/libc.a(lib_a-mprec.o)
                0x00000000080070d4                __hi0bits
 .text.__lo0bits
                0x0000000008007114       0x60 /usr/lib/gcc/arm-none-eabi/10.1.0/../../../../arm-none-eabi/lib/thumb/v7e-m+fp/hard/libc.a(lib_a-mprec.o)
                0x0000000008007114                __lo0bits
 .text.__i2b    0x0000000008007174       0x2c /usr/lib/gcc/arm-none-eabi/10.1.0/../../../../arm-none-eabi/lib/thumb/v7e-m+fp/hard/libc.a(lib_a-mprec.o)
                0x0000000008007174                __i2b
 .text.__multiply
                0x00000000080071a0      0x160 /usr/lib/gcc/arm-none-eabi/10.1.0/../../../../arm-none-eabi/lib/thumb/v7e-m+fp/hard/libc.a(lib_a-mprec.o)
                0x00000000080071a0                __multiply
 .text.__pow5mult
                0x0000000008007300       0x98 /usr/lib/gcc/arm-none-eabi/10.1.0/../../../../arm-none-eabi/lib/thumb/v7e-m+fp/hard/libc.a(lib_a-mprec.o)
                0x0000000008007300                __pow5mult
 .text.__lshift
                0x0000000008007398       0xe8 /usr/lib/gcc/arm-none-eabi/10.1.0/../../../../arm-none-eabi/lib/thumb/v7e-m+fp/hard/libc.a(lib_a-mprec.o)
                0x0000000008007398                __lshift
 .text.__mcmp   0x0000000008007480       0x3c /usr/lib/gcc/arm-none-eabi/10.1.0/../../../../arm-none-eabi/lib/thumb/v7e-m+fp/hard/libc.a(lib_a-mprec.o)
                0x0000000008007480                __mcmp
 .text.__mdiff  0x00000000080074bc      0x148 /usr/lib/gcc/arm-none-eabi/10.1.0/../../../../arm-none-eabi/lib/thumb/v7e-m+fp/hard/libc.a(lib_a-mprec.o)
                0x00000000080074bc                __mdiff
 .text.__d2b    0x0000000008007604       0xd0 /usr/lib/gcc/arm-none-eabi/10.1.0/../../../../arm-none-eabi/lib/thumb/v7e-m+fp/hard/libc.a(lib_a-mprec.o)
                0x0000000008007604                __d2b
 .text._sbrk_r  0x00000000080076d4       0x24 /usr/lib/gcc/arm-none-eabi/10.1.0/../../../../arm-none-eabi/lib/thumb/v7e-m+fp/hard/libc.a(lib_a-sbrkr.o)
                0x00000000080076d4                _sbrk_r
 .text.frexp    0x00000000080076f8       0x6c /usr/lib/gcc/arm-none-eabi/10.1.0/../../../../arm-none-eabi/lib/thumb/v7e-m+fp/hard/libc.a(lib_a-s_frexp.o)
                0x00000000080076f8                frexp
 .text.strncpy  0x0000000008007764       0x68 /usr/lib/gcc/arm-none-eabi/10.1.0/../../../../arm-none-eabi/lib/thumb/v7e-m+fp/hard/libc.a(lib_a-strncpy.o)
                0x0000000008007764                strncpy
 .text.__ssprint_r
                0x00000000080077cc       0xf8 /usr/lib/gcc/arm-none-eabi/10.1.0/../../../../arm-none-eabi/lib/thumb/v7e-m+fp/hard/libc.a(lib_a-svfiprintf.o)
                0x00000000080077cc                __ssprint_r
 .text.__ascii_wctomb
                0x00000000080078c4       0x1c /usr/lib/gcc/arm-none-eabi/10.1.0/../../../../arm-none-eabi/lib/thumb/v7e-m+fp/hard/libc.a(lib_a-wctomb_r.o)
                0x00000000080078c4                __ascii_wctomb
 .text.__assert_func
                0x00000000080078e0       0x3c /usr/lib/gcc/arm-none-eabi/10.1.0/../../../../arm-none-eabi/lib/thumb/v7e-m+fp/hard/libc.a(lib_a-assert.o)
                0x00000000080078e0                __assert_func
 .text._calloc_r
                0x000000000800791c       0x60 /usr/lib/gcc/arm-none-eabi/10.1.0/../../../../arm-none-eabi/lib/thumb/v7e-m+fp/hard/libc.a(lib_a-callocr.o)
                0x000000000800791c                _calloc_r
 .text.fiprintf
                0x000000000800797c       0x28 /usr/lib/gcc/arm-none-eabi/10.1.0/../../../../arm-none-eabi/lib/thumb/v7e-m+fp/hard/libc.a(lib_a-fiprintf.o)
                0x000000000800797c                fiprintf
 .text.memmove  0x00000000080079a4       0xd8 /usr/lib/gcc/arm-none-eabi/10.1.0/../../../../arm-none-eabi/lib/thumb/v7e-m+fp/hard/libc.a(lib_a-memmove.o)
                0x00000000080079a4                memmove
 .text._realloc_r
                0x0000000008007a7c      0x37c /usr/lib/gcc/arm-none-eabi/10.1.0/../../../../arm-none-eabi/lib/thumb/v7e-m+fp/hard/libc.a(lib_a-reallocr.o)
                0x0000000008007a7c                _realloc_r
 .text.__sprint_r.part.0
                0x0000000008007df8       0x78 /usr/lib/gcc/arm-none-eabi/10.1.0/../../../../arm-none-eabi/lib/thumb/v7e-m+fp/hard/libc.a(lib_a-vfiprintf.o)
 .text._vfiprintf_r
                0x0000000008007e70      0xd5c /usr/lib/gcc/arm-none-eabi/10.1.0/../../../../arm-none-eabi/lib/thumb/v7e-m+fp/hard/libc.a(lib_a-vfiprintf.o)
                0x0000000008007e70                _vfiprintf_r
 .text.__sbprintf
                0x0000000008008bcc       0x84 /usr/lib/gcc/arm-none-eabi/10.1.0/../../../../arm-none-eabi/lib/thumb/v7e-m+fp/hard/libc.a(lib_a-vfiprintf.o)
 .text.__swsetup_r
                0x0000000008008c50       0xd0 /usr/lib/gcc/arm-none-eabi/10.1.0/../../../../arm-none-eabi/lib/thumb/v7e-m+fp/hard/libc.a(lib_a-wsetup.o)
                0x0000000008008c50                __swsetup_r
 .text.abort    0x0000000008008d20       0x10 /usr/lib/gcc/arm-none-eabi/10.1.0/../../../../arm-none-eabi/lib/thumb/v7e-m+fp/hard/libc.a(lib_a-abort.o)
                0x0000000008008d20                abort
 .text.__sflush_r
                0x0000000008008d30      0x14c /usr/lib/gcc/arm-none-eabi/10.1.0/../../../../arm-none-eabi/lib/thumb/v7e-m+fp/hard/libc.a(lib_a-fflush.o)
                0x0000000008008d30                __sflush_r
 .text._fflush_r
                0x0000000008008e7c       0x5c /usr/lib/gcc/arm-none-eabi/10.1.0/../../../../arm-none-eabi/lib/thumb/v7e-m+fp/hard/libc.a(lib_a-fflush.o)
                0x0000000008008e7c                _fflush_r
 .text.std      0x0000000008008ed8       0x50 /usr/lib/gcc/arm-none-eabi/10.1.0/../../../../arm-none-eabi/lib/thumb/v7e-m+fp/hard/libc.a(lib_a-findfp.o)
 .text._cleanup_r
                0x0000000008008f28        0xc /usr/lib/gcc/arm-none-eabi/10.1.0/../../../../arm-none-eabi/lib/thumb/v7e-m+fp/hard/libc.a(lib_a-findfp.o)
                0x0000000008008f28                _cleanup_r
 .text.__sinit  0x0000000008008f34       0x54 /usr/lib/gcc/arm-none-eabi/10.1.0/../../../../arm-none-eabi/lib/thumb/v7e-m+fp/hard/libc.a(lib_a-findfp.o)
                0x0000000008008f34                __sinit
 .text.__sfp_lock_acquire
                0x0000000008008f88        0xc /usr/lib/gcc/arm-none-eabi/10.1.0/../../../../arm-none-eabi/lib/thumb/v7e-m+fp/hard/libc.a(lib_a-findfp.o)
                0x0000000008008f88                __sfp_lock_acquire
 .text.__sfp_lock_release
                0x0000000008008f94        0xc /usr/lib/gcc/arm-none-eabi/10.1.0/../../../../arm-none-eabi/lib/thumb/v7e-m+fp/hard/libc.a(lib_a-findfp.o)
                0x0000000008008f94                __sfp_lock_release
 .text.__fputwc
                0x0000000008008fa0       0xa8 /usr/lib/gcc/arm-none-eabi/10.1.0/../../../../arm-none-eabi/lib/thumb/v7e-m+fp/hard/libc.a(lib_a-fputwc.o)
                0x0000000008008fa0                __fputwc
 .text._fputwc_r
                0x0000000008009048       0x64 /usr/lib/gcc/arm-none-eabi/10.1.0/../../../../arm-none-eabi/lib/thumb/v7e-m+fp/hard/libc.a(lib_a-fputwc.o)
                0x0000000008009048                _fputwc_r
 .text.__sfvwrite_r
                0x00000000080090ac      0x2f4 /usr/lib/gcc/arm-none-eabi/10.1.0/../../../../arm-none-eabi/lib/thumb/v7e-m+fp/hard/libc.a(lib_a-fvwrite.o)
                0x00000000080090ac                __sfvwrite_r
 .text._fwalk_reent
                0x00000000080093a0       0x48 /usr/lib/gcc/arm-none-eabi/10.1.0/../../../../arm-none-eabi/lib/thumb/v7e-m+fp/hard/libc.a(lib_a-fwalk.o)
                0x00000000080093a0                _fwalk_reent
 .text.__swhatbuf_r
                0x00000000080093e8       0x5c /usr/lib/gcc/arm-none-eabi/10.1.0/../../../../arm-none-eabi/lib/thumb/v7e-m+fp/hard/libc.a(lib_a-makebuf.o)
                0x00000000080093e8                __swhatbuf_r
 .text.__smakebuf_r
                0x0000000008009444       0x98 /usr/lib/gcc/arm-none-eabi/10.1.0/../../../../arm-none-eabi/lib/thumb/v7e-m+fp/hard/libc.a(lib_a-makebuf.o)
                0x0000000008009444                __smakebuf_r
 .text._raise_r
                0x00000000080094dc       0x58 /usr/lib/gcc/arm-none-eabi/10.1.0/../../../../arm-none-eabi/lib/thumb/v7e-m+fp/hard/libc.a(lib_a-signal.o)
                0x00000000080094dc                _raise_r
 .text.raise    0x0000000008009534       0x10 /usr/lib/gcc/arm-none-eabi/10.1.0/../../../../arm-none-eabi/lib/thumb/v7e-m+fp/hard/libc.a(lib_a-signal.o)
                0x0000000008009534                raise
 .text._kill_r  0x0000000008009544       0x2c /usr/lib/gcc/arm-none-eabi/10.1.0/../../../../arm-none-eabi/lib/thumb/v7e-m+fp/hard/libc.a(lib_a-signalr.o)
                0x0000000008009544                _kill_r
 .text._getpid_r
                0x0000000008009570        0x4 /usr/lib/gcc/arm-none-eabi/10.1.0/../../../../arm-none-eabi/lib/thumb/v7e-m+fp/hard/libc.a(lib_a-signalr.o)
                0x0000000008009570                _getpid_r
 .text.__sread  0x0000000008009574       0x24 /usr/lib/gcc/arm-none-eabi/10.1.0/../../../../arm-none-eabi/lib/thumb/v7e-m+fp/hard/libc.a(lib_a-stdio.o)
                0x0000000008009574                __sread
 .text.__swrite
                0x0000000008009598       0x40 /usr/lib/gcc/arm-none-eabi/10.1.0/../../../../arm-none-eabi/lib/thumb/v7e-m+fp/hard/libc.a(lib_a-stdio.o)
                0x0000000008009598                __swrite
 .text.__sseek  0x00000000080095d8       0x20 /usr/lib/gcc/arm-none-eabi/10.1.0/../../../../arm-none-eabi/lib/thumb/v7e-m+fp/hard/libc.a(lib_a-stdio.o)
                0x00000000080095d8                __sseek
 .text.__sclose
                0x00000000080095f8        0x8 /usr/lib/gcc/arm-none-eabi/10.1.0/../../../../arm-none-eabi/lib/thumb/v7e-m+fp/hard/libc.a(lib_a-stdio.o)
                0x00000000080095f8                __sclose
 .text.__swbuf_r
                0x0000000008009600       0xb0 /usr/lib/gcc/arm-none-eabi/10.1.0/../../../../arm-none-eabi/lib/thumb/v7e-m+fp/hard/libc.a(lib_a-wbuf.o)
                0x0000000008009600                __swbuf_r
 .text._wcrtomb_r
                0x00000000080096b0       0x34 /usr/lib/gcc/arm-none-eabi/10.1.0/../../../../arm-none-eabi/lib/thumb/v7e-m+fp/hard/libc.a(lib_a-wcrtomb.o)
                0x00000000080096b0                _wcrtomb_r
 .text._write_r
                0x00000000080096e4       0x2c /usr/lib/gcc/arm-none-eabi/10.1.0/../../../../arm-none-eabi/lib/thumb/v7e-m+fp/hard/libc.a(lib_a-writer.o)
                0x00000000080096e4                _write_r
 .text._close_r
                0x0000000008009710       0x24 /usr/lib/gcc/arm-none-eabi/10.1.0/../../../../arm-none-eabi/lib/thumb/v7e-m+fp/hard/libc.a(lib_a-closer.o)
                0x0000000008009710                _close_r
 .text._fclose_r
                0x0000000008009734       0xd0 /usr/lib/gcc/arm-none-eabi/10.1.0/../../../../arm-none-eabi/lib/thumb/v7e-m+fp/hard/libc.a(lib_a-fclose.o)
                0x0000000008009734                _fclose_r
 .text._fstat_r
                0x0000000008009804       0x2c /usr/lib/gcc/arm-none-eabi/10.1.0/../../../../arm-none-eabi/lib/thumb/v7e-m+fp/hard/libc.a(lib_a-fstatr.o)
                0x0000000008009804                _fstat_r
 .text._isatty_r
                0x0000000008009830       0x24 /usr/lib/gcc/arm-none-eabi/10.1.0/../../../../arm-none-eabi/lib/thumb/v7e-m+fp/hard/libc.a(lib_a-isattyr.o)
                0x0000000008009830                _isatty_r
 .text._lseek_r
                0x0000000008009854       0x2c /usr/lib/gcc/arm-none-eabi/10.1.0/../../../../arm-none-eabi/lib/thumb/v7e-m+fp/hard/libc.a(lib_a-lseekr.o)
                0x0000000008009854                _lseek_r
 .text._read_r  0x0000000008009880       0x2c /usr/lib/gcc/arm-none-eabi/10.1.0/../../../../arm-none-eabi/lib/thumb/v7e-m+fp/hard/libc.a(lib_a-readr.o)
                0x0000000008009880                _read_r
 .text._close   0x00000000080098ac       0x10 /usr/lib/gcc/arm-none-eabi/10.1.0/../../../../arm-none-eabi/lib/thumb/v7e-m+fp/hard/libnosys.a(close.o)
                0x00000000080098ac                _close
 .text._fstat   0x00000000080098bc       0x10 /usr/lib/gcc/arm-none-eabi/10.1.0/../../../../arm-none-eabi/lib/thumb/v7e-m+fp/hard/libnosys.a(fstat.o)
                0x00000000080098bc                _fstat
 .text._getpid  0x00000000080098cc       0x10 /usr/lib/gcc/arm-none-eabi/10.1.0/../../../../arm-none-eabi/lib/thumb/v7e-m+fp/hard/libnosys.a(getpid.o)
                0x00000000080098cc                _getpid
 .text._isatty  0x00000000080098dc       0x10 /usr/lib/gcc/arm-none-eabi/10.1.0/../../../../arm-none-eabi/lib/thumb/v7e-m+fp/hard/libnosys.a(isatty.o)
                0x00000000080098dc                _isatty
 .text._kill    0x00000000080098ec       0x10 /usr/lib/gcc/arm-none-eabi/10.1.0/../../../../arm-none-eabi/lib/thumb/v7e-m+fp/hard/libnosys.a(kill.o)
                0x00000000080098ec                _kill
 .text._lseek   0x00000000080098fc       0x10 /usr/lib/gcc/arm-none-eabi/10.1.0/../../../../arm-none-eabi/lib/thumb/v7e-m+fp/hard/libnosys.a(lseek.o)
                0x00000000080098fc                _lseek
 .text._read    0x000000000800990c       0x10 /usr/lib/gcc/arm-none-eabi/10.1.0/../../../../arm-none-eabi/lib/thumb/v7e-m+fp/hard/libnosys.a(read.o)
                0x000000000800990c                _read
 .text._sbrk    0x000000000800991c       0x1c /usr/lib/gcc/arm-none-eabi/10.1.0/../../../../arm-none-eabi/lib/thumb/v7e-m+fp/hard/libnosys.a(sbrk.o)
                0x000000000800991c                _sbrk
 .text._write   0x0000000008009938       0x10 /usr/lib/gcc/arm-none-eabi/10.1.0/../../../../arm-none-eabi/lib/thumb/v7e-m+fp/hard/libnosys.a(write.o)
                0x0000000008009938                _write
 .text._exit    0x0000000008009948        0x4 /usr/lib/gcc/arm-none-eabi/10.1.0/../../../../arm-none-eabi/lib/thumb/v7e-m+fp/hard/libnosys.a(_exit.o)
                0x0000000008009948                _exit
 .text.__udivmoddi4
                0x000000000800994c      0x2aa /usr/lib/gcc/arm-none-eabi/10.1.0/thumb/v7e-m+fp/hard/libgcc.a(_udivmoddi4.o)
                0x000000000800994c                __udivmoddi4
 *(.glue_7)
 .glue_7        0x0000000008009bf6        0x0 linker stubs
 *(.glue_7t)
 .glue_7t       0x0000000008009bf6        0x0 linker stubs
 *(.eh_frame)
 *fill*         0x0000000008009bf6        0x2 
 .eh_frame      0x0000000008009bf8        0x0 /usr/lib/gcc/arm-none-eabi/10.1.0/thumb/v7e-m+fp/hard/crtbegin.o
 *(.init)
 .init          0x0000000008009bf8        0x4 /usr/lib/gcc/arm-none-eabi/10.1.0/thumb/v7e-m+fp/hard/crti.o
                0x0000000008009bf8                _init
 .init          0x0000000008009bfc        0x8 /usr/lib/gcc/arm-none-eabi/10.1.0/thumb/v7e-m+fp/hard/crtn.o
 *(.fini)
 .fini          0x0000000008009c04        0x4 /usr/lib/gcc/arm-none-eabi/10.1.0/thumb/v7e-m+fp/hard/crti.o
                0x0000000008009c04                _fini
 .fini          0x0000000008009c08        0x8 /usr/lib/gcc/arm-none-eabi/10.1.0/thumb/v7e-m+fp/hard/crtn.o
                0x0000000008009c10                . = ALIGN (0x8)
                0x0000000008009c10                _etext = .

.vfp11_veneer   0x0000000008009c10        0x0
 .vfp11_veneer  0x0000000008009c10        0x0 linker stubs

.v4_bx          0x0000000008009c10        0x0
 .v4_bx         0x0000000008009c10        0x0 linker stubs

.iplt           0x0000000008009c10        0x0
 .iplt          0x0000000008009c10        0x0 /usr/lib/gcc/arm-none-eabi/10.1.0/thumb/v7e-m+fp/hard/crtbegin.o

.rodata         0x0000000008009c10      0x618
                0x0000000008009c10                . = ALIGN (0x8)
 *(.rodata)
 *(.rodata*)
 .rodata.Error_Handler.str1.4
                0x0000000008009c10        0x8 build/main.o
 .rodata.main.str1.4
                0x0000000008009c18      0x248 build/main.o
 .rodata.AHBPrescTable
                0x0000000008009e60       0x10 build/system_stm32l4xx.o
                0x0000000008009e60                AHBPrescTable
 .rodata.APBPrescTable
                0x0000000008009e70        0x8 build/system_stm32l4xx.o
                0x0000000008009e70                APBPrescTable
 .rodata.MSIRangeTable
                0x0000000008009e78       0x30 build/system_stm32l4xx.o
                0x0000000008009e78                MSIRangeTable
 .rodata._global_impure_ptr
                0x0000000008009ea8        0x4 /usr/lib/gcc/arm-none-eabi/10.1.0/../../../../arm-none-eabi/lib/thumb/v7e-m+fp/hard/libc.a(lib_a-impure.o)
                0x0000000008009ea8                _global_impure_ptr
 .rodata._svfprintf_r.str1.4
                0x0000000008009eac       0x42 /usr/lib/gcc/arm-none-eabi/10.1.0/../../../../arm-none-eabi/lib/thumb/v7e-m+fp/hard/libc.a(lib_a-svfprintf.o)
 *fill*         0x0000000008009eee        0x2 
 .rodata.blanks.8698
                0x0000000008009ef0       0x10 /usr/lib/gcc/arm-none-eabi/10.1.0/../../../../arm-none-eabi/lib/thumb/v7e-m+fp/hard/libc.a(lib_a-svfprintf.o)
 .rodata.zeroes.8699
                0x0000000008009f00       0x10 /usr/lib/gcc/arm-none-eabi/10.1.0/../../../../arm-none-eabi/lib/thumb/v7e-m+fp/hard/libc.a(lib_a-svfprintf.o)
 .rodata._dtoa_r.str1.4
                0x0000000008009f10       0x63 /usr/lib/gcc/arm-none-eabi/10.1.0/../../../../arm-none-eabi/lib/thumb/v7e-m+fp/hard/libc.a(lib_a-dtoa.o)
                                         0x67 (size before relaxing)
 *fill*         0x0000000008009f73        0x1 
 .rodata._setlocale_r.str1.4
                0x0000000008009f74        0xa /usr/lib/gcc/arm-none-eabi/10.1.0/../../../../arm-none-eabi/lib/thumb/v7e-m+fp/hard/libc.a(lib_a-locale.o)
                                          0xd (size before relaxing)
 *fill*         0x0000000008009f7e        0x2 
 .rodata.str1.4
                0x0000000008009f80        0x2 /usr/lib/gcc/arm-none-eabi/10.1.0/../../../../arm-none-eabi/lib/thumb/v7e-m+fp/hard/libc.a(lib_a-locale.o)
 *fill*         0x0000000008009f82        0x2 
 .rodata.__multadd.str1.4
                0x0000000008009f84       0x40 /usr/lib/gcc/arm-none-eabi/10.1.0/../../../../arm-none-eabi/lib/thumb/v7e-m+fp/hard/libc.a(lib_a-mprec.o)
                                         0x54 (size before relaxing)
 *fill*         0x0000000008009fc4        0x4 
 .rodata.__mprec_bigtens
                0x0000000008009fc8       0x28 /usr/lib/gcc/arm-none-eabi/10.1.0/../../../../arm-none-eabi/lib/thumb/v7e-m+fp/hard/libc.a(lib_a-mprec.o)
                0x0000000008009fc8                __mprec_bigtens
 .rodata.__mprec_tens
                0x0000000008009ff0       0xc8 /usr/lib/gcc/arm-none-eabi/10.1.0/../../../../arm-none-eabi/lib/thumb/v7e-m+fp/hard/libc.a(lib_a-mprec.o)
                0x0000000008009ff0                __mprec_tens
 .rodata.p05.7485
                0x000000000800a0b8        0xc /usr/lib/gcc/arm-none-eabi/10.1.0/../../../../arm-none-eabi/lib/thumb/v7e-m+fp/hard/libc.a(lib_a-mprec.o)
 .rodata.__assert_func.str1.4
                0x000000000800a0c4       0x3f /usr/lib/gcc/arm-none-eabi/10.1.0/../../../../arm-none-eabi/lib/thumb/v7e-m+fp/hard/libc.a(lib_a-assert.o)
                                         0x43 (size before relaxing)
 *fill*         0x000000000800a103        0x1 
 .rodata._ctype_
                0x000000000800a104      0x101 /usr/lib/gcc/arm-none-eabi/10.1.0/../../../../arm-none-eabi/lib/thumb/v7e-m+fp/hard/libc.a(lib_a-ctype_.o)
                0x000000000800a104                _ctype_
 .rodata._vfiprintf_r.str1.4
                0x000000000800a205       0x2f /usr/lib/gcc/arm-none-eabi/10.1.0/../../../../arm-none-eabi/lib/thumb/v7e-m+fp/hard/libc.a(lib_a-vfiprintf.o)
 *fill*         0x000000000800a205        0x3 
 .rodata.blanks.8691
                0x000000000800a208       0x10 /usr/lib/gcc/arm-none-eabi/10.1.0/../../../../arm-none-eabi/lib/thumb/v7e-m+fp/hard/libc.a(lib_a-vfiprintf.o)
 .rodata.zeroes.8692
                0x000000000800a218       0x10 /usr/lib/gcc/arm-none-eabi/10.1.0/../../../../arm-none-eabi/lib/thumb/v7e-m+fp/hard/libc.a(lib_a-vfiprintf.o)
                0x000000000800a228                . = ALIGN (0x8)

.ARM.extab      0x000000000800a228        0x0
                0x000000000800a228                . = ALIGN (0x8)
 *(.ARM.extab* .gnu.linkonce.armextab.*)
                0x000000000800a228                . = ALIGN (0x8)

.ARM            0x000000000800a228        0x8
                0x000000000800a228                . = ALIGN (0x8)
                0x000000000800a228                __exidx_start = .
 *(.ARM.exidx*)
 .ARM.exidx.text.__udivmoddi4
                0x000000000800a228        0x8 /usr/lib/gcc/arm-none-eabi/10.1.0/thumb/v7e-m+fp/hard/libgcc.a(_udivmoddi4.o)
                0x000000000800a230                __exidx_end = .
                0x000000000800a230                . = ALIGN (0x8)

.rel.dyn        0x000000000800a230        0x0
 .rel.iplt      0x000000000800a230        0x0 /usr/lib/gcc/arm-none-eabi/10.1.0/thumb/v7e-m+fp/hard/crtbegin.o

.preinit_array  0x000000000800a230        0x0
                0x000000000800a230                . = ALIGN (0x8)
                0x000000000800a230                PROVIDE (__preinit_array_start = .)
 *(.preinit_array*)
                0x000000000800a230                PROVIDE (__preinit_array_end = .)
                0x000000000800a230                . = ALIGN (0x8)

.init_array     0x000000000800a230        0x8
                0x000000000800a230                . = ALIGN (0x8)
                0x000000000800a230                PROVIDE (__init_array_start = .)
 *(SORT_BY_NAME(.init_array.*))
 .init_array.00000
                0x000000000800a230        0x4 /usr/lib/gcc/arm-none-eabi/10.1.0/../../../../arm-none-eabi/lib/thumb/v7e-m+fp/hard/libc.a(lib_a-__call_atexit.o)
 *(.init_array*)
 .init_array    0x000000000800a234        0x4 /usr/lib/gcc/arm-none-eabi/10.1.0/thumb/v7e-m+fp/hard/crtbegin.o
                0x000000000800a238                PROVIDE (__init_array_end = .)
                0x000000000800a238                . = ALIGN (0x8)

.fini_array     0x000000000800a238        0x8
                0x000000000800a238                . = ALIGN (0x8)
                0x000000000800a238                PROVIDE (__fini_array_start = .)
 *(SORT_BY_NAME(.fini_array.*))
 *(.fini_array*)
 .fini_array    0x000000000800a238        0x4 /usr/lib/gcc/arm-none-eabi/10.1.0/thumb/v7e-m+fp/hard/crtbegin.o
                0x000000000800a23c                PROVIDE (__fini_array_end = .)
                0x000000000800a240                . = ALIGN (0x8)
 *fill*         0x000000000800a23c        0x4 
                0x000000000800a240                _sidata = LOADADDR (.data)

.data           0x0000000020000000     0x2c30 load address 0x000000000800a240
                0x0000000020000000                . = ALIGN (0x8)
                0x0000000020000000                _sdata = .
 *(.data)
 *(.data*)
 .data.uwTickFreq
                0x0000000020000000        0x4 build/stm32l4xx_hal.o
                0x0000000020000000                uwTickFreq
 .data.uwTickPrio
                0x0000000020000004        0x4 build/stm32l4xx_hal.o
                0x0000000020000004                uwTickPrio
 .data.arr_aaaa
                0x0000000020000008      0xb7c build/main.o
                0x0000000020000008                arr_aaaa
 .data.arr_dd   0x0000000020000b84     0x16f8 build/main.o
                0x0000000020000b84                arr_dd
 .data.SystemCoreClock
                0x000000002000227c        0x4 build/system_stm32l4xx.o
                0x000000002000227c                SystemCoreClock
 .data._impure_ptr
                0x0000000020002280        0x4 /usr/lib/gcc/arm-none-eabi/10.1.0/../../../../arm-none-eabi/lib/thumb/v7e-m+fp/hard/libc.a(lib_a-impure.o)
                0x0000000020002280                _impure_ptr
 *fill*         0x0000000020002284        0x4 
 .data.impure_data
                0x0000000020002288      0x428 /usr/lib/gcc/arm-none-eabi/10.1.0/../../../../arm-none-eabi/lib/thumb/v7e-m+fp/hard/libc.a(lib_a-impure.o)
 .data.__atexit_recursive_mutex
                0x00000000200026b0        0x4 /usr/lib/gcc/arm-none-eabi/10.1.0/../../../../arm-none-eabi/lib/thumb/v7e-m+fp/hard/libc.a(lib_a-__call_atexit.o)
                0x00000000200026b0                __atexit_recursive_mutex
 .data.__global_locale
                0x00000000200026b4      0x16c /usr/lib/gcc/arm-none-eabi/10.1.0/../../../../arm-none-eabi/lib/thumb/v7e-m+fp/hard/libc.a(lib_a-locale.o)
                0x00000000200026b4                __global_locale
 .data.__malloc_av_
                0x0000000020002820      0x408 /usr/lib/gcc/arm-none-eabi/10.1.0/../../../../arm-none-eabi/lib/thumb/v7e-m+fp/hard/libc.a(lib_a-mallocr.o)
                0x0000000020002820                __malloc_av_
 .data.__malloc_sbrk_base
                0x0000000020002c28        0x4 /usr/lib/gcc/arm-none-eabi/10.1.0/../../../../arm-none-eabi/lib/thumb/v7e-m+fp/hard/libc.a(lib_a-mallocr.o)
                0x0000000020002c28                __malloc_sbrk_base
 .data.__malloc_trim_threshold
                0x0000000020002c2c        0x4 /usr/lib/gcc/arm-none-eabi/10.1.0/../../../../arm-none-eabi/lib/thumb/v7e-m+fp/hard/libc.a(lib_a-mallocr.o)
                0x0000000020002c2c                __malloc_trim_threshold
                0x0000000020002c30                . = ALIGN (0x8)
                0x0000000020002c30                _edata = .

.igot.plt       0x0000000020002c30        0x0 load address 0x000000000800ce70
 .igot.plt      0x0000000020002c30        0x0 /usr/lib/gcc/arm-none-eabi/10.1.0/thumb/v7e-m+fp/hard/crtbegin.o
                0x0000000020002c30                . = ALIGN (0x4)

.bss            0x0000000020002c30      0x164 load address 0x000000000800ce70
                0x0000000020002c30                _sbss = .
                0x0000000020002c30                __bss_start__ = _sbss
 *(.bss)
 *(.bss*)
 .bss.completed.1
                0x0000000020002c30        0x1 /usr/lib/gcc/arm-none-eabi/10.1.0/thumb/v7e-m+fp/hard/crtbegin.o
 *fill*         0x0000000020002c31        0x3 
 .bss.object.0  0x0000000020002c34       0x18 /usr/lib/gcc/arm-none-eabi/10.1.0/thumb/v7e-m+fp/hard/crtbegin.o
 .bss.uwTick    0x0000000020002c4c        0x4 build/stm32l4xx_hal.o
                0x0000000020002c4c                uwTick
 .bss.hspi1     0x0000000020002c50       0x64 build/main.o
                0x0000000020002c50                hspi1
 .bss.huart2    0x0000000020002cb4       0x80 build/main.o
                0x0000000020002cb4                huart2
 .bss.__malloc_current_mallinfo
                0x0000000020002d34       0x28 /usr/lib/gcc/arm-none-eabi/10.1.0/../../../../arm-none-eabi/lib/thumb/v7e-m+fp/hard/libc.a(lib_a-mallocr.o)
                0x0000000020002d34                __malloc_current_mallinfo
 .bss.__malloc_max_sbrked_mem
                0x0000000020002d5c        0x4 /usr/lib/gcc/arm-none-eabi/10.1.0/../../../../arm-none-eabi/lib/thumb/v7e-m+fp/hard/libc.a(lib_a-mallocr.o)
                0x0000000020002d5c                __malloc_max_sbrked_mem
 .bss.__malloc_max_total_mem
                0x0000000020002d60        0x4 /usr/lib/gcc/arm-none-eabi/10.1.0/../../../../arm-none-eabi/lib/thumb/v7e-m+fp/hard/libc.a(lib_a-mallocr.o)
                0x0000000020002d60                __malloc_max_total_mem
 .bss.__malloc_top_pad
                0x0000000020002d64        0x4 /usr/lib/gcc/arm-none-eabi/10.1.0/../../../../arm-none-eabi/lib/thumb/v7e-m+fp/hard/libc.a(lib_a-mallocr.o)
                0x0000000020002d64                __malloc_top_pad
 .bss.heap_end.5507
                0x0000000020002d68        0x4 /usr/lib/gcc/arm-none-eabi/10.1.0/../../../../arm-none-eabi/lib/thumb/v7e-m+fp/hard/libnosys.a(sbrk.o)
 *(COMMON)
 COMMON         0x0000000020002d6c       0x21 /usr/lib/gcc/arm-none-eabi/10.1.0/../../../../arm-none-eabi/lib/thumb/v7e-m+fp/hard/libc.a(lib_a-lock.o)
                0x0000000020002d6c                __lock___atexit_recursive_mutex
                0x0000000020002d70                __lock___arc4random_mutex
                0x0000000020002d74                __lock___env_recursive_mutex
                0x0000000020002d78                __lock___sinit_recursive_mutex
                0x0000000020002d7c                __lock___malloc_recursive_mutex
                0x0000000020002d80                __lock___at_quick_exit_mutex
                0x0000000020002d84                __lock___dd_hash_mutex
                0x0000000020002d88                __lock___tz_mutex
                0x0000000020002d8c                __lock___sfp_recursive_mutex
 *fill*         0x0000000020002d8d        0x3 
 COMMON         0x0000000020002d90        0x4 /usr/lib/gcc/arm-none-eabi/10.1.0/../../../../arm-none-eabi/lib/thumb/v7e-m+fp/hard/libc.a(lib_a-reent.o)
                0x0000000020002d90                errno
                0x0000000020002d94                . = ALIGN (0x4)
                0x0000000020002d94                _ebss = .
                0x0000000020002d94                __bss_end__ = _ebss

._user_heap_stack
                0x0000000020002d94      0x604 load address 0x000000000800ce70
                0x0000000020002d98                . = ALIGN (0x8)
 *fill*         0x0000000020002d94        0x4 
                0x0000000020002d98                PROVIDE (end = .)
                [!provide]                        PROVIDE (_end = .)
                0x0000000020002f98                . = (. + _Min_Heap_Size)
 *fill*         0x0000000020002d98      0x200 
                0x0000000020003398                . = (. + _Min_Stack_Size)
 *fill*         0x0000000020002f98      0x400 
                0x0000000020003398                . = ALIGN (0x8)

/DISCARD/
 libc.a(*)
 libm.a(*)
 libgcc.a(*)

.ARM.attributes
                0x0000000000000000       0x30
 *(.ARM.attributes)
 .ARM.attributes
                0x0000000000000000       0x1e /usr/lib/gcc/arm-none-eabi/10.1.0/thumb/v7e-m+fp/hard/crti.o
 .ARM.attributes
                0x000000000000001e       0x34 /usr/lib/gcc/arm-none-eabi/10.1.0/thumb/v7e-m+fp/hard/crtbegin.o
 .ARM.attributes
                0x0000000000000052       0x34 build/stm32l4xx_hal.o
 .ARM.attributes
                0x0000000000000086       0x34 build/stm32l4xx_hal_cortex.o
 .ARM.attributes
                0x00000000000000ba       0x34 build/stm32l4xx_hal_dma.o
 .ARM.attributes
                0x00000000000000ee       0x34 build/stm32l4xx_hal_gpio.o
 .ARM.attributes
                0x0000000000000122       0x34 build/stm32l4xx_hal_pwr_ex.o
 .ARM.attributes
                0x0000000000000156       0x34 build/stm32l4xx_hal_rcc.o
 .ARM.attributes
                0x000000000000018a       0x34 build/stm32l4xx_hal_rcc_ex.o
 .ARM.attributes
                0x00000000000001be       0x34 build/stm32l4xx_hal_spi.o
 .ARM.attributes
                0x00000000000001f2       0x34 build/stm32l4xx_hal_uart.o
 .ARM.attributes
                0x0000000000000226       0x34 build/stm32l4xx_hal_uart_ex.o
 .ARM.attributes
                0x000000000000025a       0x34 build/main.o
 .ARM.attributes
                0x000000000000028e       0x34 build/stm32l4xx_hal_msp.o
 .ARM.attributes
                0x00000000000002c2       0x34 build/stm32l4xx_it.o
 .ARM.attributes
                0x00000000000002f6       0x34 build/system_stm32l4xx.o
 .ARM.attributes
                0x000000000000032a       0x21 build/startup_stm32l476xx.o
 .ARM.attributes
                0x000000000000034b       0x34 /usr/lib/gcc/arm-none-eabi/10.1.0/../../../../arm-none-eabi/lib/thumb/v7e-m+fp/hard/libc.a(lib_a-atexit.o)
 .ARM.attributes
                0x000000000000037f       0x34 /usr/lib/gcc/arm-none-eabi/10.1.0/../../../../arm-none-eabi/lib/thumb/v7e-m+fp/hard/libc.a(lib_a-fini.o)
 .ARM.attributes
                0x00000000000003b3       0x32 /usr/lib/gcc/arm-none-eabi/10.1.0/../../../../arm-none-eabi/lib/thumb/v7e-m+fp/hard/libc.a(lib_a-impure.o)
 .ARM.attributes
                0x00000000000003e5       0x34 /usr/lib/gcc/arm-none-eabi/10.1.0/../../../../arm-none-eabi/lib/thumb/v7e-m+fp/hard/libc.a(lib_a-init.o)
 .ARM.attributes
                0x0000000000000419       0x34 /usr/lib/gcc/arm-none-eabi/10.1.0/../../../../arm-none-eabi/lib/thumb/v7e-m+fp/hard/libc.a(lib_a-memset.o)
 .ARM.attributes
                0x000000000000044d       0x34 /usr/lib/gcc/arm-none-eabi/10.1.0/../../../../arm-none-eabi/lib/thumb/v7e-m+fp/hard/libc.a(lib_a-sprintf.o)
 .ARM.attributes
                0x0000000000000481       0x1c /usr/lib/gcc/arm-none-eabi/10.1.0/../../../../arm-none-eabi/lib/thumb/v7e-m+fp/hard/libc.a(lib_a-strlen.o)
 .ARM.attributes
                0x000000000000049d       0x34 /usr/lib/gcc/arm-none-eabi/10.1.0/../../../../arm-none-eabi/lib/thumb/v7e-m+fp/hard/libc.a(lib_a-svfprintf.o)
 .ARM.attributes
                0x00000000000004d1       0x34 /usr/lib/gcc/arm-none-eabi/10.1.0/../../../../arm-none-eabi/lib/thumb/v7e-m+fp/hard/libc.a(lib_a-__atexit.o)
 .ARM.attributes
                0x0000000000000505       0x34 /usr/lib/gcc/arm-none-eabi/10.1.0/../../../../arm-none-eabi/lib/thumb/v7e-m+fp/hard/libc.a(lib_a-__call_atexit.o)
 .ARM.attributes
                0x0000000000000539       0x34 /usr/lib/gcc/arm-none-eabi/10.1.0/../../../../arm-none-eabi/lib/thumb/v7e-m+fp/hard/libc.a(lib_a-dtoa.o)
 .ARM.attributes
                0x000000000000056d       0x34 /usr/lib/gcc/arm-none-eabi/10.1.0/../../../../arm-none-eabi/lib/thumb/v7e-m+fp/hard/libc.a(lib_a-freer.o)
 .ARM.attributes
                0x00000000000005a1       0x34 /usr/lib/gcc/arm-none-eabi/10.1.0/../../../../arm-none-eabi/lib/thumb/v7e-m+fp/hard/libc.a(lib_a-localeconv.o)
 .ARM.attributes
                0x00000000000005d5       0x34 /usr/lib/gcc/arm-none-eabi/10.1.0/../../../../arm-none-eabi/lib/thumb/v7e-m+fp/hard/libc.a(lib_a-locale.o)
 .ARM.attributes
                0x0000000000000609       0x34 /usr/lib/gcc/arm-none-eabi/10.1.0/../../../../arm-none-eabi/lib/thumb/v7e-m+fp/hard/libc.a(lib_a-lock.o)
 .ARM.attributes
                0x000000000000063d       0x34 /usr/lib/gcc/arm-none-eabi/10.1.0/../../../../arm-none-eabi/lib/thumb/v7e-m+fp/hard/libc.a(lib_a-mallocr.o)
 .ARM.attributes
                0x0000000000000671       0x34 /usr/lib/gcc/arm-none-eabi/10.1.0/../../../../arm-none-eabi/lib/thumb/v7e-m+fp/hard/libc.a(lib_a-mbtowc_r.o)
 .ARM.attributes
                0x00000000000006a5       0x1c /usr/lib/gcc/arm-none-eabi/10.1.0/../../../../arm-none-eabi/lib/thumb/v7e-m+fp/hard/libc.a(lib_a-memchr.o)
 .ARM.attributes
                0x00000000000006c1       0x1c /usr/lib/gcc/arm-none-eabi/10.1.0/../../../../arm-none-eabi/lib/thumb/v7e-m+fp/hard/libc.a(lib_a-memcpy.o)
 .ARM.attributes
                0x00000000000006dd       0x34 /usr/lib/gcc/arm-none-eabi/10.1.0/../../../../arm-none-eabi/lib/thumb/v7e-m+fp/hard/libc.a(lib_a-mlock.o)
 .ARM.attributes
                0x0000000000000711       0x34 /usr/lib/gcc/arm-none-eabi/10.1.0/../../../../arm-none-eabi/lib/thumb/v7e-m+fp/hard/libc.a(lib_a-mprec.o)
 .ARM.attributes
                0x0000000000000745       0x34 /usr/lib/gcc/arm-none-eabi/10.1.0/../../../../arm-none-eabi/lib/thumb/v7e-m+fp/hard/libc.a(lib_a-sbrkr.o)
 .ARM.attributes
                0x0000000000000779       0x34 /usr/lib/gcc/arm-none-eabi/10.1.0/../../../../arm-none-eabi/lib/thumb/v7e-m+fp/hard/libc.a(lib_a-s_frexp.o)
 .ARM.attributes
                0x00000000000007ad       0x34 /usr/lib/gcc/arm-none-eabi/10.1.0/../../../../arm-none-eabi/lib/thumb/v7e-m+fp/hard/libc.a(lib_a-strncpy.o)
 .ARM.attributes
                0x00000000000007e1       0x34 /usr/lib/gcc/arm-none-eabi/10.1.0/../../../../arm-none-eabi/lib/thumb/v7e-m+fp/hard/libc.a(lib_a-svfiprintf.o)
 .ARM.attributes
                0x0000000000000815       0x34 /usr/lib/gcc/arm-none-eabi/10.1.0/../../../../arm-none-eabi/lib/thumb/v7e-m+fp/hard/libc.a(lib_a-wctomb_r.o)
 .ARM.attributes
                0x0000000000000849       0x34 /usr/lib/gcc/arm-none-eabi/10.1.0/../../../../arm-none-eabi/lib/thumb/v7e-m+fp/hard/libc.a(lib_a-assert.o)
 .ARM.attributes
                0x000000000000087d       0x34 /usr/lib/gcc/arm-none-eabi/10.1.0/../../../../arm-none-eabi/lib/thumb/v7e-m+fp/hard/libc.a(lib_a-callocr.o)
 .ARM.attributes
                0x00000000000008b1       0x32 /usr/lib/gcc/arm-none-eabi/10.1.0/../../../../arm-none-eabi/lib/thumb/v7e-m+fp/hard/libc.a(lib_a-ctype_.o)
 .ARM.attributes
                0x00000000000008e3       0x34 /usr/lib/gcc/arm-none-eabi/10.1.0/../../../../arm-none-eabi/lib/thumb/v7e-m+fp/hard/libc.a(lib_a-fiprintf.o)
 .ARM.attributes
                0x0000000000000917       0x34 /usr/lib/gcc/arm-none-eabi/10.1.0/../../../../arm-none-eabi/lib/thumb/v7e-m+fp/hard/libc.a(lib_a-memmove.o)
 .ARM.attributes
                0x000000000000094b       0x34 /usr/lib/gcc/arm-none-eabi/10.1.0/../../../../arm-none-eabi/lib/thumb/v7e-m+fp/hard/libc.a(lib_a-reallocr.o)
 .ARM.attributes
                0x000000000000097f       0x34 /usr/lib/gcc/arm-none-eabi/10.1.0/../../../../arm-none-eabi/lib/thumb/v7e-m+fp/hard/libc.a(lib_a-reent.o)
 .ARM.attributes
                0x00000000000009b3       0x34 /usr/lib/gcc/arm-none-eabi/10.1.0/../../../../arm-none-eabi/lib/thumb/v7e-m+fp/hard/libc.a(lib_a-vfiprintf.o)
 .ARM.attributes
                0x00000000000009e7       0x34 /usr/lib/gcc/arm-none-eabi/10.1.0/../../../../arm-none-eabi/lib/thumb/v7e-m+fp/hard/libc.a(lib_a-wsetup.o)
 .ARM.attributes
                0x0000000000000a1b       0x34 /usr/lib/gcc/arm-none-eabi/10.1.0/../../../../arm-none-eabi/lib/thumb/v7e-m+fp/hard/libc.a(lib_a-abort.o)
 .ARM.attributes
                0x0000000000000a4f       0x34 /usr/lib/gcc/arm-none-eabi/10.1.0/../../../../arm-none-eabi/lib/thumb/v7e-m+fp/hard/libc.a(lib_a-fflush.o)
 .ARM.attributes
                0x0000000000000a83       0x34 /usr/lib/gcc/arm-none-eabi/10.1.0/../../../../arm-none-eabi/lib/thumb/v7e-m+fp/hard/libc.a(lib_a-findfp.o)
 .ARM.attributes
                0x0000000000000ab7       0x34 /usr/lib/gcc/arm-none-eabi/10.1.0/../../../../arm-none-eabi/lib/thumb/v7e-m+fp/hard/libc.a(lib_a-fputwc.o)
 .ARM.attributes
                0x0000000000000aeb       0x34 /usr/lib/gcc/arm-none-eabi/10.1.0/../../../../arm-none-eabi/lib/thumb/v7e-m+fp/hard/libc.a(lib_a-fvwrite.o)
 .ARM.attributes
                0x0000000000000b1f       0x34 /usr/lib/gcc/arm-none-eabi/10.1.0/../../../../arm-none-eabi/lib/thumb/v7e-m+fp/hard/libc.a(lib_a-fwalk.o)
 .ARM.attributes
                0x0000000000000b53       0x34 /usr/lib/gcc/arm-none-eabi/10.1.0/../../../../arm-none-eabi/lib/thumb/v7e-m+fp/hard/libc.a(lib_a-makebuf.o)
 .ARM.attributes
                0x0000000000000b87       0x34 /usr/lib/gcc/arm-none-eabi/10.1.0/../../../../arm-none-eabi/lib/thumb/v7e-m+fp/hard/libc.a(lib_a-signal.o)
 .ARM.attributes
                0x0000000000000bbb       0x34 /usr/lib/gcc/arm-none-eabi/10.1.0/../../../../arm-none-eabi/lib/thumb/v7e-m+fp/hard/libc.a(lib_a-signalr.o)
 .ARM.attributes
                0x0000000000000bef       0x34 /usr/lib/gcc/arm-none-eabi/10.1.0/../../../../arm-none-eabi/lib/thumb/v7e-m+fp/hard/libc.a(lib_a-stdio.o)
 .ARM.attributes
                0x0000000000000c23       0x34 /usr/lib/gcc/arm-none-eabi/10.1.0/../../../../arm-none-eabi/lib/thumb/v7e-m+fp/hard/libc.a(lib_a-wbuf.o)
 .ARM.attributes
                0x0000000000000c57       0x34 /usr/lib/gcc/arm-none-eabi/10.1.0/../../../../arm-none-eabi/lib/thumb/v7e-m+fp/hard/libc.a(lib_a-wcrtomb.o)
 .ARM.attributes
                0x0000000000000c8b       0x34 /usr/lib/gcc/arm-none-eabi/10.1.0/../../../../arm-none-eabi/lib/thumb/v7e-m+fp/hard/libc.a(lib_a-writer.o)
 .ARM.attributes
                0x0000000000000cbf       0x34 /usr/lib/gcc/arm-none-eabi/10.1.0/../../../../arm-none-eabi/lib/thumb/v7e-m+fp/hard/libc.a(lib_a-closer.o)
 .ARM.attributes
                0x0000000000000cf3       0x34 /usr/lib/gcc/arm-none-eabi/10.1.0/../../../../arm-none-eabi/lib/thumb/v7e-m+fp/hard/libc.a(lib_a-fclose.o)
 .ARM.attributes
                0x0000000000000d27       0x34 /usr/lib/gcc/arm-none-eabi/10.1.0/../../../../arm-none-eabi/lib/thumb/v7e-m+fp/hard/libc.a(lib_a-fstatr.o)
 .ARM.attributes
                0x0000000000000d5b       0x34 /usr/lib/gcc/arm-none-eabi/10.1.0/../../../../arm-none-eabi/lib/thumb/v7e-m+fp/hard/libc.a(lib_a-isattyr.o)
 .ARM.attributes
                0x0000000000000d8f       0x34 /usr/lib/gcc/arm-none-eabi/10.1.0/../../../../arm-none-eabi/lib/thumb/v7e-m+fp/hard/libc.a(lib_a-lseekr.o)
 .ARM.attributes
                0x0000000000000dc3       0x34 /usr/lib/gcc/arm-none-eabi/10.1.0/../../../../arm-none-eabi/lib/thumb/v7e-m+fp/hard/libc.a(lib_a-readr.o)
 .ARM.attributes
                0x0000000000000df7       0x34 /usr/lib/gcc/arm-none-eabi/10.1.0/../../../../arm-none-eabi/lib/thumb/v7e-m+fp/hard/libnosys.a(close.o)
 .ARM.attributes
                0x0000000000000e2b       0x34 /usr/lib/gcc/arm-none-eabi/10.1.0/../../../../arm-none-eabi/lib/thumb/v7e-m+fp/hard/libnosys.a(fstat.o)
 .ARM.attributes
                0x0000000000000e5f       0x34 /usr/lib/gcc/arm-none-eabi/10.1.0/../../../../arm-none-eabi/lib/thumb/v7e-m+fp/hard/libnosys.a(getpid.o)
 .ARM.attributes
                0x0000000000000e93       0x34 /usr/lib/gcc/arm-none-eabi/10.1.0/../../../../arm-none-eabi/lib/thumb/v7e-m+fp/hard/libnosys.a(isatty.o)
 .ARM.attributes
                0x0000000000000ec7       0x34 /usr/lib/gcc/arm-none-eabi/10.1.0/../../../../arm-none-eabi/lib/thumb/v7e-m+fp/hard/libnosys.a(kill.o)
 .ARM.attributes
                0x0000000000000efb       0x34 /usr/lib/gcc/arm-none-eabi/10.1.0/../../../../arm-none-eabi/lib/thumb/v7e-m+fp/hard/libnosys.a(lseek.o)
 .ARM.attributes
                0x0000000000000f2f       0x34 /usr/lib/gcc/arm-none-eabi/10.1.0/../../../../arm-none-eabi/lib/thumb/v7e-m+fp/hard/libnosys.a(read.o)
 .ARM.attributes
                0x0000000000000f63       0x34 /usr/lib/gcc/arm-none-eabi/10.1.0/../../../../arm-none-eabi/lib/thumb/v7e-m+fp/hard/libnosys.a(sbrk.o)
 .ARM.attributes
                0x0000000000000f97       0x34 /usr/lib/gcc/arm-none-eabi/10.1.0/../../../../arm-none-eabi/lib/thumb/v7e-m+fp/hard/libnosys.a(write.o)
 .ARM.attributes
                0x0000000000000fcb       0x34 /usr/lib/gcc/arm-none-eabi/10.1.0/../../../../arm-none-eabi/lib/thumb/v7e-m+fp/hard/libnosys.a(_exit.o)
 .ARM.attributes
                0x0000000000000fff       0x1e /usr/lib/gcc/arm-none-eabi/10.1.0/thumb/v7e-m+fp/hard/libgcc.a(_arm_addsubdf3.o)
 .ARM.attributes
                0x000000000000101d       0x1e /usr/lib/gcc/arm-none-eabi/10.1.0/thumb/v7e-m+fp/hard/libgcc.a(_arm_muldivdf3.o)
 .ARM.attributes
                0x000000000000103b       0x1e /usr/lib/gcc/arm-none-eabi/10.1.0/thumb/v7e-m+fp/hard/libgcc.a(_arm_cmpdf2.o)
 .ARM.attributes
                0x0000000000001059       0x1e /usr/lib/gcc/arm-none-eabi/10.1.0/thumb/v7e-m+fp/hard/libgcc.a(_arm_unorddf2.o)
 .ARM.attributes
                0x0000000000001077       0x1e /usr/lib/gcc/arm-none-eabi/10.1.0/thumb/v7e-m+fp/hard/libgcc.a(_arm_fixdfsi.o)
 .ARM.attributes
                0x0000000000001095       0x1e /usr/lib/gcc/arm-none-eabi/10.1.0/thumb/v7e-m+fp/hard/libgcc.a(_aeabi_uldivmod.o)
 .ARM.attributes
                0x00000000000010b3       0x34 /usr/lib/gcc/arm-none-eabi/10.1.0/thumb/v7e-m+fp/hard/libgcc.a(_udivmoddi4.o)
 .ARM.attributes
                0x00000000000010e7       0x1e /usr/lib/gcc/arm-none-eabi/10.1.0/thumb/v7e-m+fp/hard/libgcc.a(_dvmd_tls.o)
 .ARM.attributes
                0x0000000000001105       0x1e /usr/lib/gcc/arm-none-eabi/10.1.0/thumb/v7e-m+fp/hard/crtn.o
OUTPUT(build/fotatest1.elf elf32-littlearm)
LOAD linker stubs
LOAD /usr/lib/gcc/arm-none-eabi/10.1.0/../../../../arm-none-eabi/lib/thumb/v7e-m+fp/hard/libc.a
LOAD /usr/lib/gcc/arm-none-eabi/10.1.0/../../../../arm-none-eabi/lib/thumb/v7e-m+fp/hard/libm.a
LOAD /usr/lib/gcc/arm-none-eabi/10.1.0/thumb/v7e-m+fp/hard/libgcc.a

.debug_info     0x0000000000000000     0xee86
 .debug_info    0x0000000000000000      0xc98 build/stm32l4xx_hal.o
 .debug_info    0x0000000000000c98     0x117a build/stm32l4xx_hal_cortex.o
 .debug_info    0x0000000000001e12      0x8ea build/stm32l4xx_hal_dma.o
 .debug_info    0x00000000000026fc      0x901 build/stm32l4xx_hal_gpio.o
 .debug_info    0x0000000000002ffd      0xb9e build/stm32l4xx_hal_pwr_ex.o
 .debug_info    0x0000000000003b9b     0x1057 build/stm32l4xx_hal_rcc.o
 .debug_info    0x0000000000004bf2     0x13d5 build/stm32l4xx_hal_rcc_ex.o
 .debug_info    0x0000000000005fc7     0x223d build/stm32l4xx_hal_spi.o
 .debug_info    0x0000000000008204     0x21cd build/stm32l4xx_hal_uart.o
 .debug_info    0x000000000000a3d1      0xae3 build/stm32l4xx_hal_uart_ex.o
 .debug_info    0x000000000000aeb4     0x1ede build/main.o
 .debug_info    0x000000000000cd92     0x1239 build/stm32l4xx_hal_msp.o
 .debug_info    0x000000000000dfcb      0x806 build/stm32l4xx_it.o
 .debug_info    0x000000000000e7d1      0x693 build/system_stm32l4xx.o
 .debug_info    0x000000000000ee64       0x22 build/startup_stm32l476xx.o

.debug_abbrev   0x0000000000000000     0x1fb1
 .debug_abbrev  0x0000000000000000      0x249 build/stm32l4xx_hal.o
 .debug_abbrev  0x0000000000000249      0x382 build/stm32l4xx_hal_cortex.o
 .debug_abbrev  0x00000000000005cb      0x23b build/stm32l4xx_hal_dma.o
 .debug_abbrev  0x0000000000000806      0x222 build/stm32l4xx_hal_gpio.o
 .debug_abbrev  0x0000000000000a28      0x234 build/stm32l4xx_hal_pwr_ex.o
 .debug_abbrev  0x0000000000000c5c      0x28e build/stm32l4xx_hal_rcc.o
 .debug_abbrev  0x0000000000000eea      0x2b0 build/stm32l4xx_hal_rcc_ex.o
 .debug_abbrev  0x000000000000119a      0x278 build/stm32l4xx_hal_spi.o
 .debug_abbrev  0x0000000000001412      0x282 build/stm32l4xx_hal_uart.o
 .debug_abbrev  0x0000000000001694      0x22c build/stm32l4xx_hal_uart_ex.o
 .debug_abbrev  0x00000000000018c0      0x2a0 build/main.o
 .debug_abbrev  0x0000000000001b60      0x1a8 build/stm32l4xx_hal_msp.o
 .debug_abbrev  0x0000000000001d08      0x157 build/stm32l4xx_it.o
 .debug_abbrev  0x0000000000001e5f      0x140 build/system_stm32l4xx.o
 .debug_abbrev  0x0000000000001f9f       0x12 build/startup_stm32l476xx.o

.debug_loc      0x0000000000000000     0x9f19
 .debug_loc     0x0000000000000000      0x296 build/stm32l4xx_hal.o
 .debug_loc     0x0000000000000296      0x7a4 build/stm32l4xx_hal_cortex.o
 .debug_loc     0x0000000000000a3a      0x94e build/stm32l4xx_hal_dma.o
 .debug_loc     0x0000000000001388      0x450 build/stm32l4xx_hal_gpio.o
 .debug_loc     0x00000000000017d8      0xb66 build/stm32l4xx_hal_pwr_ex.o
 .debug_loc     0x000000000000233e      0x99d build/stm32l4xx_hal_rcc.o
 .debug_loc     0x0000000000002cdb     0x1cf1 build/stm32l4xx_hal_rcc_ex.o
 .debug_loc     0x00000000000049cc     0x25fc build/stm32l4xx_hal_spi.o
 .debug_loc     0x0000000000006fc8     0x23cc build/stm32l4xx_hal_uart.o
 .debug_loc     0x0000000000009394      0x46a build/stm32l4xx_hal_uart_ex.o
 .debug_loc     0x00000000000097fe      0x2f4 build/main.o
 .debug_loc     0x0000000000009af2      0x1fc build/stm32l4xx_hal_msp.o
 .debug_loc     0x0000000000009cee       0x40 build/stm32l4xx_it.o
 .debug_loc     0x0000000000009d2e      0x1eb build/system_stm32l4xx.o

.debug_aranges  0x0000000000000000      0xad0
 .debug_aranges
                0x0000000000000000      0x130 build/stm32l4xx_hal.o
 .debug_aranges
                0x0000000000000130       0xa8 build/stm32l4xx_hal_cortex.o
 .debug_aranges
                0x00000000000001d8       0x80 build/stm32l4xx_hal_dma.o
 .debug_aranges
                0x0000000000000258       0x58 build/stm32l4xx_hal_gpio.o
 .debug_aranges
                0x00000000000002b0      0x150 build/stm32l4xx_hal_pwr_ex.o
 .debug_aranges
                0x0000000000000400       0x88 build/stm32l4xx_hal_rcc.o
 .debug_aranges
                0x0000000000000488       0xc0 build/stm32l4xx_hal_rcc_ex.o
 .debug_aranges
                0x0000000000000548      0x1d8 build/stm32l4xx_hal_spi.o
 .debug_aranges
                0x0000000000000720      0x210 build/stm32l4xx_hal_uart.o
 .debug_aranges
                0x0000000000000930       0x60 build/stm32l4xx_hal_uart_ex.o
 .debug_aranges
                0x0000000000000990       0x48 build/main.o
 .debug_aranges
                0x00000000000009d8       0x40 build/stm32l4xx_hal_msp.o
 .debug_aranges
                0x0000000000000a18       0x68 build/stm32l4xx_it.o
 .debug_aranges
                0x0000000000000a80       0x28 build/system_stm32l4xx.o
 .debug_aranges
                0x0000000000000aa8       0x28 build/startup_stm32l476xx.o

.debug_ranges   0x0000000000000000      0xb28
 .debug_ranges  0x0000000000000000      0x120 build/stm32l4xx_hal.o
 .debug_ranges  0x0000000000000120       0xf8 build/stm32l4xx_hal_cortex.o
 .debug_ranges  0x0000000000000218       0x70 build/stm32l4xx_hal_dma.o
 .debug_ranges  0x0000000000000288       0x48 build/stm32l4xx_hal_gpio.o
 .debug_ranges  0x00000000000002d0      0x140 build/stm32l4xx_hal_pwr_ex.o
 .debug_ranges  0x0000000000000410       0x90 build/stm32l4xx_hal_rcc.o
 .debug_ranges  0x00000000000004a0       0xc8 build/stm32l4xx_hal_rcc_ex.o
 .debug_ranges  0x0000000000000568      0x1c8 build/stm32l4xx_hal_spi.o
 .debug_ranges  0x0000000000000730      0x200 build/stm32l4xx_hal_uart.o
 .debug_ranges  0x0000000000000930       0x50 build/stm32l4xx_hal_uart_ex.o
 .debug_ranges  0x0000000000000980       0xe8 build/main.o
 .debug_ranges  0x0000000000000a68       0x30 build/stm32l4xx_hal_msp.o
 .debug_ranges  0x0000000000000a98       0x58 build/stm32l4xx_it.o
 .debug_ranges  0x0000000000000af0       0x18 build/system_stm32l4xx.o
 .debug_ranges  0x0000000000000b08       0x20 build/startup_stm32l476xx.o

.debug_line     0x0000000000000000     0xab86
 .debug_line    0x0000000000000000      0x62b build/stm32l4xx_hal.o
 .debug_line    0x000000000000062b      0x70b build/stm32l4xx_hal_cortex.o
 .debug_line    0x0000000000000d36      0x9c7 build/stm32l4xx_hal_dma.o
 .debug_line    0x00000000000016fd      0x660 build/stm32l4xx_hal_gpio.o
 .debug_line    0x0000000000001d5d      0xa50 build/stm32l4xx_hal_pwr_ex.o
 .debug_line    0x00000000000027ad      0xe4a build/stm32l4xx_hal_rcc.o
 .debug_line    0x00000000000035f7     0x14ce build/stm32l4xx_hal_rcc_ex.o
 .debug_line    0x0000000000004ac5     0x27dc build/stm32l4xx_hal_spi.o
 .debug_line    0x00000000000072a1     0x2250 build/stm32l4xx_hal_uart.o
 .debug_line    0x00000000000094f1      0x46c build/stm32l4xx_hal_uart_ex.o
 .debug_line    0x000000000000995d      0xa0d build/main.o
 .debug_line    0x000000000000a36a      0x2d9 build/stm32l4xx_hal_msp.o
 .debug_line    0x000000000000a643      0x25d build/stm32l4xx_it.o
 .debug_line    0x000000000000a8a0      0x273 build/system_stm32l4xx.o
 .debug_line    0x000000000000ab13       0x73 build/startup_stm32l476xx.o

.debug_str      0x0000000000000000     0x399f
 .debug_str     0x0000000000000000      0xbe8 build/stm32l4xx_hal.o
                                        0xc5a (size before relaxing)
 .debug_str     0x0000000000000be8      0x4b2 build/stm32l4xx_hal_cortex.o
                                        0xbfc (size before relaxing)
 .debug_str     0x000000000000109a      0x41d build/stm32l4xx_hal_dma.o
                                        0x620 (size before relaxing)
 .debug_str     0x00000000000014b7      0x1d7 build/stm32l4xx_hal_gpio.o
                                        0x51d (size before relaxing)
 .debug_str     0x000000000000168e      0x557 build/stm32l4xx_hal_pwr_ex.o
                                        0x7f1 (size before relaxing)
 .debug_str     0x0000000000001be5      0x3ea build/stm32l4xx_hal_rcc.o
                                        0x85c (size before relaxing)
 .debug_str     0x0000000000001fcf      0x592 build/stm32l4xx_hal_rcc_ex.o
                                        0xa98 (size before relaxing)
 .debug_str     0x0000000000002561      0x741 build/stm32l4xx_hal_spi.o
                                        0xb93 (size before relaxing)
 .debug_str     0x0000000000002ca2      0x8bf build/stm32l4xx_hal_uart.o
                                        0xf2b (size before relaxing)
 .debug_str     0x0000000000003561      0x182 build/stm32l4xx_hal_uart_ex.o
                                        0x7ee (size before relaxing)
 .debug_str     0x00000000000036e3      0x195 build/main.o
                                        0xe8a (size before relaxing)
 .debug_str     0x0000000000003878       0x18 build/stm32l4xx_hal_msp.o
                                        0xe45 (size before relaxing)
 .debug_str     0x0000000000003890       0xb5 build/stm32l4xx_it.o
                                        0x651 (size before relaxing)
 .debug_str     0x0000000000003945       0x38 build/system_stm32l4xx.o
                                        0x3b7 (size before relaxing)
 .debug_str     0x000000000000397d       0x22 build/startup_stm32l476xx.o
                                         0x58 (size before relaxing)

.comment        0x0000000000000000       0x1e
 .comment       0x0000000000000000       0x1e build/stm32l4xx_hal.o
                                         0x1f (size before relaxing)
 .comment       0x000000000000001e       0x1f build/stm32l4xx_hal_cortex.o
 .comment       0x000000000000001e       0x1f build/stm32l4xx_hal_dma.o
 .comment       0x000000000000001e       0x1f build/stm32l4xx_hal_gpio.o
 .comment       0x000000000000001e       0x1f build/stm32l4xx_hal_pwr_ex.o
 .comment       0x000000000000001e       0x1f build/stm32l4xx_hal_rcc.o
 .comment       0x000000000000001e       0x1f build/stm32l4xx_hal_rcc_ex.o
 .comment       0x000000000000001e       0x1f build/stm32l4xx_hal_spi.o
 .comment       0x000000000000001e       0x1f build/stm32l4xx_hal_uart.o
 .comment       0x000000000000001e       0x1f build/stm32l4xx_hal_uart_ex.o
 .comment       0x000000000000001e       0x1f build/main.o
 .comment       0x000000000000001e       0x1f build/stm32l4xx_hal_msp.o
 .comment       0x000000000000001e       0x1f build/stm32l4xx_it.o
 .comment       0x000000000000001e       0x1f build/system_stm32l4xx.o

.debug_frame    0x0000000000000000     0x31b8
 .debug_frame   0x0000000000000000      0x274 build/stm32l4xx_hal.o
 .debug_frame   0x0000000000000274      0x148 build/stm32l4xx_hal_cortex.o
 .debug_frame   0x00000000000003bc      0x150 build/stm32l4xx_hal_dma.o
 .debug_frame   0x000000000000050c       0xd0 build/stm32l4xx_hal_gpio.o
 .debug_frame   0x00000000000005dc      0x298 build/stm32l4xx_hal_pwr_ex.o
 .debug_frame   0x0000000000000874      0x18c build/stm32l4xx_hal_rcc.o
 .debug_frame   0x0000000000000a00      0x204 build/stm32l4xx_hal_rcc_ex.o
 .debug_frame   0x0000000000000c04      0x5c4 build/stm32l4xx_hal_spi.o
 .debug_frame   0x00000000000011c8      0x5c4 build/stm32l4xx_hal_uart.o
 .debug_frame   0x000000000000178c       0xdc build/stm32l4xx_hal_uart_ex.o
 .debug_frame   0x0000000000001868       0xc0 build/main.o
 .debug_frame   0x0000000000001928       0x98 build/stm32l4xx_hal_msp.o
 .debug_frame   0x00000000000019c0       0xc0 build/stm32l4xx_it.o
 .debug_frame   0x0000000000001a80       0x30 build/system_stm32l4xx.o
 .debug_frame   0x0000000000001ab0       0x20 /usr/lib/gcc/arm-none-eabi/10.1.0/../../../../arm-none-eabi/lib/thumb/v7e-m+fp/hard/libc.a(lib_a-atexit.o)
 .debug_frame   0x0000000000001ad0       0x34 /usr/lib/gcc/arm-none-eabi/10.1.0/../../../../arm-none-eabi/lib/thumb/v7e-m+fp/hard/libc.a(lib_a-fini.o)
 .debug_frame   0x0000000000001b04       0x2c /usr/lib/gcc/arm-none-eabi/10.1.0/../../../../arm-none-eabi/lib/thumb/v7e-m+fp/hard/libc.a(lib_a-init.o)
 .debug_frame   0x0000000000001b30       0x38 /usr/lib/gcc/arm-none-eabi/10.1.0/../../../../arm-none-eabi/lib/thumb/v7e-m+fp/hard/libc.a(lib_a-memset.o)
 .debug_frame   0x0000000000001b68       0x7c /usr/lib/gcc/arm-none-eabi/10.1.0/../../../../arm-none-eabi/lib/thumb/v7e-m+fp/hard/libc.a(lib_a-sprintf.o)
 .debug_frame   0x0000000000001be4       0x68 /usr/lib/gcc/arm-none-eabi/10.1.0/../../../../arm-none-eabi/lib/thumb/v7e-m+fp/hard/libc.a(lib_a-svfprintf.o)
 .debug_frame   0x0000000000001c4c       0x34 /usr/lib/gcc/arm-none-eabi/10.1.0/../../../../arm-none-eabi/lib/thumb/v7e-m+fp/hard/libc.a(lib_a-__atexit.o)
 .debug_frame   0x0000000000001c80       0x68 /usr/lib/gcc/arm-none-eabi/10.1.0/../../../../arm-none-eabi/lib/thumb/v7e-m+fp/hard/libc.a(lib_a-__call_atexit.o)
 .debug_frame   0x0000000000001ce8       0xc4 /usr/lib/gcc/arm-none-eabi/10.1.0/../../../../arm-none-eabi/lib/thumb/v7e-m+fp/hard/libc.a(lib_a-dtoa.o)
 .debug_frame   0x0000000000001dac       0x8c /usr/lib/gcc/arm-none-eabi/10.1.0/../../../../arm-none-eabi/lib/thumb/v7e-m+fp/hard/libc.a(lib_a-freer.o)
 .debug_frame   0x0000000000001e38       0x40 /usr/lib/gcc/arm-none-eabi/10.1.0/../../../../arm-none-eabi/lib/thumb/v7e-m+fp/hard/libc.a(lib_a-localeconv.o)
 .debug_frame   0x0000000000001e78       0x54 /usr/lib/gcc/arm-none-eabi/10.1.0/../../../../arm-none-eabi/lib/thumb/v7e-m+fp/hard/libc.a(lib_a-locale.o)
 .debug_frame   0x0000000000001ecc       0xb0 /usr/lib/gcc/arm-none-eabi/10.1.0/../../../../arm-none-eabi/lib/thumb/v7e-m+fp/hard/libc.a(lib_a-lock.o)
 .debug_frame   0x0000000000001f7c       0x4c /usr/lib/gcc/arm-none-eabi/10.1.0/../../../../arm-none-eabi/lib/thumb/v7e-m+fp/hard/libc.a(lib_a-mallocr.o)
 .debug_frame   0x0000000000001fc8       0x4c /usr/lib/gcc/arm-none-eabi/10.1.0/../../../../arm-none-eabi/lib/thumb/v7e-m+fp/hard/libc.a(lib_a-mbtowc_r.o)
 .debug_frame   0x0000000000002014       0x30 /usr/lib/gcc/arm-none-eabi/10.1.0/../../../../arm-none-eabi/lib/thumb/v7e-m+fp/hard/libc.a(lib_a-mlock.o)
 .debug_frame   0x0000000000002044      0x27c /usr/lib/gcc/arm-none-eabi/10.1.0/../../../../arm-none-eabi/lib/thumb/v7e-m+fp/hard/libc.a(lib_a-mprec.o)
 .debug_frame   0x00000000000022c0       0x2c /usr/lib/gcc/arm-none-eabi/10.1.0/../../../../arm-none-eabi/lib/thumb/v7e-m+fp/hard/libc.a(lib_a-sbrkr.o)
 .debug_frame   0x00000000000022ec       0x2c /usr/lib/gcc/arm-none-eabi/10.1.0/../../../../arm-none-eabi/lib/thumb/v7e-m+fp/hard/libc.a(lib_a-s_frexp.o)
 .debug_frame   0x0000000000002318       0x38 /usr/lib/gcc/arm-none-eabi/10.1.0/../../../../arm-none-eabi/lib/thumb/v7e-m+fp/hard/libc.a(lib_a-strncpy.o)
 .debug_frame   0x0000000000002350       0x88 /usr/lib/gcc/arm-none-eabi/10.1.0/../../../../arm-none-eabi/lib/thumb/v7e-m+fp/hard/libc.a(lib_a-svfiprintf.o)
 .debug_frame   0x00000000000023d8       0x3c /usr/lib/gcc/arm-none-eabi/10.1.0/../../../../arm-none-eabi/lib/thumb/v7e-m+fp/hard/libc.a(lib_a-wctomb_r.o)
 .debug_frame   0x0000000000002414       0x40 /usr/lib/gcc/arm-none-eabi/10.1.0/../../../../arm-none-eabi/lib/thumb/v7e-m+fp/hard/libc.a(lib_a-assert.o)
 .debug_frame   0x0000000000002454       0x28 /usr/lib/gcc/arm-none-eabi/10.1.0/../../../../arm-none-eabi/lib/thumb/v7e-m+fp/hard/libc.a(lib_a-callocr.o)
 .debug_frame   0x000000000000247c       0x70 /usr/lib/gcc/arm-none-eabi/10.1.0/../../../../arm-none-eabi/lib/thumb/v7e-m+fp/hard/libc.a(lib_a-fiprintf.o)
 .debug_frame   0x00000000000024ec       0x40 /usr/lib/gcc/arm-none-eabi/10.1.0/../../../../arm-none-eabi/lib/thumb/v7e-m+fp/hard/libc.a(lib_a-memmove.o)
 .debug_frame   0x000000000000252c       0x48 /usr/lib/gcc/arm-none-eabi/10.1.0/../../../../arm-none-eabi/lib/thumb/v7e-m+fp/hard/libc.a(lib_a-reallocr.o)
 .debug_frame   0x0000000000002574       0x60 /usr/lib/gcc/arm-none-eabi/10.1.0/../../../../arm-none-eabi/lib/thumb/v7e-m+fp/hard/libc.a(lib_a-reent.o)
 .debug_frame   0x00000000000025d4       0xe8 /usr/lib/gcc/arm-none-eabi/10.1.0/../../../../arm-none-eabi/lib/thumb/v7e-m+fp/hard/libc.a(lib_a-vfiprintf.o)
 .debug_frame   0x00000000000026bc       0x2c /usr/lib/gcc/arm-none-eabi/10.1.0/../../../../arm-none-eabi/lib/thumb/v7e-m+fp/hard/libc.a(lib_a-wsetup.o)
 .debug_frame   0x00000000000026e8       0x28 /usr/lib/gcc/arm-none-eabi/10.1.0/../../../../arm-none-eabi/lib/thumb/v7e-m+fp/hard/libc.a(lib_a-abort.o)
 .debug_frame   0x0000000000002710       0x5c /usr/lib/gcc/arm-none-eabi/10.1.0/../../../../arm-none-eabi/lib/thumb/v7e-m+fp/hard/libc.a(lib_a-fflush.o)
 .debug_frame   0x000000000000276c      0x14c /usr/lib/gcc/arm-none-eabi/10.1.0/../../../../arm-none-eabi/lib/thumb/v7e-m+fp/hard/libc.a(lib_a-findfp.o)
 .debug_frame   0x00000000000028b8       0xa4 /usr/lib/gcc/arm-none-eabi/10.1.0/../../../../arm-none-eabi/lib/thumb/v7e-m+fp/hard/libc.a(lib_a-fputwc.o)
 .debug_frame   0x000000000000295c       0x64 /usr/lib/gcc/arm-none-eabi/10.1.0/../../../../arm-none-eabi/lib/thumb/v7e-m+fp/hard/libc.a(lib_a-fvwrite.o)
 .debug_frame   0x00000000000029c0       0x54 /usr/lib/gcc/arm-none-eabi/10.1.0/../../../../arm-none-eabi/lib/thumb/v7e-m+fp/hard/libc.a(lib_a-fwalk.o)
 .debug_frame   0x0000000000002a14       0x6c /usr/lib/gcc/arm-none-eabi/10.1.0/../../../../arm-none-eabi/lib/thumb/v7e-m+fp/hard/libc.a(lib_a-makebuf.o)
 .debug_frame   0x0000000000002a80       0xe0 /usr/lib/gcc/arm-none-eabi/10.1.0/../../../../arm-none-eabi/lib/thumb/v7e-m+fp/hard/libc.a(lib_a-signal.o)
 .debug_frame   0x0000000000002b60       0x3c /usr/lib/gcc/arm-none-eabi/10.1.0/../../../../arm-none-eabi/lib/thumb/v7e-m+fp/hard/libc.a(lib_a-signalr.o)
 .debug_frame   0x0000000000002b9c       0x8c /usr/lib/gcc/arm-none-eabi/10.1.0/../../../../arm-none-eabi/lib/thumb/v7e-m+fp/hard/libc.a(lib_a-stdio.o)
 .debug_frame   0x0000000000002c28       0x40 /usr/lib/gcc/arm-none-eabi/10.1.0/../../../../arm-none-eabi/lib/thumb/v7e-m+fp/hard/libc.a(lib_a-wbuf.o)
 .debug_frame   0x0000000000002c68       0x64 /usr/lib/gcc/arm-none-eabi/10.1.0/../../../../arm-none-eabi/lib/thumb/v7e-m+fp/hard/libc.a(lib_a-wcrtomb.o)
 .debug_frame   0x0000000000002ccc       0x2c /usr/lib/gcc/arm-none-eabi/10.1.0/../../../../arm-none-eabi/lib/thumb/v7e-m+fp/hard/libc.a(lib_a-writer.o)
 .debug_frame   0x0000000000002cf8       0x2c /usr/lib/gcc/arm-none-eabi/10.1.0/../../../../arm-none-eabi/lib/thumb/v7e-m+fp/hard/libc.a(lib_a-closer.o)
 .debug_frame   0x0000000000002d24       0x3c /usr/lib/gcc/arm-none-eabi/10.1.0/../../../../arm-none-eabi/lib/thumb/v7e-m+fp/hard/libc.a(lib_a-fclose.o)
 .debug_frame   0x0000000000002d60       0x2c /usr/lib/gcc/arm-none-eabi/10.1.0/../../../../arm-none-eabi/lib/thumb/v7e-m+fp/hard/libc.a(lib_a-fstatr.o)
 .debug_frame   0x0000000000002d8c       0x2c /usr/lib/gcc/arm-none-eabi/10.1.0/../../../../arm-none-eabi/lib/thumb/v7e-m+fp/hard/libc.a(lib_a-isattyr.o)
 .debug_frame   0x0000000000002db8       0x2c /usr/lib/gcc/arm-none-eabi/10.1.0/../../../../arm-none-eabi/lib/thumb/v7e-m+fp/hard/libc.a(lib_a-lseekr.o)
 .debug_frame   0x0000000000002de4       0x2c /usr/lib/gcc/arm-none-eabi/10.1.0/../../../../arm-none-eabi/lib/thumb/v7e-m+fp/hard/libc.a(lib_a-readr.o)
 .debug_frame   0x0000000000002e10       0x20 /usr/lib/gcc/arm-none-eabi/10.1.0/../../../../arm-none-eabi/lib/thumb/v7e-m+fp/hard/libnosys.a(close.o)
 .debug_frame   0x0000000000002e30       0x20 /usr/lib/gcc/arm-none-eabi/10.1.0/../../../../arm-none-eabi/lib/thumb/v7e-m+fp/hard/libnosys.a(fstat.o)
 .debug_frame   0x0000000000002e50       0x20 /usr/lib/gcc/arm-none-eabi/10.1.0/../../../../arm-none-eabi/lib/thumb/v7e-m+fp/hard/libnosys.a(getpid.o)
 .debug_frame   0x0000000000002e70       0x20 /usr/lib/gcc/arm-none-eabi/10.1.0/../../../../arm-none-eabi/lib/thumb/v7e-m+fp/hard/libnosys.a(isatty.o)
 .debug_frame   0x0000000000002e90       0x20 /usr/lib/gcc/arm-none-eabi/10.1.0/../../../../arm-none-eabi/lib/thumb/v7e-m+fp/hard/libnosys.a(kill.o)
 .debug_frame   0x0000000000002eb0       0x20 /usr/lib/gcc/arm-none-eabi/10.1.0/../../../../arm-none-eabi/lib/thumb/v7e-m+fp/hard/libnosys.a(lseek.o)
 .debug_frame   0x0000000000002ed0       0x20 /usr/lib/gcc/arm-none-eabi/10.1.0/../../../../arm-none-eabi/lib/thumb/v7e-m+fp/hard/libnosys.a(read.o)
 .debug_frame   0x0000000000002ef0       0x20 /usr/lib/gcc/arm-none-eabi/10.1.0/../../../../arm-none-eabi/lib/thumb/v7e-m+fp/hard/libnosys.a(sbrk.o)
 .debug_frame   0x0000000000002f10       0x20 /usr/lib/gcc/arm-none-eabi/10.1.0/../../../../arm-none-eabi/lib/thumb/v7e-m+fp/hard/libnosys.a(write.o)
 .debug_frame   0x0000000000002f30       0x20 /usr/lib/gcc/arm-none-eabi/10.1.0/../../../../arm-none-eabi/lib/thumb/v7e-m+fp/hard/libnosys.a(_exit.o)
 .debug_frame   0x0000000000002f50       0xac /usr/lib/gcc/arm-none-eabi/10.1.0/thumb/v7e-m+fp/hard/libgcc.a(_arm_addsubdf3.o)
 .debug_frame   0x0000000000002ffc       0x50 /usr/lib/gcc/arm-none-eabi/10.1.0/thumb/v7e-m+fp/hard/libgcc.a(_arm_muldivdf3.o)
 .debug_frame   0x000000000000304c       0xc4 /usr/lib/gcc/arm-none-eabi/10.1.0/thumb/v7e-m+fp/hard/libgcc.a(_arm_cmpdf2.o)
 .debug_frame   0x0000000000003110       0x20 /usr/lib/gcc/arm-none-eabi/10.1.0/thumb/v7e-m+fp/hard/libgcc.a(_arm_unorddf2.o)
 .debug_frame   0x0000000000003130       0x24 /usr/lib/gcc/arm-none-eabi/10.1.0/thumb/v7e-m+fp/hard/libgcc.a(_arm_fixdfsi.o)
 .debug_frame   0x0000000000003154       0x2c /usr/lib/gcc/arm-none-eabi/10.1.0/thumb/v7e-m+fp/hard/libgcc.a(_aeabi_uldivmod.o)
 .debug_frame   0x0000000000003180       0x38 /usr/lib/gcc/arm-none-eabi/10.1.0/thumb/v7e-m+fp/hard/libgcc.a(_udivmoddi4.o)

.stab           0x0000000000000000       0xcc
 .stab          0x0000000000000000       0x24 /usr/lib/gcc/arm-none-eabi/10.1.0/../../../../arm-none-eabi/lib/thumb/v7e-m+fp/hard/libnosys.a(close.o)
 .stab          0x0000000000000024       0x18 /usr/lib/gcc/arm-none-eabi/10.1.0/../../../../arm-none-eabi/lib/thumb/v7e-m+fp/hard/libnosys.a(fstat.o)
                                         0x24 (size before relaxing)
 .stab          0x000000000000003c       0x18 /usr/lib/gcc/arm-none-eabi/10.1.0/../../../../arm-none-eabi/lib/thumb/v7e-m+fp/hard/libnosys.a(getpid.o)
                                         0x24 (size before relaxing)
 .stab          0x0000000000000054       0x18 /usr/lib/gcc/arm-none-eabi/10.1.0/../../../../arm-none-eabi/lib/thumb/v7e-m+fp/hard/libnosys.a(isatty.o)
                                         0x24 (size before relaxing)
 .stab          0x000000000000006c       0x18 /usr/lib/gcc/arm-none-eabi/10.1.0/../../../../arm-none-eabi/lib/thumb/v7e-m+fp/hard/libnosys.a(kill.o)
                                         0x24 (size before relaxing)
 .stab          0x0000000000000084       0x18 /usr/lib/gcc/arm-none-eabi/10.1.0/../../../../arm-none-eabi/lib/thumb/v7e-m+fp/hard/libnosys.a(lseek.o)
                                         0x24 (size before relaxing)